Component: ARM Compiler 5.06 update 6 (build 750) Tool: armlink [4d35ed]

==============================================================================

Section Cross References

    main.o(i.AppTaskCreate) refers to port.o(i.vPortEnterCritical) for vPortEnterCritical
    main.o(i.AppTaskCreate) refers to queue.o(i.xQueueGenericCreate) for xQueueGenericCreate
    main.o(i.AppTaskCreate) refers to tasks.o(i.xTaskCreate) for xTaskCreate
    main.o(i.AppTaskCreate) refers to tasks.o(i.vTaskDelete) for vTaskDelete
    main.o(i.AppTaskCreate) refers to port.o(i.vPortExitCritical) for vPortExitCritical
    main.o(i.AppTaskCreate) refers to main.o(.data) for ComNoticeBinarySem_Handle
    main.o(i.AppTaskCreate) refers to app.o(i.RunPage_Task) for RunPage_Task
    main.o(i.AppTaskCreate) refers to app.o(i.DealData_Task) for DealData_Task
    main.o(i.AppTaskCreate) refers to app.o(i.KeyDeal_Task) for KeyDeal_Task
    main.o(i.AppTaskCreate) refers to app.o(i.ComDeal_Task) for ComDeal_Task
    main.o(i.BSP_Init) refers to rt_memcpy_w.o(.text) for __aeabi_memcpy4
    main.o(i.BSP_Init) refers to delay.o(i.Stm32_Clock_Init) for Stm32_Clock_Init
    main.o(i.BSP_Init) refers to delay.o(i.delay_init) for delay_init
    main.o(i.BSP_Init) refers to cs1237.o(i.Ini_AD) for Ini_AD
    main.o(i.BSP_Init) refers to tm1621.o(i.TM1621_init) for TM1621_init
    main.o(i.BSP_Init) refers to tm1621.o(i.WriteAllData) for WriteAllData
    main.o(i.BSP_Init) refers to rwflash.o(i.readFromFlash) for readFromFlash
    main.o(i.BSP_Init) refers to misc.o(i.NVIC_PriorityGroupConfig) for NVIC_PriorityGroupConfig
    main.o(i.BSP_Init) refers to bsp_dma.o(i.DMA_USART1_TX_Init) for DMA_USART1_TX_Init
    main.o(i.BSP_Init) refers to bsp_dma.o(i.DMA_USART1_RX_Init) for DMA_USART1_RX_Init
    main.o(i.BSP_Init) refers to usart.o(i.USART1_Init) for USART1_Init
    main.o(i.BSP_Init) refers to key.o(i.KeyInit) for KeyInit
    main.o(i.BSP_Init) refers to main.o(.constdata) for .constdata
    main.o(i.BSP_Init) refers to tm1621.o(.bss) for Tab0
    main.o(i.BSP_Init) refers to runparame.o(.bss) for UserData
    main.o(i.BSP_Init) refers to usart.o(.data) for pUsart1Inforemation
    main.o(i.main) refers to main.o(i.BSP_Init) for BSP_Init
    main.o(i.main) refers to tasks.o(i.xTaskCreate) for xTaskCreate
    main.o(i.main) refers to tasks.o(i.vTaskStartScheduler) for vTaskStartScheduler
    main.o(i.main) refers to main.o(.data) for AppTaskCreate_Handle
    main.o(i.main) refers to main.o(i.AppTaskCreate) for AppTaskCreate
    system_stm32f10x.o(i.SetSysClock) refers to system_stm32f10x.o(i.SetSysClockTo36) for SetSysClockTo36
    system_stm32f10x.o(i.SystemCoreClockUpdate) refers to system_stm32f10x.o(.data) for SystemCoreClock
    system_stm32f10x.o(i.SystemInit) refers to system_stm32f10x.o(i.SetSysClock) for SetSysClock
    runpage.o(i.InputNum) refers to runpage.o(.data) for LOperateStep
    runpage.o(i.InputNum) refers to runpage.o(.constdata) for MAXNN
    runpage.o(i.Num_Input) refers to delay.o(i.WT) for WT
    runpage.o(i.Num_Input) refers to tm1621.o(i.DisplayNum) for DisplayNum
    runpage.o(i.Num_Input) refers to fflt_clz.o(x$fpl$fflt) for __aeabi_i2f
    runpage.o(i.Num_Input) refers to fdiv.o(x$fpl$fdiv) for __aeabi_fdiv
    runpage.o(i.Num_Input) refers to fmul.o(x$fpl$fmul) for __aeabi_fmul
    runpage.o(i.Num_Input) refers to ffix.o(x$fpl$ffix) for __aeabi_f2iz
    runpage.o(i.Num_Input) refers to rwflash.o(i.writeToFlash) for writeToFlash
    runpage.o(i.Num_Input) refers to runparame.o(.bss) for RTData
    runpage.o(i.Num_Input) refers to delay.o(.data) for systemTime
    runpage.o(i.Num_Input) refers to runpage.o(.data) for Tms_glint
    runpage.o(i.Num_Input) refers to runpage.o(.constdata) for MAXNN
    runpage.o(i.Num_Input) refers to key.o(.data) for pKey2Information
    app.o(i.ComDeal_Task) refers to queue.o(i.xQueueGenericReceive) for xQueueGenericReceive
    app.o(i.ComDeal_Task) refers to mycomprocess.o(i.modbusDeal) for modbusDeal
    app.o(i.ComDeal_Task) refers to bsp_dma.o(i.DMA_TX_Enable) for DMA_TX_Enable
    app.o(i.ComDeal_Task) refers to tasks.o(i.vTaskDelay) for vTaskDelay
    app.o(i.ComDeal_Task) refers to main.o(.data) for ComNoticeBinarySem_Handle
    app.o(i.ComDeal_Task) refers to usart.o(.data) for pUsart1Inforemation
    app.o(i.DealData_Task) refers to cs1237.o(i.Read_AD) for Read_AD
    app.o(i.DealData_Task) refers to tasks.o(i.vTaskDelay) for vTaskDelay
    app.o(i.KeyDeal_Task) refers to key.o(i.keyStaticDetect) for keyStaticDetect
    app.o(i.KeyDeal_Task) refers to tasks.o(i.vTaskDelay) for vTaskDelay
    app.o(i.KeyDeal_Task) refers to key.o(.data) for pKey1Information
    app.o(i.KeyDeal_Task) refers to delay.o(.data) for systemTime
    app.o(i.RunPage_Task) refers to tm1621.o(i.DisplayNum) for DisplayNum
    app.o(i.RunPage_Task) refers to key.o(i.HowToUseKey) for HowToUseKey
    app.o(i.RunPage_Task) refers to rwflash.o(i.writeToFlash) for writeToFlash
[...]
    dc.s                                     0x00000000   Number         0  dc.o ABSOLUTE
    main.c                                   0x00000000   Number         0  main.o ABSOLUTE
    myComProcess\myComProcess.c              0x00000000   Number         0  mycomprocess.o ABSOLUTE
    stm32f10x_it.c                           0x00000000   Number         0  stm32f10x_it.o ABSOLUTE
    system_stm32f10x.c                       0x00000000   Number         0  system_stm32f10x.o ABSOLUTE
    RESET                                    0x08000000   Section      304  startup_stm32f10x_hd.o(RESET)
    !!!main                                  0x08000130   Section        8  __main.o(!!!main)
    !!!scatter                               0x08000138   Section       52  __scatter.o(!!!scatter)
    !!dczerorl2                              0x0800016c   Section       90  __dczerorl2.o(!!dczerorl2)
    !!handler_zi                             0x080001c8   Section       28  __scatter_zi.o(!!handler_zi)
    .ARM.Collect$$libinit$$00000000          0x080001e4   Section        2  libinit.o(.ARM.Collect$$libinit$$00000000)
    .ARM.Collect$$libinit$$00000002          0x080001e6   Section        0  libinit2.o(.ARM.Collect$$libinit$$00000002)
    .ARM.Collect$$libinit$$00000004          0x080001e6   Section        0  libinit2.o(.ARM.Collect$$libinit$$00000004)
    .ARM.Collect$$libinit$$0000000A          0x080001e6   Section        0  libinit2.o(.ARM.Collect$$libinit$$0000000A)
    .ARM.Collect$$libinit$$0000000C          0x080001e6   Section        0  libinit2.o(.ARM.Collect$$libinit$$0000000C)
    .ARM.Collect$$libinit$$0000000E          0x080001e6   Section        0  libinit2.o(.ARM.Collect$$libinit$$0000000E)
    .ARM.Collect$$libinit$$00000011          0x080001e6   Section        0  libinit2.o(.ARM.Collect$$libinit$$00000011)
    .ARM.Collect$$libinit$$00000013          0x080001e6   Section        0  libinit2.o(.ARM.Collect$$libinit$$00000013)
    .ARM.Collect$$libinit$$00000015          0x080001e6   Section        0  libinit2.o(.ARM.Collect$$libinit$$00000015)
    .ARM.Collect$$libinit$$00000017          0x080001e6   Section        0  libinit2.o(.ARM.Collect$$libinit$$00000017)
    .ARM.Collect$$libinit$$00000019          0x080001e6   Section        0  libinit2.o(.ARM.Collect$$libinit$$00000019)
    .ARM.Collect$$libinit$$0000001B          0x080001e6   Section        0  libinit2.o(.ARM.Collect$$libinit$$0000001B)
    .ARM.Collect$$libinit$$0000001D          0x080001e6   Section        0  libinit2.o(.ARM.Collect$$libinit$$0000001D)
    .ARM.Collect$$libinit$$0000001F          0x080001e6   Section        0  libinit2.o(.ARM.Collect$$libinit$$0000001F)
    .ARM.Collect$$libinit$$00000021          0x080001e6   Section        0  libinit2.o(.ARM.Collect$$libinit$$00000021)
    .ARM.Collect$$libinit$$00000023          0x080001e6   Section        0  libinit2.o(.ARM.Collect$$libinit$$00000023)
    .ARM.Collect$$libinit$$00000025          0x080001e6   Section        0  libinit2.o(.ARM.Collect$$libinit$$00000025)
    .ARM.Collect$$libinit$$0000002C          0x080001e6   Section        0  libinit2.o(.ARM.Collect$$libinit$$0000002C)
    .ARM.Collect$$libinit$$0000002E          0x080001e6   Section        0  libinit2.o(.ARM.Collect$$libinit$$0000002E)
    .ARM.Collect$$libinit$$00000030          0x080001e6   Section        0  libinit2.o(.ARM.Collect$$libinit$$00000030)
    .ARM.Collect$$libinit$$00000032          0x080001e6   Section        0  libinit2.o(.ARM.Collect$$libinit$$00000032)
    .ARM.Collect$$libinit$$00000033          0x080001e6   Section        2  libinit2.o(.ARM.Collect$$libinit$$00000033)
    .ARM.Collect$$libshutdown$$00000000      0x080001e8   Section        2  libshutdown.o(.ARM.Collect$$libshutdown$$00000000)
    .ARM.Collect$$libshutdown$$00000002      0x080001ea   Section        0  libshutdown2.o(.ARM.Collect$$libshutdown$$00000002)
    .ARM.Collect$$libshutdown$$00000004      0x080001ea   Section        0  libshutdown2.o(.ARM.Collect$$libshutdown$$00000004)
    .ARM.Collect$$libshutdown$$00000007      0x080001ea   Section        0  libshutdown2.o(.ARM.Collect$$libshutdown$$00000007)
    .ARM.Collect$$libshutdown$$0000000A      0x080001ea   Section        0  libshutdown2.o(.ARM.Collect$$libshutdown$$0000000A)
    .ARM.Collect$$libshutdown$$0000000C      0x080001ea   Section        0  libshutdown2.o(.ARM.Collect$$libshutdown$$0000000C)
    .ARM.Collect$$libshutdown$$0000000F      0x080001ea   Section        0  libshutdown2.o(.ARM.Collect$$libshutdown$$0000000F)
    .ARM.Collect$$libshutdown$$00000010      0x080001ea   Section        2  libshutdown2.o(.ARM.Collect$$libshutdown$$00000010)
    .ARM.Collect$$rtentry$$00000000          0x080001ec   Section        0  __rtentry.o(.ARM.Collect$$rtentry$$00000000)
    .ARM.Collect$$rtentry$$00000002          0x080001ec   Section        0  __rtentry2.o(.ARM.Collect$$rtentry$$00000002)
    .ARM.Collect$$rtentry$$00000004          0x080001ec   Section        6  __rtentry4.o(.ARM.Collect$$rtentry$$00000004)
    .ARM.Collect$$rtentry$$00000009          0x080001f2   Section        0  __rtentry2.o(.ARM.Collect$$rtentry$$00000009)
    .ARM.Collect$$rtentry$$0000000A          0x080001f2   Section        4  __rtentry2.o(.ARM.Collect$$rtentry$$0000000A)
    .ARM.Collect$$rtentry$$0000000C          0x080001f6   Section        0  __rtentry2.o(.ARM.Collect$$rtentry$$0000000C)
    .ARM.Collect$$rtentry$$0000000D          0x080001f6   Section        8  __rtentry2.o(.ARM.Collect$$rtentry$$0000000D)
    .ARM.Collect$$rtexit$$00000000           0x080001fe   Section        2  rtexit.o(.ARM.Collect$$rtexit$$00000000)
    .ARM.Collect$$rtexit$$00000002           0x08000200   Section        0  rtexit2.o(.ARM.Collect$$rtexit$$00000002)
    .ARM.Collect$$rtexit$$00000003           0x08000200   Section        4  rtexit2.o(.ARM.Collect$$rtexit$$00000003)
    .ARM.Collect$$rtexit$$00000004           0x08000204   Section        6  rtexit2.o(.ARM.Collect$$rtexit$$00000004)
    .emb_text                                0x0800020c   Section      150  port.o(.emb_text)
    .text                                    0x080002a4   Section       64  startup_stm32f10x_hd.o(.text)
    .text                                    0x080002e4   Section      138  rt_memcpy_v6.o(.text)
    .text                                    0x0800036e   Section      100  rt_memcpy_w.o(.text)
    .text                                    0x080003d2   Section        0  heapauxi.o(.text)
    .text                                    0x080003d8   Section       74  sys_stackheap_outer.o(.text)
    .text                                    0x08000422   Section        0  exit.o(.text)
    .text                                    0x08000434   Section        8  libspace.o(.text)
    .text                                    0x0800043c   Section        0  sys_exit.o(.text)
    .text                                    0x08000448   Section        2  use_no_semi.o(.text)
    .text                                    0x0800044a   Section        0  indicate_semi.o(.text)
    i.AppTaskCreate                          0x0800044c   Section        0  main.o(i.AppTaskCreate)
    AppTaskCreate                            0x0800044d   Thumb Code   130  main.o(i.AppTaskCreate)
    i.BKP_ITConfig                           0x08000538   Section        0  stm32f10x_bkp.o(i.BKP_ITConfig)
    i.BKP_TamperPinCmd                       0x08000544   Section        0  stm32f10x_bkp.o(i.BKP_TamperPinCmd)
    i.BSP_Init                               0x08000550   Section        0  main.o(i.BSP_Init)
    i.BusFault_Handler                       0x080005d4   Section        0  stm32f10x_it.o(i.BusFault_Handler)
    i.CRC16_MODBUS                           0x080005d8   Section        0  mycomprocess.o(i.CRC16_MODBUS)
    i.ComDeal_Task                           0x08000654   Section        0  app.o(i.ComDeal_Task)
    i.DMA1_Channel4_IRQHandler               0x08000688   Section        0  bsp_dma.o(i.DMA1_Channel4_IRQHandler)
    i.DMA1_Channel5_IRQHandler               0x0800069e   Section        0  bsp_dma.o(i.DMA1_Channel5_IRQHandler)
    i.DMA_ClearFlag                          0x080006b4   Section        0  stm32f10x_dma.o(i.DMA_ClearFlag)
    i.DMA_ClearITPendingBit                  0x080006d0   Section        0  stm32f10x_dma.o(i.DMA_ClearITPendingBit)
    i.DMA_Cmd                                0x080006ec   Section        0  stm32f10x_dma.o(i.DMA_Cmd)
    i.DMA_DeInit                             0x08000704   Section        0  stm32f10x_dma.o(i.DMA_DeInit)
    i.DMA_GetCurrDataCounter                 0x08000850   Section        0  stm32f10x_dma.o(i.DMA_GetCurrDataCounter)
    i.DMA_GetITStatus                        0x08000858   Section        0  stm32f10x_dma.o(i.DMA_GetITStatus)
    i.DMA_ITConfig                           0x08000884   Section        0  stm32f10x_dma.o(i.DMA_ITConfig)
    i.DMA_Init                               0x08000896   Section        0  stm32f10x_dma.o(i.DMA_Init)
    i.DMA_RX_Enable                          0x080008d2   Section        0  bsp_dma.o(i.DMA_RX_Enable)
    i.DMA_SetCurrDataCounter                 0x080008f2   Section        0  stm32f10x_dma.o(i.DMA_SetCurrDataCounter)
    i.DMA_TX_Enable                          0x080008f6   Section        0  bsp_dma.o(i.DMA_TX_Enable)
    i.DMA_USART1_RX_Init                     0x08000910   Section        0  bsp_dma.o(i.DMA_USART1_RX_Init)
    i.DMA_USART1_TX_Init                     0x08000998   Section        0  bsp_dma.o(i.DMA_USART1_TX_Init)
    i.DealData_Task                          0x08000a44   Section        0  app.o(i.DealData_Task)
    i.DebugMon_Handler                       0x08000a52   Section        0  stm32f10x_it.o(i.DebugMon_Handler)
    i.Delayus                                0x08000a54   Section        0  cs1237.o(i.Delayus)
    i.Display1621                            0x08000a74   Section        0  tm1621.o(i.Display1621)
    i.DisplayNum                             0x08000bf8   Section        0  tm1621.o(i.DisplayNum)
    i.FLASH_ClearFlag                        0x08000cec   Section        0  stm32f10x_flash.o(i.FLASH_ClearFlag)
    i.FLASH_ErasePage                        0x08000cf8   Section        0  stm32f10x_flash.o(i.FLASH_ErasePage)
    i.FLASH_GetBank1Status                   0x08000d44   Section        0  stm32f10x_flash.o(i.FLASH_GetBank1Status)
    i.FLASH_Lock                             0x08000d78   Section        0  stm32f10x_flash.o(i.FLASH_Lock)
    i.FLASH_ProgramWord                      0x08000d8c   Section        0  stm32f10x_flash.o(i.FLASH_ProgramWord)
    i.FLASH_Unlock                           0x08000df8   Section        0  stm32f10x_flash.o(i.FLASH_Unlock)
    i.FLASH_WaitForLastOperation             0x08000e10   Section        0  stm32f10x_flash.o(i.FLASH_WaitForLastOperation)
    i.GPIO_Init                              0x08000e36   Section        0  stm32f10x_gpio.o(i.GPIO_Init)
    i.GPIO_PinRemapConfig                    0x08000f4c   Section        0  stm32f10x_gpio.o(i.GPIO_PinRemapConfig)
    i.GPIO_ReadInputDataBit                  0x08000fdc   Section        0  stm32f10x_gpio.o(i.GPIO_ReadInputDataBit)
    i.GPIO_ResetBits                         0x08000fee   Section        0  stm32f10x_gpio.o(i.GPIO_ResetBits)
    i.GPIO_SetBits                           0x08000ff2   Section        0  stm32f10x_gpio.o(i.GPIO_SetBits)
    i.HardFault_Handler                      0x08000ff6   Section        0  stm32f10x_it.o(i.HardFault_Handler)
    i.HowToUseKey                            0x08000ffa   Section        0  key.o(i.HowToUseKey)
    i.Ini_AD                                 0x08001090   Section        0  cs1237.o(i.Ini_AD)
    i.InvertUint16                           0x08001224   Section        0  mycomprocess.o(i.InvertUint16)
    i.InvertUint8                            0x0800125e   Section        0  mycomprocess.o(i.InvertUint8)
    i.KeyDeal_Task                           0x08001298   Section        0  app.o(i.KeyDeal_Task)
    i.KeyInit                                0x080012d4   Section        0  key.o(i.KeyInit)
    i.MYRCC_DeInit                           0x08001300   Section        0  sys.o(i.MYRCC_DeInit)
    i.MY_NVIC_SetVectorTable                 0x08001368   Section        0  sys.o(i.MY_NVIC_SetVectorTable)
    i.MemManage_Handler                      0x0800137c   Section        0  stm32f10x_it.o(i.MemManage_Handler)
    i.NMI_Handler                            0x08001380   Section        0  stm32f10x_it.o(i.NMI_Handler)
    i.NVIC_Init                              0x08001384   Section        0  misc.o(i.NVIC_Init)
    i.NVIC_PriorityGroupConfig               0x080013f4   Section        0  misc.o(i.NVIC_PriorityGroupConfig)
    i.Num_Input                              0x08001408   Section        0  runpage.o(i.Num_Input)
    i.PWR_BackupAccessCmd                    0x08001768   Section        0  stm32f10x_pwr.o(i.PWR_BackupAccessCmd)
    i.RCC_AHBPeriphClockCmd                  0x08001774   Section        0  stm32f10x_rcc.o(i.RCC_AHBPeriphClockCmd)
    i.RCC_APB2PeriphClockCmd                 0x08001794   Section        0  stm32f10x_rcc.o(i.RCC_APB2PeriphClockCmd)
    i.RCC_GetClocksFreq                      0x080017b4   Section        0  stm32f10x_rcc.o(i.RCC_GetClocksFreq)
    i.RCC_LSEConfig                          0x08001888   Section        0  stm32f10x_rcc.o(i.RCC_LSEConfig)
    i.Read_AD                                0x080018bc   Section        0  cs1237.o(i.Read_AD)
    i.RunPage_Task                           0x08001a74   Section        0  app.o(i.RunPage_Task)
    i.SetSysClock                            0x08001ba4   Section        0  system_stm32f10x.o(i.SetSysClock)
    SetSysClock                              0x08001ba5   Thumb Code     8  system_stm32f10x.o(i.SetSysClock)
    i.SetSysClockTo36                        0x08001bac   Section        0  system_stm32f10x.o(i.SetSysClockTo36)
    SetSysClockTo36                          0x08001bad   Thumb Code   210  system_stm32f10x.o(i.SetSysClockTo36)
    i.Stm32_Clock_Init                       0x08001c88   Section        0  delay.o(i.Stm32_Clock_Init)
    i.SysTick_Handler                        0x08001d0c   Section        0  delay.o(i.SysTick_Handler)
    i.SystemInit                             0x08001d2c   Section        0  system_stm32f10x.o(i.SystemInit)
    i.TM1621_Gpio_Init                       0x08001d8c   Section        0  tm1621.o(i.TM1621_Gpio_Init)
    i.TM1621_init                            0x08001e2c   Section        0  tm1621.o(i.TM1621_init)
    i.USART1_IRQHandler                      0x08001e7c   Section        0  usart.o(i.USART1_IRQHandler)
    i.USART1_Init                            0x08001f00   Section        0  usart.o(i.USART1_Init)
    i.USART_Cmd                              0x08002010   Section        0  stm32f10x_usart.o(i.USART_Cmd)
    i.USART_DMACmd                           0x08002028   Section        0  stm32f10x_usart.o(i.USART_DMACmd)
    i.USART_GetITStatus                      0x0800203a   Section        0  stm32f10x_usart.o(i.USART_GetITStatus)
    i.USART_ITConfig                         0x0800208e   Section        0  stm32f10x_usart.o(i.USART_ITConfig)
    i.USART_Init                             0x080020d8   Section        0  stm32f10x_usart.o(i.USART_Init)
    i.UsageFault_Handler                     0x080021b0   Section        0  stm32f10x_it.o(i.UsageFault_Handler)
    i.WT                                     0x080021b4   Section        0  delay.o(i.WT)
    i.WriteAllData                           0x080021dc   Section        0  tm1621.o(i.WriteAllData)
    i.WriteCmd                               0x08002220   Section        0  tm1621.o(i.WriteCmd)
    i.WriteOneData                           0x08002250   Section        0  tm1621.o(i.WriteOneData)
    i.Write_Data_H                           0x0800228c   Section        0  tm1621.o(i.Write_Data_H)
    i.Write_Data_L                           0x080022dc   Section        0  tm1621.o(i.Write_Data_L)
    i.adGPIOInit                             0x08002328   Section        0  cs1237.o(i.adGPIOInit)
    adGPIOInit                               0x08002329   Thumb Code    62  cs1237.o(i.adGPIOInit)
    i.adIn                                   0x0800236c   Section        0  cs1237.o(i.adIn)
    adIn                                     0x0800236d   Thumb Code    24  cs1237.o(i.adIn)
    i.adOut                                  0x08002388   Section        0  cs1237.o(i.adOut)
    adOut                                    0x08002389   Thumb Code    24  cs1237.o(i.adOut)
    i.delay_init                             0x080023a4   Section        0  delay.o(i.delay_init)
    i.delay_ms                               0x080023d4   Section        0  delay.o(i.delay_ms)
    i.delay_nms                              0x08002404   Section        0  tm1621.o(i.delay_nms)
    i.delay_us                               0x0800241e   Section        0  delay.o(i.delay_us)
    i.keyStaticDetect                        0x0800244c   Section        0  key.o(i.keyStaticDetect)
    i.main                                   0x080024fc   Section        0  main.o(i.main)
    i.modbusDeal                             0x08002548   Section        0  mycomprocess.o(i.modbusDeal)
    i.prvAddCurrentTaskToDelayedList         0x080025b8   Section        0  tasks.o(i.prvAddCurrentTaskToDelayedList)
    prvAddCurrentTaskToDelayedList           0x080025b9   Thumb Code   124  tasks.o(i.prvAddCurrentTaskToDelayedList)
    i.prvAddNewTaskToReadyList               0x08002650   Section        0  tasks.o(i.prvAddNewTaskToReadyList)
    prvAddNewTaskToReadyList                 0x08002651   Thumb Code   150  tasks.o(i.prvAddNewTaskToReadyList)
    i.prvCheckTasksWaitingTermination        0x08002704   Section        0  tasks.o(i.prvCheckTasksWaitingTermination)
    prvCheckTasksWaitingTermination          0x08002705   Thumb Code    86  tasks.o(i.prvCheckTasksWaitingTermination)
    i.prvCopyDataFromQueue                   0x08002768   Section        0  queue.o(i.prvCopyDataFromQueue)
    prvCopyDataFromQueue                     0x08002769   Thumb Code    42  queue.o(i.prvCopyDataFromQueue)
    i.prvCopyDataToQueue                     0x08002792   Section        0  queue.o(i.prvCopyDataToQueue)
    prvCopyDataToQueue                       0x08002793   Thumb Code   106  queue.o(i.prvCopyDataToQueue)
    i.prvDeleteTCB                           0x080027fc   Section        0  tasks.o(i.prvDeleteTCB)
    prvDeleteTCB                             0x080027fd   Thumb Code    18  tasks.o(i.prvDeleteTCB)
    i.prvHeapInit                            0x08002810   Section        0  heap_4.o(i.prvHeapInit)
    prvHeapInit                              0x08002811   Thumb Code    98  heap_4.o(i.prvHeapInit)
    i.prvIdleTask                            0x0800288c   Section        0  tasks.o(i.prvIdleTask)
    prvIdleTask                              0x0800288d   Thumb Code    32  tasks.o(i.prvIdleTask)
    i.prvInitialiseNewQueue                  0x080028b4   Section        0  queue.o(i.prvInitialiseNewQueue)
    prvInitialiseNewQueue                    0x080028b5   Thumb Code    38  queue.o(i.prvInitialiseNewQueue)
    i.prvInitialiseNewTask                   0x080028da   Section        0  tasks.o(i.prvInitialiseNewTask)
    prvInitialiseNewTask                     0x080028db   Thumb Code   128  tasks.o(i.prvInitialiseNewTask)
    i.prvInitialiseTaskLists                 0x0800295c   Section        0  tasks.o(i.prvInitialiseTaskLists)
    prvInitialiseTaskLists                   0x0800295d   Thumb Code    70  tasks.o(i.prvInitialiseTaskLists)
    i.prvInsertBlockIntoFreeList             0x080029c4   Section        0  heap_4.o(i.prvInsertBlockIntoFreeList)
    prvInsertBlockIntoFreeList               0x080029c5   Thumb Code    96  heap_4.o(i.prvInsertBlockIntoFreeList)
    i.prvIsQueueEmpty                        0x08002a2c   Section        0  queue.o(i.prvIsQueueEmpty)
    prvIsQueueEmpty                          0x08002a2d   Thumb Code    26  queue.o(i.prvIsQueueEmpty)
    i.prvIsQueueFull                         0x08002a46   Section        0  queue.o(i.prvIsQueueFull)
    prvIsQueueFull                           0x08002a47   Thumb Code    30  queue.o(i.prvIsQueueFull)
    i.prvResetNextTaskUnblockTime            0x08002a64   Section        0  tasks.o(i.prvResetNextTaskUnblockTime)
    prvResetNextTaskUnblockTime              0x08002a65   Thumb Code    42  tasks.o(i.prvResetNextTaskUnblockTime)
    i.prvTaskExitError                       0x08002a98   Section        0  port.o(i.prvTaskExitError)
    prvTaskExitError                         0x08002a99   Thumb Code    22  port.o(i.prvTaskExitError)
    i.prvUnlockQueue                         0x08002aae   Section        0  queue.o(i.prvUnlockQueue)
    prvUnlockQueue                           0x08002aaf   Thumb Code   126  queue.o(i.prvUnlockQueue)
    i.pvPortMalloc                           0x08002b2c   Section        0  heap_4.o(i.pvPortMalloc)
    i.pxPortInitialiseStack                  0x08002bfc   Section        0  port.o(i.pxPortInitialiseStack)
    i.readFromFlash                          0x08002c20   Section        0  rwflash.o(i.readFromFlash)
    i.uxListRemove                           0x08002cf0   Section        0  list.o(i.uxListRemove)
    i.vListInitialise                        0x08002d18   Section        0  list.o(i.vListInitialise)
    i.vListInitialiseItem                    0x08002d32   Section        0  list.o(i.vListInitialiseItem)
    i.vListInsert                            0x08002d38   Section        0  list.o(i.vListInsert)
    i.vListInsertEnd                         0x08002d6c   Section        0  list.o(i.vListInsertEnd)
    i.vPortEnterCritical                     0x08002d84   Section        0  port.o(i.vPortEnterCritical)
    i.vPortExitCritical                      0x08002da8   Section        0  port.o(i.vPortExitCritical)
    i.vPortFree                              0x08002dc8   Section        0  heap_4.o(i.vPortFree)
    i.vPortSetupTimerInterrupt               0x08002e10   Section        0  port.o(i.vPortSetupTimerInterrupt)
    i.vTaskDelay                             0x08002e30   Section        0  tasks.o(i.vTaskDelay)
    i.vTaskDelete                            0x08002e64   Section        0  tasks.o(i.vTaskDelete)
    i.vTaskMissedYield                       0x08002f30   Section        0  tasks.o(i.vTaskMissedYield)
    i.vTaskPlaceOnEventList                  0x08002f3c   Section        0  tasks.o(i.vTaskPlaceOnEventList)
    i.vTaskSetTimeOutState                   0x08002f5c   Section        0  tasks.o(i.vTaskSetTimeOutState)
    i.vTaskStartScheduler                    0x08002f74   Section        0  tasks.o(i.vTaskStartScheduler)
    i.vTaskSuspendAll                        0x08002fd8   Section        0  tasks.o(i.vTaskSuspendAll)
    i.vTaskSwitchContext                     0x08002fe8   Section        0  tasks.o(i.vTaskSwitchContext)
    i.whichKeyInput                          0x08003048   Section        0  key.o(i.whichKeyInput)
    whichKeyInput                            0x08003049   Thumb Code    38  key.o(i.whichKeyInput)
    i.writeToFlash                           0x08003074   Section        0  rwflash.o(i.writeToFlash)
    i.xPortStartScheduler                    0x0800312c   Section        0  port.o(i.xPortStartScheduler)
    i.xPortSysTickHandler                    0x08003160   Section        0  port.o(i.xPortSysTickHandler)
    i.xQueueGenericCreate                    0x08003194   Section        0  queue.o(i.xQueueGenericCreate)
    i.xQueueGenericReceive                   0x080031cc   Section        0  queue.o(i.xQueueGenericReceive)
    i.xQueueGenericReset                     0x08003308   Section        0  queue.o(i.xQueueGenericReset)
    i.xQueueGenericSend                      0x08003388   Section        0  queue.o(i.xQueueGenericSend)
    i.xTaskCheckForTimeOut                   0x080034a0   Section        0  tasks.o(i.xTaskCheckForTimeOut)
    i.xTaskCreate                            0x080034fc   Section        0  tasks.o(i.xTaskCreate)
    i.xTaskGetSchedulerState                 0x0800355c   Section        0  tasks.o(i.xTaskGetSchedulerState)
    i.xTaskIncrementTick                     0x0800357c   Section        0  tasks.o(i.xTaskIncrementTick)
    i.xTaskRemoveFromEventList               0x08003698   Section        0  tasks.o(i.xTaskRemoveFromEventList)
    i.xTaskResumeAll                         0x08003718   Section        0  tasks.o(i.xTaskResumeAll)
    x$fpl$fdiv                               0x08003800   Section      388  fdiv.o(x$fpl$fdiv)
    _fdiv1                                   0x08003801   Thumb Code     0  fdiv.o(x$fpl$fdiv)
    x$fpl$ffix                               0x08003984   Section       54  ffix.o(x$fpl$ffix)
    x$fpl$fflt                               0x080039bc   Section       48  fflt_clz.o(x$fpl$fflt)
    x$fpl$fmul                               0x080039ec   Section      258  fmul.o(x$fpl$fmul)
    x$fpl$fnaninf                            0x08003aee   Section      140  fnaninf.o(x$fpl$fnaninf)
    x$fpl$fretinf                            0x08003b7a   Section       10  fretinf.o(x$fpl$fretinf)
    .constdata                               0x08003b84   Section       28  main.o(.constdata)
    x$fpl$usenofp                            0x08003b84   Section        0  usenofp.o(x$fpl$usenofp)
    .constdata                               0x08003ba0   Section     2000  runparame.o(.constdata)
    .constdata                               0x08004370   Section       40  runpage.o(.constdata)
    .data                                    0x20000000   Section       28  main.o(.data)
    AppTaskCreate_Handle                     0x20000000   Data           4  main.o(.data)
    RunPage_Task_Handle                      0x20000004   Data           4  main.o(.data)
    DealData_Task_Handle                     0x20000008   Data           4  main.o(.data)
    KeyDeal_Task_Handle                      0x2000000c   Data           4  main.o(.data)
    ComDeal_Task_Handle                      0x20000010   Data           4  main.o(.data)
    .data                                    0x2000001c   Section       20  system_stm32f10x.o(.data)
    .data                                    0x20000030   Section       36  runpage.o(.data)
    Tms_glint                                0x2000003c   Data           4  runpage.o(.data)
    Tms_Num                                  0x20000040   Data           4  runpage.o(.data)
    LChangeNum                               0x20000044   Data           4  runpage.o(.data)
    LOperateStep                             0x20000048   Data           4  runpage.o(.data)
    cwCursor                                 0x2000004c   Data           1  runpage.o(.data)
    cwCursorNum                              0x2000004d   Data           1  runpage.o(.data)
    cwDataLen                                0x2000004e   Data           1  runpage.o(.data)
    cwDataMultiple                           0x20000050   Data           4  runpage.o(.data)
    .data                                    0x20000054   Section       90  tm1621.o(.data)
    .data                                    0x200000b0   Section       24  cs1237.o(.data)
    x_last                                   0x200000b8   Data           8  cs1237.o(.data)
    p_last                                   0x200000c0   Data           8  cs1237.o(.data)
    .data                                    0x200000c8   Section       32  key.o(.data)
    .data                                    0x200000e8   Section       56  usart.o(.data)
    .data                                    0x20000120   Section        8  delay.o(.data)
    .data                                    0x20000128   Section       20  stm32f10x_rcc.o(.data)
    APBAHBPrescTable                         0x20000128   Data          16  stm32f10x_rcc.o(.data)
    ADCPrescTable                            0x20000138   Data           4  stm32f10x_rcc.o(.data)
    .data                                    0x2000013c   Section       60  tasks.o(.data)
    pxDelayedTaskList                        0x20000140   Data           4  tasks.o(.data)
    pxOverflowDelayedTaskList                0x20000144   Data           4  tasks.o(.data)
    uxDeletedTasksWaitingCleanUp             0x20000148   Data           4  tasks.o(.data)
    uxCurrentNumberOfTasks                   0x2000014c   Data           4  tasks.o(.data)
    xTickCount                               0x20000150   Data           4  tasks.o(.data)
    uxTopReadyPriority                       0x20000154   Data           4  tasks.o(.data)
    xSchedulerRunning                        0x20000158   Data           4  tasks.o(.data)
    uxPendedTicks                            0x2000015c   Data           4  tasks.o(.data)
    xYieldPending                            0x20000160   Data           4  tasks.o(.data)
    xNumOfOverflows                          0x20000164   Data           4  tasks.o(.data)
    uxTaskNumber                             0x20000168   Data           4  tasks.o(.data)
    xNextTaskUnblockTime                     0x2000016c   Data           4  tasks.o(.data)
    xIdleTaskHandle                          0x20000170   Data           4  tasks.o(.data)
    uxSchedulerSuspended                     0x20000174   Data           4  tasks.o(.data)
    .data                                    0x20000178   Section       24  heap_4.o(.data)
    xStart                                   0x20000178   Data           8  heap_4.o(.data)
    pxEnd                                    0x20000180   Data           4  heap_4.o(.data)
    xFreeBytesRemaining                      0x20000184   Data           4  heap_4.o(.data)
    xMinimumEverFreeBytesRemaining           0x20000188   Data           4  heap_4.o(.data)
    xBlockAllocatedBit                       0x2000018c   Data           4  heap_4.o(.data)
    .data                                    0x20000190   Section        4  port.o(.data)
    uxCriticalNesting                        0x20000190   Data           4  port.o(.data)
    .bss                                     0x20000194   Section      400  runparame.o(.bss)
    .bss                                     0x20000324   Section       50  tm1621.o(.bss)
    .bss                                     0x20000358   Section      240  cs1237.o(.bss)
    .bss                                     0x20000448   Section      740  tasks.o(.bss)
    pxReadyTasksLists                        0x20000448   Data         640  tasks.o(.bss)
    xDelayedTaskList1                        0x200006c8   Data          20  tasks.o(.bss)
    xDelayedTaskList2                        0x200006dc   Data          20  tasks.o(.bss)
    xPendingReadyList                        0x200006f0   Data          20  tasks.o(.bss)
    xTasksWaitingTermination                 0x20000704   Data          20  tasks.o(.bss)
    xSuspendedTaskList                       0x20000718   Data          20  tasks.o(.bss)
    .bss                                     0x2000072c   Section    16384  heap_4.o(.bss)
    ucHeap                                   0x2000072c   Data       16384  heap_4.o(.bss)
    .bss                                     0x2000472c   Section       96  libspace.o(.bss)
    HEAP                                     0x20004790   Section      512  startup_stm32f10x_hd.o(HEAP)
    Heap_Mem                                 0x20004790   Data         512  startup_stm32f10x_hd.o(HEAP)
    STACK                                    0x20004990   Section     1024  startup_stm32f10x_hd.o(STACK)
    Stack_Mem                                0x20004990   Data        1024  startup_stm32f10x_hd.o(STACK)
    __initial_sp                             0x20004d90   Data           0  startup_stm32f10x_hd.o(STACK)

    Global Symbols

    Symbol Name                              Value     Ov Type        Size  Object(Section)

    BuildAttributes$$THM_ISAv4$P$D$K$B$S$PE$A:L22UL41UL21$X:L11$S22US41US21$IEEE1$IW$USESV6$~STKCKD$USESV7$~SHL$OSPACE$ROPI$EBA8$UX$STANDARDLIB$REQ8$PRES8$EABIv2 0x00000000   Number         0  anon$$obj.o ABSOLUTE
    __ARM_use_no_argv                        0x00000000   Number         0  main.o ABSOLUTE
    __ARM_exceptions_init                     - Undefined Weak Reference
    __alloca_initialize                       - Undefined Weak Reference
    __arm_preinit_                            - Undefined Weak Reference
    __cpp_initialize__aeabi_                  - Undefined Weak Reference
    __cxa_finalize                            - Undefined Weak Reference
    __rt_locale                               - Undefined Weak Reference
    __sigvec_lookup                           - Undefined Weak Reference
    _atexit_init                              - Undefined Weak Reference
    _call_atexit_fns                          - Undefined Weak Reference
    _clock_init                               - Undefined Weak Reference
    _fp_trap_init                             - Undefined Weak Reference
    _fp_trap_shutdown                         - Undefined Weak Reference
    _get_lc_collate                           - Undefined Weak Reference
    _get_lc_ctype                             - Undefined Weak Reference
    _get_lc_monetary                          - Undefined Weak Reference
    _get_lc_numeric                           - Undefined Weak Reference
    _get_lc_time                              - Undefined Weak Reference
    _getenv_init                              - Undefined Weak Reference
    _handle_redirection                       - Undefined Weak Reference
    _init_alloc                               - Undefined Weak Reference
    _init_user_alloc                          - Undefined Weak Reference
    _initio                                   - Undefined Weak Reference
    _rand_init                                - Undefined Weak Reference
    _signal_finish                            - Undefined Weak Reference
    _signal_init                              - Undefined Weak Reference
    _terminate_alloc                          - Undefined Weak Reference
    _terminate_user_alloc                     - Undefined Weak Reference
    _terminateio                              - Undefined Weak Reference
    __Vectors_Size                           0x00000130   Number         0  startup_stm32f10x_hd.o ABSOLUTE
    __Vectors                                0x08000000   Data           4  startup_stm32f10x_hd.o(RESET)
    __Vectors_End                            0x08000130   Data           0  startup_stm32f10x_hd.o(RESET)
    __main                                   0x08000131   Thumb Code     8  __main.o(!!!main)
    __scatterload                            0x08000139   Thumb Code     0  __scatter.o(!!!scatter)
    __scatterload_rt2                        0x08000139   Thumb Code    44  __scatter.o(!!!scatter)
    __scatterload_rt2_thumb_only             0x08000139   Thumb Code     0  __scatter.o(!!!scatter)
    __scatterload_null                       0x08000147   Thumb Code     0  __scatter.o(!!!scatter)
    __decompress                             0x0800016d   Thumb Code    90  __dczerorl2.o(!!dczerorl2)
    __decompress1                            0x0800016d   Thumb Code     0  __dczerorl2.o(!!dczerorl2)
    __scatterload_zeroinit                   0x080001c9   Thumb Code    28  __scatter_zi.o(!!handler_zi)
    __rt_lib_init                            0x080001e5   Thumb Code     0  libinit.o(.ARM.Collect$$libinit$$00000000)
    __rt_lib_init_alloca_1                   0x080001e7   Thumb Code     0  libinit2.o(.ARM.Collect$$libinit$$0000002E)
    __rt_lib_init_argv_1                     0x080001e7   Thumb Code     0  libinit2.o(.ARM.Collect$$libinit$$0000002C)
    __rt_lib_init_atexit_1                   0x080001e7   Thumb Code     0  libinit2.o(.ARM.Collect$$libinit$$0000001B)
    __rt_lib_init_clock_1                    0x080001e7   Thumb Code     0  libinit2.o(.ARM.Collect$$libinit$$00000021)
    __rt_lib_init_cpp_1                      0x080001e7   Thumb Code     0  libinit2.o(.ARM.Collect$$libinit$$00000032)
    __rt_lib_init_exceptions_1               0x080001e7   Thumb Code     0  libinit2.o(.ARM.Collect$$libinit$$00000030)
    __rt_lib_init_fp_1                       0x080001e7   Thumb Code     0  libinit2.o(.ARM.Collect$$libinit$$00000002)
    __rt_lib_init_fp_trap_1                  0x080001e7   Thumb Code     0  libinit2.o(.ARM.Collect$$libinit$$0000001F)
    __rt_lib_init_getenv_1                   0x080001e7   Thumb Code     0  libinit2.o(.ARM.Collect$$libinit$$00000023)
    __rt_lib_init_heap_1                     0x080001e7   Thumb Code     0  libinit2.o(.ARM.Collect$$libinit$$0000000A)
    __rt_lib_init_lc_collate_1               0x080001e7   Thumb Code     0  libinit2.o(.ARM.Collect$$libinit$$00000011)
    __rt_lib_init_lc_ctype_1                 0x080001e7   Thumb Code     0  libinit2.o(.ARM.Collect$$libinit$$00000013)
    __rt_lib_init_lc_monetary_1              0x080001e7   Thumb Code     0  libinit2.o(.ARM.Collect$$libinit$$00000015)
    __rt_lib_init_lc_numeric_1               0x080001e7   Thumb Code     0  libinit2.o(.ARM.Collect$$libinit$$00000017)
    __rt_lib_init_lc_time_1                  0x080001e7   Thumb Code     0  libinit2.o(.ARM.Collect$$libinit$$00000019)
    __rt_lib_init_preinit_1                  0x080001e7   Thumb Code     0  libinit2.o(.ARM.Collect$$libinit$$00000004)
    __rt_lib_init_rand_1                     0x080001e7   Thumb Code     0  libinit2.o(.ARM.Collect$$libinit$$0000000E)
    __rt_lib_init_return                     0x080001e7   Thumb Code     0  libinit2.o(.ARM.Collect$$libinit$$00000033)
    __rt_lib_init_signal_1                   0x080001e7   Thumb Code     0  libinit2.o(.ARM.Collect$$libinit$$0000001D)
    __rt_lib_init_stdio_1                    0x080001e7   Thumb Code     0  libinit2.o(.ARM.Collect$$libinit$$00000025)
    __rt_lib_init_user_alloc_1               0x080001e7   Thumb Code     0  libinit2.o(.ARM.Collect$$libinit$$0000000C)
    __rt_lib_shutdown                        0x080001e9   Thumb Code     0  libshutdown.o(.ARM.Collect$$libshutdown$$00000000)
    __rt_lib_shutdown_cpp_1                  0x080001eb   Thumb Code     0  libshutdown2.o(.ARM.Collect$$libshutdown$$00000002)
    __rt_lib_shutdown_fp_trap_1              0x080001eb   Thumb Code     0  libshutdown2.o(.ARM.Collect$$libshutdown$$00000007)
    __rt_lib_shutdown_heap_1                 0x080001eb   Thumb Code     0  libshutdown2.o(.ARM.Collect$$libshutdown$$0000000F)
    __rt_lib_shutdown_return                 0x080001eb   Thumb Code     0  libshutdown2.o(.ARM.Collect$$libshutdown$$00000010)
    __rt_lib_shutdown_signal_1               0x080001eb   Thumb Code     0  libshutdown2.o(.ARM.Collect$$libshutdown$$0000000A)
    __rt_lib_shutdown_stdio_1                0x080001eb   Thumb Code     0  libshutdown2.o(.ARM.Collect$$libshutdown$$00000004)
    __rt_lib_shutdown_user_alloc_1           0x080001eb   Thumb Code     0  libshutdown2.o(.ARM.Collect$$libshutdown$$0000000C)
    __rt_entry                               0x080001ed   Thumb Code     0  __rtentry.o(.ARM.Collect$$rtentry$$00000000)
    __rt_entry_presh_1                       0x080001ed   Thumb Code     0  __rtentry2.o(.ARM.Collect$$rtentry$$00000002)
    __rt_entry_sh                            0x080001ed   Thumb Code     0  __rtentry4.o(.ARM.Collect$$rtentry$$00000004)
    __rt_entry_li                            0x080001f3   Thumb Code     0  __rtentry2.o(.ARM.Collect$$rtentry$$0000000A)
    __rt_entry_postsh_1                      0x080001f3   Thumb Code     0  __rtentry2.o(.ARM.Collect$$rtentry$$00000009)
    __rt_entry_main                          0x080001f7   Thumb Code     0  __rtentry2.o(.ARM.Collect$$rtentry$$0000000D)
    __rt_entry_postli_1                      0x080001f7   Thumb Code     0  __rtentry2.o(.ARM.Collect$$rtentry$$0000000C)
    __rt_exit                                0x080001ff   Thumb Code     0  rtexit.o(.ARM.Collect$$rtexit$$00000000)
    __rt_exit_ls                             0x08000201   Thumb Code     0  rtexit2.o(.ARM.Collect$$rtexit$$00000003)
    __rt_exit_prels_1                        0x08000201   Thumb Code     0  rtexit2.o(.ARM.Collect$$rtexit$$00000002)
    __rt_exit_exit                           0x08000205   Thumb Code     0  rtexit2.o(.ARM.Collect$$rtexit$$00000004)
    SVC_Handler                              0x0800020d   Thumb Code    32  port.o(.emb_text)
    __asm___6_port_c_39a90d8d__prvStartFirstTask 0x08000231   Thumb Code    28  port.o(.emb_text)
    PendSV_Handler                           0x08000251   Thumb Code    72  port.o(.emb_text)
    vPortGetIPSR                             0x0800029d   Thumb Code     6  port.o(.emb_text)
    Reset_Handler                            0x080002a5   Thumb Code     8  startup_stm32f10x_hd.o(.text)
    ADC1_2_IRQHandler                        0x080002bf   Thumb Code     0  startup_stm32f10x_hd.o(.text)
    ADC3_IRQHandler                          0x080002bf   Thumb Code     0  startup_stm32f10x_hd.o(.text)
    CAN1_RX1_IRQHandler                      0x080002bf   Thumb Code     0  startup_stm32f10x_hd.o(.text)
    CAN1_SCE_IRQHandler                      0x080002bf   Thumb Code     0  startup_stm32f10x_hd.o(.text)
    DMA1_Channel1_IRQHandler                 0x080002bf   Thumb Code     0  startup_stm32f10x_hd.o(.text)
    DMA1_Channel2_IRQHandler                 0x080002bf   Thumb Code     0  startup_stm32f10x_hd.o(.text)
    DMA1_Channel3_IRQHandler                 0x080002bf   Thumb Code     0  startup_stm32f10x_hd.o(.text)
    DMA1_Channel6_IRQHandler                 0x080002bf   Thumb Code     0  startup_stm32f10x_hd.o(.text)
    DMA1_Channel7_IRQHandler                 0x080002bf   Thumb Code     0  startup_stm32f10x_hd.o(.text)
    DMA2_Channel1_IRQHandler                 0x080002bf   Thumb Code     0  startup_stm32f10x_hd.o(.text)
    DMA2_Channel2_IRQHandler                 0x080002bf   Thumb Code     0  startup_stm32f10x_hd.o(.text)
    DMA2_Channel3_IRQHandler                 0x080002bf   Thumb Code     0  startup_stm32f10x_hd.o(.text)
    DMA2_Channel4_5_IRQHandler               0x080002bf   Thumb Code     0  startup_stm32f10x_hd.o(.text)
    EXTI0_IRQHandler                         0x080002bf   Thumb Code     0  startup_stm32f10x_hd.o(.text)
    EXTI15_10_IRQHandler                     0x080002bf   Thumb Code     0  startup_stm32f10x_hd.o(.text)
    EXTI1_IRQHandler                         0x080002bf   Thumb Code     0  startup_stm32f10x_hd.o(.text)
    EXTI2_IRQHandler                         0x080002bf   Thumb Code     0  startup_stm32f10x_hd.o(.text)
    EXTI3_IRQHandler                         0x080002bf   Thumb Code     0  startup_stm32f10x_hd.o(.text)
    EXTI4_IRQHandler                         0x080002bf   Thumb Code     0  startup_stm32f10x_hd.o(.text)
    EXTI9_5_IRQHandler                       0x080002bf   Thumb Code     0  startup_stm32f10x_hd.o(.text)
    FLASH_IRQHandler                         0x080002bf   Thumb Code     0  startup_stm32f10x_hd.o(.text)
    FSMC_IRQHandler                          0x080002bf   Thumb Code     0  startup_stm32f10x_hd.o(.text)
    I2C1_ER_IRQHandler                       0x080002bf   Thumb Code     0  startup_stm32f10x_hd.o(.text)
    I2C1_EV_IRQHandler                       0x080002bf   Thumb Code     0  startup_stm32f10x_hd.o(.text)
    I2C2_ER_IRQHandler                       0x080002bf   Thumb Code     0  startup_stm32f10x_hd.o(.text)
    I2C2_EV_IRQHandler                       0x080002bf   Thumb Code     0  startup_stm32f10x_hd.o(.text)
    PVD_IRQHandler                           0x080002bf   Thumb Code     0  startup_stm32f10x_hd.o(.text)
    RCC_IRQHandler                           0x080002bf   Thumb Code     0  startup_stm32f10x_hd.o(.text)
    RTCAlarm_IRQHandler                      0x080002bf   Thumb Code     0  startup_stm32f10x_hd.o(.text)
    RTC_IRQHandler                           0x080002bf   Thumb Code     0  startup_stm32f10x_hd.o(.text)
    SDIO_IRQHandler                          0x080002bf   Thumb Code     0  startup_stm32f10x_hd.o(.text)
    SPI1_IRQHandler                          0x080002bf   Thumb Code     0  startup_stm32f10x_hd.o(.text)
    SPI2_IRQHandler                          0x080002bf   Thumb Code     0  startup_stm32f10x_hd.o(.text)
    SPI3_IRQHandler                          0x080002bf   Thumb Code     0  startup_stm32f10x_hd.o(.text)
    TAMPER_IRQHandler                        0x080002bf   Thumb Code     0  startup_stm32f10x_hd.o(.text)
    TIM1_BRK_IRQHandler                      0x080002bf   Thumb Code     0  startup_stm32f10x_hd.o(.text)
    TIM1_CC_IRQHandler                       0x080002bf   Thumb Code     0  startup_stm32f10x_hd.o(.text)
    TIM1_TRG_COM_IRQHandler                  0x080002bf   Thumb Code     0  startup_stm32f10x_hd.o(.text)
    TIM1_UP_IRQHandler                       0x080002bf   Thumb Code     0  startup_stm32f10x_hd.o(.text)
    TIM2_IRQHandler                          0x080002bf   Thumb Code     0  startup_stm32f10x_hd.o(.text)
    TIM3_IRQHandler                          0x080002bf   Thumb Code     0  startup_stm32f10x_hd.o(.text)
    TIM4_IRQHandler                          0x080002bf   Thumb Code     0  startup_stm32f10x_hd.o(.text)
    TIM5_IRQHandler                          0x080002bf   Thumb Code     0  startup_stm32f10x_hd.o(.text)
    TIM6_IRQHandler                          0x080002bf   Thumb Code     0  startup_stm32f10x_hd.o(.text)
    TIM7_IRQHandler                          0x080002bf   Thumb Code     0  startup_stm32f10x_hd.o(.text)
    TIM8_BRK_IRQHandler                      0x080002bf   Thumb Code     0  startup_stm32f10x_hd.o(.text)
    TIM8_CC_IRQHandler                       0x080002bf   Thumb Code     0  startup_stm32f10x_hd.o(.text)
    TIM8_TRG_COM_IRQHandler                  0x080002bf   Thumb Code     0  startup_stm32f10x_hd.o(.text)
    TIM8_UP_IRQHandler                       0x080002bf   Thumb Code     0  startup_stm32f10x_hd.o(.text)
    UART4_IRQHandler                         0x080002bf   Thumb Code     0  startup_stm32f10x_hd.o(.text)
    UART5_IRQHandler                         0x080002bf   Thumb Code     0  startup_stm32f10x_hd.o(.text)
    USART2_IRQHandler                        0x080002bf   Thumb Code     0  startup_stm32f10x_hd.o(.text)
    USART3_IRQHandler                        0x080002bf   Thumb Code     0  startup_stm32f10x_hd.o(.text)
    USBWakeUp_IRQHandler                     0x080002bf   Thumb Code     0  startup_stm32f10x_hd.o(.text)
    USB_HP_CAN1_TX_IRQHandler                0x080002bf   Thumb Code     0  startup_stm32f10x_hd.o(.text)
    USB_LP_CAN1_RX0_IRQHandler               0x080002bf   Thumb Code     0  startup_stm32f10x_hd.o(.text)
    WWDG_IRQHandler                          0x080002bf   Thumb Code     0  startup_stm32f10x_hd.o(.text)
    __user_initial_stackheap                 0x080002c1   Thumb Code     0  startup_stm32f10x_hd.o(.text)
    __aeabi_memcpy                           0x080002e5   Thumb Code     0  rt_memcpy_v6.o(.text)
    __rt_memcpy                              0x080002e5   Thumb Code   138  rt_memcpy_v6.o(.text)
    _memcpy_lastbytes                        0x0800034b   Thumb Code     0  rt_memcpy_v6.o(.text)
    __aeabi_memcpy4                          0x0800036f   Thumb Code     0  rt_memcpy_w.o(.text)
    __aeabi_memcpy8                          0x0800036f   Thumb Code     0  rt_memcpy_w.o(.text)
    __rt_memcpy_w                            0x0800036f   Thumb Code   100  rt_memcpy_w.o(.text)
    _memcpy_lastbytes_aligned                0x080003b7   Thumb Code     0  rt_memcpy_w.o(.text)
    __use_two_region_memory                  0x080003d3   Thumb Code     2  heapauxi.o(.text)
    __rt_heap_escrow$2region                 0x080003d5   Thumb Code     2  heapauxi.o(.text)
    __rt_heap_expand$2region                 0x080003d7   Thumb Code     2  heapauxi.o(.text)
    __user_setup_stackheap                   0x080003d9   Thumb Code    74  sys_stackheap_outer.o(.text)
    exit                                     0x08000423   Thumb Code    18  exit.o(.text)
    __user_libspace                          0x08000435   Thumb Code     8  libspace.o(.text)
    __user_perproc_libspace                  0x08000435   Thumb Code     0  libspace.o(.text)
    __user_perthread_libspace                0x08000435   Thumb Code     0  libspace.o(.text)
    _sys_exit                                0x0800043d   Thumb Code     8  sys_exit.o(.text)
    __I$use$semihosting                      0x08000449   Thumb Code     0  use_no_semi.o(.text)
    __use_no_semihosting_swi                 0x08000449   Thumb Code     2  use_no_semi.o(.text)
    __semihosting_library_function           0x0800044b   Thumb Code     0  indicate_semi.o(.text)
    BKP_ITConfig                             0x08000539   Thumb Code     6  stm32f10x_bkp.o(i.BKP_ITConfig)
    BKP_TamperPinCmd                         0x08000545   Thumb Code     6  stm32f10x_bkp.o(i.BKP_TamperPinCmd)
    BSP_Init                                 0x08000551   Thumb Code   116  main.o(i.BSP_Init)
    BusFault_Handler                         0x080005d5   Thumb Code     4  stm32f10x_it.o(i.BusFault_Handler)
    CRC16_MODBUS                             0x080005d9   Thumb Code   124  mycomprocess.o(i.CRC16_MODBUS)
    ComDeal_Task                             0x08000655   Thumb Code    40  app.o(i.ComDeal_Task)
    DMA1_Channel4_IRQHandler                 0x08000689   Thumb Code    22  bsp_dma.o(i.DMA1_Channel4_IRQHandler)
    DMA1_Channel5_IRQHandler                 0x0800069f   Thumb Code    22  bsp_dma.o(i.DMA1_Channel5_IRQHandler)
    DMA_ClearFlag                            0x080006b5   Thumb Code    18  stm32f10x_dma.o(i.DMA_ClearFlag)
    DMA_ClearITPendingBit                    0x080006d1   Thumb Code    18  stm32f10x_dma.o(i.DMA_ClearITPendingBit)
    DMA_Cmd                                  0x080006ed   Thumb Code    24  stm32f10x_dma.o(i.DMA_Cmd)
    DMA_DeInit                               0x08000705   Thumb Code   324  stm32f10x_dma.o(i.DMA_DeInit)
    DMA_GetCurrDataCounter                   0x08000851   Thumb Code     8  stm32f10x_dma.o(i.DMA_GetCurrDataCounter)
    DMA_GetITStatus                          0x08000859   Thumb Code    36  stm32f10x_dma.o(i.DMA_GetITStatus)
    DMA_ITConfig                             0x08000885   Thumb Code    18  stm32f10x_dma.o(i.DMA_ITConfig)
    DMA_Init                                 0x08000897   Thumb Code    60  stm32f10x_dma.o(i.DMA_Init)
    DMA_RX_Enable                            0x080008d3   Thumb Code    32  bsp_dma.o(i.DMA_RX_Enable)
    DMA_SetCurrDataCounter                   0x080008f3   Thumb Code     4  stm32f10x_dma.o(i.DMA_SetCurrDataCounter)
    DMA_TX_Enable                            0x080008f7   Thumb Code    26  bsp_dma.o(i.DMA_TX_Enable)
    DMA_USART1_RX_Init                       0x08000911   Thumb Code   128  bsp_dma.o(i.DMA_USART1_RX_Init)
    DMA_USART1_TX_Init                       0x08000999   Thumb Code   160  bsp_dma.o(i.DMA_USART1_TX_Init)
    DealData_Task                            0x08000a45   Thumb Code    14  app.o(i.DealData_Task)
    DebugMon_Handler                         0x08000a53   Thumb Code     2  stm32f10x_it.o(i.DebugMon_Handler)
    Delayus                                  0x08000a55   Thumb Code    30  cs1237.o(i.Delayus)
    Display1621                              0x08000a75   Thumb Code   374  tm1621.o(i.Display1621)
    DisplayNum                               0x08000bf9   Thumb Code   234  tm1621.o(i.DisplayNum)
    FLASH_ClearFlag                          0x08000ced   Thumb Code     6  stm32f10x_flash.o(i.FLASH_ClearFlag)
    FLASH_ErasePage                          0x08000cf9   Thumb Code    72  stm32f10x_flash.o(i.FLASH_ErasePage)
    FLASH_GetBank1Status                     0x08000d45   Thumb Code    48  stm32f10x_flash.o(i.FLASH_GetBank1Status)
    FLASH_Lock                               0x08000d79   Thumb Code    14  stm32f10x_flash.o(i.FLASH_Lock)
    FLASH_ProgramWord                        0x08000d8d   Thumb Code   102  stm32f10x_flash.o(i.FLASH_ProgramWord)
    FLASH_Unlock                             0x08000df9   Thumb Code    12  stm32f10x_flash.o(i.FLASH_Unlock)
    FLASH_WaitForLastOperation               0x08000e11   Thumb Code    38  stm32f10x_flash.o(i.FLASH_WaitForLastOperation)
    GPIO_Init                                0x08000e37   Thumb Code   278  stm32f10x_gpio.o(i.GPIO_Init)
    GPIO_PinRemapConfig                      0x08000f4d   Thumb Code   138  stm32f10x_gpio.o(i.GPIO_PinRemapConfig)
    GPIO_ReadInputDataBit                    0x08000fdd   Thumb Code    18  stm32f10x_gpio.o(i.GPIO_ReadInputDataBit)
    GPIO_ResetBits                           0x08000fef   Thumb Code     4  stm32f10x_gpio.o(i.GPIO_ResetBits)
    GPIO_SetBits                             0x08000ff3   Thumb Code     4  stm32f10x_gpio.o(i.GPIO_SetBits)
    HardFault_Handler                        0x08000ff7   Thumb Code     4  stm32f10x_it.o(i.HardFault_Handler)
    HowToUseKey                              0x08000ffb   Thumb Code   150  key.o(i.HowToUseKey)
    Ini_AD                                   0x08001091   Thumb Code   398  cs1237.o(i.Ini_AD)
    InvertUint16                             0x08001225   Thumb Code    58  mycomprocess.o(i.InvertUint16)
    InvertUint8                              0x0800125f   Thumb Code    58  mycomprocess.o(i.InvertUint8)
    KeyDeal_Task                             0x08001299   Thumb Code    42  app.o(i.KeyDeal_Task)
    KeyInit                                  0x080012d5   Thumb Code    40  key.o(i.KeyInit)
    MYRCC_DeInit                             0x08001301   Thumb Code    90  sys.o(i.MYRCC_DeInit)
    MY_NVIC_SetVectorTable                   0x08001369   Thumb Code    12  sys.o(i.MY_NVIC_SetVectorTable)
    MemManage_Handler                        0x0800137d   Thumb Code     4  stm32f10x_it.o(i.MemManage_Handler)
    NMI_Handler                              0x08001381   Thumb Code     2  stm32f10x_it.o(i.NMI_Handler)
    NVIC_Init                                0x08001385   Thumb Code   100  misc.o(i.NVIC_Init)
    NVIC_PriorityGroupConfig                 0x080013f5   Thumb Code    10  misc.o(i.NVIC_PriorityGroupConfig)
    Num_Input                                0x08001409   Thumb Code   816  runpage.o(i.Num_Input)
    PWR_BackupAccessCmd                      0x08001769   Thumb Code     6  stm32f10x_pwr.o(i.PWR_BackupAccessCmd)
    RCC_AHBPeriphClockCmd                    0x08001775   Thumb Code    26  stm32f10x_rcc.o(i.RCC_AHBPeriphClockCmd)
    RCC_APB2PeriphClockCmd                   0x08001795   Thumb Code    26  stm32f10x_rcc.o(i.RCC_APB2PeriphClockCmd)
    RCC_GetClocksFreq                        0x080017b5   Thumb Code   192  stm32f10x_rcc.o(i.RCC_GetClocksFreq)
    RCC_LSEConfig                            0x08001889   Thumb Code    46  stm32f10x_rcc.o(i.RCC_LSEConfig)
    Read_AD                                  0x080018bd   Thumb Code   408  cs1237.o(i.Read_AD)
    RunPage_Task                             0x08001a75   Thumb Code   256  app.o(i.RunPage_Task)
    Stm32_Clock_Init                         0x08001c89   Thumb Code   122  delay.o(i.Stm32_Clock_Init)
    SysTick_Handler                          0x08001d0d   Thumb Code    26  delay.o(i.SysTick_Handler)
    SystemInit                               0x08001d2d   Thumb Code    78  system_stm32f10x.o(i.SystemInit)
    TM1621_Gpio_Init                         0x08001d8d   Thumb Code   142  tm1621.o(i.TM1621_Gpio_Init)
    TM1621_init                              0x08001e2d   Thumb Code    68  tm1621.o(i.TM1621_init)
    USART1_IRQHandler                        0x08001e7d   Thumb Code   116  usart.o(i.USART1_IRQHandler)
    USART1_Init                              0x08001f01   Thumb Code   260  usart.o(i.USART1_Init)
    USART_Cmd                                0x08002011   Thumb Code    24  stm32f10x_usart.o(i.USART_Cmd)
    USART_DMACmd                             0x08002029   Thumb Code    18  stm32f10x_usart.o(i.USART_DMACmd)
    USART_GetITStatus                        0x0800203b   Thumb Code    84  stm32f10x_usart.o(i.USART_GetITStatus)
    USART_ITConfig                           0x0800208f   Thumb Code    74  stm32f10x_usart.o(i.USART_ITConfig)
    USART_Init                               0x080020d9   Thumb Code   210  stm32f10x_usart.o(i.USART_Init)
    UsageFault_Handler                       0x080021b1   Thumb Code     4  stm32f10x_it.o(i.UsageFault_Handler)
    WT                                       0x080021b5   Thumb Code    34  delay.o(i.WT)
    WriteAllData                             0x080021dd   Thumb Code    64  tm1621.o(i.WriteAllData)
    WriteCmd                                 0x08002221   Thumb Code    40  tm1621.o(i.WriteCmd)
    WriteOneData                             0x08002251   Thumb Code    50  tm1621.o(i.WriteOneData)
    Write_Data_H                             0x0800228d   Thumb Code    70  tm1621.o(i.Write_Data_H)
    Write_Data_L                             0x080022dd   Thumb Code    68  tm1621.o(i.Write_Data_L)
    delay_init                               0x080023a5   Thumb Code    48  delay.o(i.delay_init)
    delay_ms                                 0x080023d5   Thumb Code    38  delay.o(i.delay_ms)
    delay_nms                                0x08002405   Thumb Code    26  tm1621.o(i.delay_nms)
    delay_us                                 0x0800241f   Thumb Code    46  delay.o(i.delay_us)
    keyStaticDetect                          0x0800244d   Thumb Code   172  key.o(i.keyStaticDetect)
    main                                     0x080024fd   Thumb Code    50  main.o(i.main)
    modbusDeal                               0x08002549   Thumb Code   106  mycomprocess.o(i.modbusDeal)
    pvPortMalloc                             0x08002b2d   Thumb Code   188  heap_4.o(i.pvPortMalloc)
    pxPortInitialiseStack                    0x08002bfd   Thumb Code    30  port.o(i.pxPortInitialiseStack)
    readFromFlash                            0x08002c21   Thumb Code   198  rwflash.o(i.readFromFlash)
    uxListRemove                             0x08002cf1   Thumb Code    40  list.o(i.uxListRemove)
    vListInitialise                          0x08002d19   Thumb Code    26  list.o(i.vListInitialise)
    vListInitialiseItem                      0x08002d33   Thumb Code     6  list.o(i.vListInitialiseItem)
    vListInsert                              0x08002d39   Thumb Code    52  list.o(i.vListInsert)
    vListInsertEnd                           0x08002d6d   Thumb Code    24  list.o(i.vListInsertEnd)
    vPortEnterCritical                       0x08002d85   Thumb Code    30  port.o(i.vPortEnterCritical)
    vPortExitCritical                        0x08002da9   Thumb Code    28  port.o(i.vPortExitCritical)
    vPortFree                                0x08002dc9   Thumb Code    64  heap_4.o(i.vPortFree)
    vPortSetupTimerInterrupt                 0x08002e11   Thumb Code    26  port.o(i.vPortSetupTimerInterrupt)
    vTaskDelay                               0x08002e31   Thumb Code    46  tasks.o(i.vTaskDelay)
    vTaskDelete                              0x08002e65   Thumb Code   166  tasks.o(i.vTaskDelete)
    vTaskMissedYield                         0x08002f31   Thumb Code     8  tasks.o(i.vTaskMissedYield)
    vTaskPlaceOnEventList                    0x08002f3d   Thumb Code    28  tasks.o(i.vTaskPlaceOnEventList)
    vTaskSetTimeOutState                     0x08002f5d   Thumb Code    14  tasks.o(i.vTaskSetTimeOutState)
    vTaskStartScheduler                      0x08002f75   Thumb Code    72  tasks.o(i.vTaskStartScheduler)
    vTaskSuspendAll                          0x08002fd9   Thumb Code    12  tasks.o(i.vTaskSuspendAll)
    vTaskSwitchContext                       0x08002fe9   Thumb Code    76  tasks.o(i.vTaskSwitchContext)
    writeToFlash                             0x08003075   Thumb Code   176  rwflash.o(i.writeToFlash)
    xPortStartScheduler                      0x0800312d   Thumb Code    42  port.o(i.xPortStartScheduler)
    xPortSysTickHandler                      0x08003161   Thumb Code    46  port.o(i.xPortSysTickHandler)
    xQueueGenericCreate                      0x08003195   Thumb Code    56  queue.o(i.xQueueGenericCreate)
    xQueueGenericReceive                     0x080031cd   Thumb Code   312  queue.o(i.xQueueGenericReceive)
    xQueueGenericReset                       0x08003309   Thumb Code   122  queue.o(i.xQueueGenericReset)
    xQueueGenericSend                        0x08003389   Thumb Code   276  queue.o(i.xQueueGenericSend)
    xTaskCheckForTimeOut                     0x080034a1   Thumb Code    84  tasks.o(i.xTaskCheckForTimeOut)
    xTaskCreate                              0x080034fd   Thumb Code    96  tasks.o(i.xTaskCreate)
    xTaskGetSchedulerState                   0x0800355d   Thumb Code    24  tasks.o(i.xTaskGetSchedulerState)
    xTaskIncrementTick                       0x0800357d   Thumb Code   238  tasks.o(i.xTaskIncrementTick)
    xTaskRemoveFromEventList                 0x08003699   Thumb Code   104  tasks.o(i.xTaskRemoveFromEventList)
    xTaskResumeAll                           0x08003719   Thumb Code   196  tasks.o(i.xTaskResumeAll)
    __aeabi_fdiv                             0x08003801   Thumb Code     0  fdiv.o(x$fpl$fdiv)
    _fdiv                                    0x08003801   Thumb Code   384  fdiv.o(x$fpl$fdiv)
    __aeabi_f2iz                             0x08003985   Thumb Code     0  ffix.o(x$fpl$ffix)
    _ffix                                    0x08003985   Thumb Code    54  ffix.o(x$fpl$ffix)
    __aeabi_i2f                              0x080039bd   Thumb Code     0  fflt_clz.o(x$fpl$fflt)
    _fflt                                    0x080039bd   Thumb Code    48  fflt_clz.o(x$fpl$fflt)
    __aeabi_fmul                             0x080039ed   Thumb Code     0  fmul.o(x$fpl$fmul)
    _fmul                                    0x080039ed   Thumb Code   258  fmul.o(x$fpl$fmul)
    __fpl_fnaninf                            0x08003aef   Thumb Code   140  fnaninf.o(x$fpl$fnaninf)
    __fpl_fretinf                            0x08003b7b   Thumb Code    10  fretinf.o(x$fpl$fretinf)
    __I$use$fp                               0x08003b84   Number         0  usenofp.o(x$fpl$usenofp)
    UserDataDescrip                          0x08003ba0   Data        2000  runparame.o(.constdata)
    MAXNN                                    0x08004370   Data          40  runpage.o(.constdata)
    Region$$Table$$Base                      0x08004398   Number         0  anon$$obj.o(Region$$Table)
    Region$$Table$$Limit                     0x080043b8   Number         0  anon$$obj.o(Region$$Table)
    ComNoticeBinarySem_Handle                0x20000014   Data           4  main.o(.data)
    KeyNoticeBinarySem_Handle                0x20000018   Data           4  main.o(.data)
    SystemCoreClock                          0x2000001c   Data           4  system_stm32f10x.o(.data)
    AHBPrescTable                            0x20000020   Data          16  system_stm32f10x.o(.data)
    This_Dn                                  0x20000030   Data           4  runpage.o(.data)
    Len_Data                                 0x20000034   Data           1  runpage.o(.data)
    This_Dnn                                 0x20000035   Data           1  runpage.o(.data)
    This_Dnx                                 0x20000038   Data           4  runpage.o(.data)
    Smg0                                     0x20000054   Data          30  tm1621.o(.data)
    Smg1                                     0x20000072   Data          30  tm1621.o(.data)
    Smg2                                     0x20000090   Data          30  tm1621.o(.data)
    P_ADn                                    0x200000b0   Data           4  cs1237.o(.data)
    FADNew                                   0x200000b4   Data           4  cs1237.o(.data)
    Key1Information                          0x200000c8   Data          12  key.o(.data)
    Key2Information                          0x200000d4   Data          12  key.o(.data)
    pKey1Information                         0x200000e0   Data           4  key.o(.data)
    pKey2Information                         0x200000e4   Data           4  key.o(.data)
    Usart1Descrip                            0x200000e8   Data          52  usart.o(.data)
    pUsart1Inforemation                      0x2000011c   Data           4  usart.o(.data)
    systemTime                               0x20000120   Data           8  delay.o(.data)
    pxCurrentTCB                             0x2000013c   Data           4  tasks.o(.data)
    UserData                                 0x20000194   Data         200  runparame.o(.bss)
    RTData                                   0x2000025c   Data         200  runparame.o(.bss)
    Tab0                                     0x20000324   Data          30  tm1621.o(.bss)
    ShowRsrcs                                0x20000342   Data          10  tm1621.o(.bss)
    display                                  0x2000034c   Data          10  tm1621.o(.bss)
    ADn                                      0x20000358   Data         240  cs1237.o(.bss)
    __libspace_start                         0x2000472c   Data          96  libspace.o(.bss)
    __temporary_stack_top$libspace           0x2000478c   Data           0  libspace.o(.bss)



==============================================================================

Memory Map of the image

  Image Entry point : 0x080002a5

  Load Region LR_1 (Base: 0x08000000, Size: 0x0000454c, Max: 0xffffffff, ABSOLUTE, COMPRESSED[0x0000441c])

    Execution Region ER_RO (Base: 0x08000000, Size: 0x000043b8, Max: 0xffffffff, ABSOLUTE)

    Base Addr    Size         Type   Attr      Idx    E Section Name        Object

    0x08000000   0x00000130   Data   RO          794    RESET               startup_stm32f10x_hd.o
    0x08000130   0x00000008   Code   RO         2990  * !!!main             c_w.l(__main.o)
    0x08000138   0x00000034   Code   RO         3186    !!!scatter          c_w.l(__scatter.o)
    0x0800016c   0x0000005a   Code   RO         3184    !!dczerorl2         c_w.l(__dczerorl2.o)
    0x080001c6   0x00000002   PAD
    0x080001c8   0x0000001c   Code   RO         3188    !!handler_zi        c_w.l(__scatter_zi.o)
    0x080001e4   0x00000002   Code   RO         3054    .ARM.Collect$$libinit$$00000000  c_w.l(libinit.o)
    0x080001e6   0x00000000   Code   RO         3061    .ARM.Collect$$libinit$$00000002  c_w.l(libinit2.o)
    0x080001e6   0x00000000   Code   RO         3063    .ARM.Collect$$libinit$$00000004  c_w.l(libinit2.o)
    0x080001e6   0x00000000   Code   RO         3066    .ARM.Collect$$libinit$$0000000A  c_w.l(libinit2.o)
    0x080001e6   0x00000000   Code   RO         3068    .ARM.Collect$$libinit$$0000000C  c_w.l(libinit2.o)
    0x080001e6   0x00000000   Code   RO         3070    .ARM.Collect$$libinit$$0000000E  c_w.l(libinit2.o)
    0x080001e6   0x00000000   Code   RO         3073    .ARM.Collect$$libinit$$00000011  c_w.l(libinit2.o)
    0x080001e6   0x00000000   Code   RO         3075    .ARM.Collect$$libinit$$00000013  c_w.l(libinit2.o)
    0x080001e6   0x00000000   Code   RO         3077    .ARM.Collect$$libinit$$00000015  c_w.l(libinit2.o)
    0x080001e6   0x00000000   Code   RO         3079    .ARM.Collect$$libinit$$00000017  c_w.l(libinit2.o)
    0x080001e6   0x00000000   Code   RO         3081    .ARM.Collect$$libinit$$00000019  c_w.l(libinit2.o)
    0x080001e6   0x00000000   Code   RO         3083    .ARM.Collect$$libinit$$0000001B  c_w.l(libinit2.o)
    0x080001e6   0x00000000   Code   RO         3085    .ARM.Collect$$libinit$$0000001D  c_w.l(libinit2.o)
    0x080001e6   0x00000000   Code   RO         3087    .ARM.Collect$$libinit$$0000001F  c_w.l(libinit2.o)
    0x080001e6   0x00000000   Code   RO         3089    .ARM.Collect$$libinit$$00000021  c_w.l(libinit2.o)
    0x080001e6   0x00000000   Code   RO         3091    .ARM.Collect$$libinit$$00000023  c_w.l(libinit2.o)
    0x080001e6   0x00000000   Code   RO         3093    .ARM.Collect$$libinit$$00000025  c_w.l(libinit2.o)
    0x080001e6   0x00000000   Code   RO         3097    .ARM.Collect$$libinit$$0000002C  c_w.l(libinit2.o)
    0x080001e6   0x00000000   Code   RO         3099    .ARM.Collect$$libinit$$0000002E  c_w.l(libinit2.o)
    0x080001e6   0x00000000   Code   RO         3101    .ARM.Collect$$libinit$$00000030  c_w.l(libinit2.o)
    0x080001e6   0x00000000   Code   RO         3103    .ARM.Collect$$libinit$$00000032  c_w.l(libinit2.o)
    0x080001e6   0x00000002   Code   RO         3104    .ARM.Collect$$libinit$$00000033  c_w.l(libinit2.o)
    0x080001e8   0x00000002   Code   RO         3124    .ARM.Collect$$libshutdown$$00000000  c_w.l(libshutdown.o)
    0x080001ea   0x00000000   Code   RO         3137    .ARM.Collect$$libshutdown$$00000002  c_w.l(libshutdown2.o)
    0x080001ea   0x00000000   Code   RO         3139    .ARM.Collect$$libshutdown$$00000004  c_w.l(libshutdown2.o)
    0x080001ea   0x00000000   Code   RO         3142    .ARM.Collect$$libshutdown$$00000007  c_w.l(libshutdown2.o)
    0x080001ea   0x00000000   Code   RO         3145    .ARM.Collect$$libshutdown$$0000000A  c_w.l(libshutdown2.o)
    0x080001ea   0x00000000   Code   RO         3147    .ARM.Collect$$libshutdown$$0000000C  c_w.l(libshutdown2.o)
    0x080001ea   0x00000000   Code   RO         3150    .ARM.Collect$$libshutdown$$0000000F  c_w.l(libshutdown2.o)
    0x080001ea   0x00000002   Code   RO         3151    .ARM.Collect$$libshutdown$$00000010  c_w.l(libshutdown2.o)
    0x080001ec   0x00000000   Code   RO         3020    .ARM.Collect$$rtentry$$00000000  c_w.l(__rtentry.o)
    0x080001ec   0x00000000   Code   RO         3031    .ARM.Collect$$rtentry$$00000002  c_w.l(__rtentry2.o)
    0x080001ec   0x00000006   Code   RO         3043    .ARM.Collect$$rtentry$$00000004  c_w.l(__rtentry4.o)
    0x080001f2   0x00000000   Code   RO         3033    .ARM.Collect$$rtentry$$00000009  c_w.l(__rtentry2.o)
    0x080001f2   0x00000004   Code   RO         3034    .ARM.Collect$$rtentry$$0000000A  c_w.l(__rtentry2.o)
    0x080001f6   0x00000000   Code   RO         3036    .ARM.Collect$$rtentry$$0000000C  c_w.l(__rtentry2.o)
    0x080001f6   0x00000008   Code   RO         3037    .ARM.Collect$$rtentry$$0000000D  c_w.l(__rtentry2.o)
    0x080001fe   0x00000002   Code   RO         3058    .ARM.Collect$$rtexit$$00000000  c_w.l(rtexit.o)
    0x08000200   0x00000000   Code   RO         3106    .ARM.Collect$$rtexit$$00000002  c_w.l(rtexit2.o)
    0x08000200   0x00000004   Code   RO         3107    .ARM.Collect$$rtexit$$00000003  c_w.l(rtexit2.o)
    0x08000204   0x00000006   Code   RO         3108    .ARM.Collect$$rtexit$$00000004  c_w.l(rtexit2.o)
    0x0800020a   0x00000002   PAD
    0x0800020c   0x00000096   Code   RO         2911    .emb_text           port.o
    0x080002a2   0x00000002   PAD
    0x080002a4   0x00000040   Code   RO          795  * .text               startup_stm32f10x_hd.o
    0x080002e4   0x0000008a   Code   RO         2984    .text               c_w.l(rt_memcpy_v6.o)
    0x0800036e   0x00000064   Code   RO         2986    .text               c_w.l(rt_memcpy_w.o)
    0x080003d2   0x00000006   Code   RO         2988    .text               c_w.l(heapauxi.o)
    0x080003d8   0x0000004a   Code   RO         3045    .text               c_w.l(sys_stackheap_outer.o)
    0x08000422   0x00000012   Code   RO         3047    .text               c_w.l(exit.o)
    0x08000434   0x00000008   Code   RO         3055    .text               c_w.l(libspace.o)
    0x0800043c   0x0000000c   Code   RO         3116    .text               c_w.l(sys_exit.o)
    0x08000448   0x00000002   Code   RO         3127    .text               c_w.l(use_no_semi.o)
    0x0800044a   0x00000000   Code   RO         3129    .text               c_w.l(indicate_semi.o)
    0x0800044a   0x00000002   PAD
    0x0800044c   0x000000ec   Code   RO            1    i.AppTaskCreate     main.o
    0x08000538   0x0000000c   Code   RO         1358    i.BKP_ITConfig      stm32f10x_bkp.o
    0x08000544   0x0000000c   Code   RO         1362    i.BKP_TamperPinCmd  stm32f10x_bkp.o
    0x08000550   0x00000084   Code   RO            2    i.BSP_Init          main.o
    0x080005d4   0x00000004   Code   RO          195    i.BusFault_Handler  stm32f10x_it.o
    0x080005d8   0x0000007c   Code   RO          393    i.CRC16_MODBUS      mycomprocess.o
    0x08000654   0x00000034   Code   RO          352    i.ComDeal_Task      app.o
    0x08000688   0x00000016   Code   RO          648    i.DMA1_Channel4_IRQHandler  bsp_dma.o
    0x0800069e   0x00000016   Code   RO          649    i.DMA1_Channel5_IRQHandler  bsp_dma.o
    0x080006b4   0x0000001c   Code   RO         1665    i.DMA_ClearFlag     stm32f10x_dma.o
    0x080006d0   0x0000001c   Code   RO         1666    i.DMA_ClearITPendingBit  stm32f10x_dma.o
    0x080006ec   0x00000018   Code   RO         1667    i.DMA_Cmd           stm32f10x_dma.o
    0x08000704   0x0000014c   Code   RO         1668    i.DMA_DeInit        stm32f10x_dma.o
    0x08000850   0x00000008   Code   RO         1669    i.DMA_GetCurrDataCounter  stm32f10x_dma.o
    0x08000858   0x0000002c   Code   RO         1671    i.DMA_GetITStatus   stm32f10x_dma.o
    0x08000884   0x00000012   Code   RO         1672    i.DMA_ITConfig      stm32f10x_dma.o
    0x08000896   0x0000003c   Code   RO         1673    i.DMA_Init          stm32f10x_dma.o
    0x080008d2   0x00000020   Code   RO          650    i.DMA_RX_Enable     bsp_dma.o
    0x080008f2   0x00000004   Code   RO         1674    i.DMA_SetCurrDataCounter  stm32f10x_dma.o
    0x080008f6   0x0000001a   Code   RO          651    i.DMA_TX_Enable     bsp_dma.o
    0x08000910   0x00000088   Code   RO          652    i.DMA_USART1_RX_Init  bsp_dma.o
    0x08000998   0x000000ac   Code   RO          653    i.DMA_USART1_TX_Init  bsp_dma.o
    0x08000a44   0x0000000e   Code   RO          353    i.DealData_Task     app.o
    0x08000a52   0x00000002   Code   RO          196    i.DebugMon_Handler  stm32f10x_it.o
    0x08000a54   0x0000001e   Code   RO          513    i.Delayus           cs1237.o
    0x08000a72   0x00000002   PAD
    0x08000a74   0x00000184   Code   RO          434    i.Display1621       tm1621.o
    0x08000bf8   0x000000f4   Code   RO          435    i.DisplayNum        tm1621.o
    0x08000cec   0x0000000c   Code   RO         1491    i.FLASH_ClearFlag   stm32f10x_flash.o
    0x08000cf8   0x0000004c   Code   RO         1496    i.FLASH_ErasePage   stm32f10x_flash.o
    0x08000d44   0x00000034   Code   RO         1497    i.FLASH_GetBank1Status  stm32f10x_flash.o
    0x08000d78   0x00000014   Code   RO         1506    i.FLASH_Lock        stm32f10x_flash.o
    0x08000d8c   0x0000006c   Code   RO         1511    i.FLASH_ProgramWord  stm32f10x_flash.o
    0x08000df8   0x00000018   Code   RO         1514    i.FLASH_Unlock      stm32f10x_flash.o
    0x08000e10   0x00000026   Code   RO         1518    i.FLASH_WaitForLastOperation  stm32f10x_flash.o
    0x08000e36   0x00000116   Code   RO          841    i.GPIO_Init         stm32f10x_gpio.o
    0x08000f4c   0x00000090   Code   RO          843    i.GPIO_PinRemapConfig  stm32f10x_gpio.o
    0x08000fdc   0x00000012   Code   RO          845    i.GPIO_ReadInputDataBit  stm32f10x_gpio.o
    0x08000fee   0x00000004   Code   RO          848    i.GPIO_ResetBits    stm32f10x_gpio.o
    0x08000ff2   0x00000004   Code   RO          849    i.GPIO_SetBits      stm32f10x_gpio.o
    0x08000ff6   0x00000004   Code   RO          197    i.HardFault_Handler  stm32f10x_it.o
    0x08000ffa   0x00000096   Code   RO          588    i.HowToUseKey       key.o
    0x08001090   0x00000194   Code   RO          514    i.Ini_AD            cs1237.o
    0x08001224   0x0000003a   Code   RO          394    i.InvertUint16      mycomprocess.o
    0x0800125e   0x0000003a   Code   RO          395    i.InvertUint8       mycomprocess.o
    0x08001298   0x0000003c   Code   RO          354    i.KeyDeal_Task      app.o
    0x080012d4   0x0000002c   Code   RO          589    i.KeyInit           key.o
    0x08001300   0x00000068   Code   RO          744    i.MYRCC_DeInit      sys.o
    0x08001368   0x00000014   Code   RO          745    i.MY_NVIC_SetVectorTable  sys.o
    0x0800137c   0x00000004   Code   RO          198    i.MemManage_Handler  stm32f10x_it.o
    0x08001380   0x00000002   Code   RO          199    i.NMI_Handler       stm32f10x_it.o
    0x08001382   0x00000002   PAD
    0x08001384   0x00000070   Code   RO          799    i.NVIC_Init         misc.o
    0x080013f4   0x00000014   Code   RO          800    i.NVIC_PriorityGroupConfig  misc.o
    0x08001408   0x00000360   Code   RO          314    i.Num_Input         runpage.o
    0x08001768   0x0000000c   Code   RO         1431    i.PWR_BackupAccessCmd  stm32f10x_pwr.o
    0x08001774   0x00000020   Code   RO          974    i.RCC_AHBPeriphClockCmd  stm32f10x_rcc.o
    0x08001794   0x00000020   Code   RO          977    i.RCC_APB2PeriphClockCmd  stm32f10x_rcc.o
    0x080017b4   0x000000d4   Code   RO          985    i.RCC_GetClocksFreq  stm32f10x_rcc.o
    0x08001888   0x00000034   Code   RO          993    i.RCC_LSEConfig     stm32f10x_rcc.o
    0x080018bc   0x000001b8   Code   RO          516    i.Read_AD           cs1237.o
    0x08001a74   0x00000130   Code   RO          355    i.RunPage_Task      app.o
    0x08001ba4   0x00000008   Code   RO          266    i.SetSysClock       system_stm32f10x.o
    0x08001bac   0x000000dc   Code   RO          267    i.SetSysClockTo36   system_stm32f10x.o
    0x08001c88   0x00000084   Code   RO          693    i.Stm32_Clock_Init  delay.o
    0x08001d0c   0x00000020   Code   RO          694    i.SysTick_Handler   delay.o
    0x08001d2c   0x00000060   Code   RO          269    i.SystemInit        system_stm32f10x.o
    0x08001d8c   0x000000a0   Code   RO          437    i.TM1621_Gpio_Init  tm1621.o
    0x08001e2c   0x00000050   Code   RO          438    i.TM1621_init       tm1621.o
    0x08001e7c   0x00000084   Code   RO          623    i.USART1_IRQHandler  usart.o
    0x08001f00   0x00000110   Code   RO          624    i.USART1_Init       usart.o
    0x08002010   0x00000018   Code   RO         1177    i.USART_Cmd         stm32f10x_usart.o
    0x08002028   0x00000012   Code   RO         1178    i.USART_DMACmd      stm32f10x_usart.o
    0x0800203a   0x00000054   Code   RO         1181    i.USART_GetITStatus  stm32f10x_usart.o
    0x0800208e   0x0000004a   Code   RO         1183    i.USART_ITConfig    stm32f10x_usart.o
    0x080020d8   0x000000d8   Code   RO         1184    i.USART_Init        stm32f10x_usart.o
    0x080021b0   0x00000004   Code   RO          200    i.UsageFault_Handler  stm32f10x_it.o
    0x080021b4   0x00000028   Code   RO          695    i.WT                delay.o
    0x080021dc   0x00000044   Code   RO          439    i.WriteAllData      tm1621.o
    0x08002220   0x00000030   Code   RO          440    i.WriteCmd          tm1621.o
    0x08002250   0x0000003c   Code   RO          441    i.WriteOneData      tm1621.o
    0x0800228c   0x00000050   Code   RO          442    i.Write_Data_H      tm1621.o
    0x080022dc   0x0000004c   Code   RO          443    i.Write_Data_L      tm1621.o
    0x08002328   0x00000044   Code   RO          517    i.adGPIOInit        cs1237.o
    0x0800236c   0x0000001c   Code   RO          518    i.adIn              cs1237.o
    0x08002388   0x0000001c   Code   RO          519    i.adOut             cs1237.o
    0x080023a4   0x00000030   Code   RO          696    i.delay_init        delay.o
    0x080023d4   0x00000030   Code   RO          697    i.delay_ms          delay.o
    0x08002404   0x0000001a   Code   RO          444    i.delay_nms         tm1621.o
    0x0800241e   0x0000002e   Code   RO          698    i.delay_us          delay.o
    0x0800244c   0x000000b0   Code   RO          590    i.keyStaticDetect   key.o
    0x080024fc   0x0000004c   Code   RO            3    i.main              main.o
    0x08002548   0x00000070   Code   RO          397    i.modbusDeal        mycomprocess.o
    0x080025b8   0x00000098   Code   RO         2568    i.prvAddCurrentTaskToDelayedList  tasks.o
    0x08002650   0x000000b4   Code   RO         2569    i.prvAddNewTaskToReadyList  tasks.o
    0x08002704   0x00000064   Code   RO         2570    i.prvCheckTasksWaitingTermination  tasks.o
    0x08002768   0x0000002a   Code   RO         2423    i.prvCopyDataFromQueue  queue.o
    0x08002792   0x0000006a   Code   RO         2424    i.prvCopyDataToQueue  queue.o
    0x080027fc   0x00000012   Code   RO         2571    i.prvDeleteTCB      tasks.o
    0x0800280e   0x00000002   PAD
    0x08002810   0x0000007c   Code   RO         2862    i.prvHeapInit       heap_4.o
    0x0800288c   0x00000028   Code   RO         2572    i.prvIdleTask       tasks.o
    0x080028b4   0x00000026   Code   RO         2425    i.prvInitialiseNewQueue  queue.o
    0x080028da   0x00000080   Code   RO         2573    i.prvInitialiseNewTask  tasks.o
    0x0800295a   0x00000002   PAD
    0x0800295c   0x00000068   Code   RO         2574    i.prvInitialiseTaskLists  tasks.o
    0x080029c4   0x00000068   Code   RO         2863    i.prvInsertBlockIntoFreeList  heap_4.o
    0x08002a2c   0x0000001a   Code   RO         2426    i.prvIsQueueEmpty   queue.o
    0x08002a46   0x0000001e   Code   RO         2427    i.prvIsQueueFull    queue.o
    0x08002a64   0x00000034   Code   RO         2575    i.prvResetNextTaskUnblockTime  tasks.o
    0x08002a98   0x00000016   Code   RO         2912    i.prvTaskExitError  port.o
    0x08002aae   0x0000007e   Code   RO         2428    i.prvUnlockQueue    queue.o
    0x08002b2c   0x000000d0   Code   RO         2864    i.pvPortMalloc      heap_4.o
    0x08002bfc   0x00000024   Code   RO         2913    i.pxPortInitialiseStack  port.o
    0x08002c20   0x000000d0   Code   RO          565    i.readFromFlash     rwflash.o
    0x08002cf0   0x00000028   Code   RO         2386    i.uxListRemove      list.o
    0x08002d18   0x0000001a   Code   RO         2387    i.vListInitialise   list.o
    0x08002d32   0x00000006   Code   RO         2388    i.vListInitialiseItem  list.o
    0x08002d38   0x00000034   Code   RO         2389    i.vListInsert       list.o
    0x08002d6c   0x00000018   Code   RO         2390    i.vListInsertEnd    list.o
    0x08002d84   0x00000024   Code   RO         2915    i.vPortEnterCritical  port.o
    0x08002da8   0x00000020   Code   RO         2916    i.vPortExitCritical  port.o
    0x08002dc8   0x00000048   Code   RO         2865    i.vPortFree         heap_4.o
    0x08002e10   0x00000020   Code   RO         2917    i.vPortSetupTimerInterrupt  port.o
    0x08002e30   0x00000034   Code   RO         2582    i.vTaskDelay        tasks.o
    0x08002e64   0x000000cc   Code   RO         2584    i.vTaskDelete       tasks.o
    0x08002f30   0x0000000c   Code   RO         2586    i.vTaskMissedYield  tasks.o
    0x08002f3c   0x00000020   Code   RO         2588    i.vTaskPlaceOnEventList  tasks.o
    0x08002f5c   0x00000018   Code   RO         2592    i.vTaskSetTimeOutState  tasks.o
    0x08002f74   0x00000064   Code   RO         2593    i.vTaskStartScheduler  tasks.o
    0x08002fd8   0x00000010   Code   RO         2595    i.vTaskSuspendAll   tasks.o
    0x08002fe8   0x00000060   Code   RO         2596    i.vTaskSwitchContext  tasks.o
    0x08003048   0x0000002c   Code   RO          591    i.whichKeyInput     key.o
    0x08003074   0x000000b8   Code   RO          566    i.writeToFlash      rwflash.o
    0x0800312c   0x00000034   Code   RO         2918    i.xPortStartScheduler  port.o
    0x08003160   0x00000034   Code   RO         2919    i.xPortSysTickHandler  port.o
    0x08003194   0x00000038   Code   RO         2435    i.xQueueGenericCreate  queue.o
    0x080031cc   0x0000013c   Code   RO         2436    i.xQueueGenericReceive  queue.o
    0x08003308   0x00000080   Code   RO         2437    i.xQueueGenericReset  queue.o
    0x08003388   0x00000118   Code   RO         2438    i.xQueueGenericSend  queue.o
    0x080034a0   0x0000005c   Code   RO         2597    i.xTaskCheckForTimeOut  tasks.o
    0x080034fc   0x00000060   Code   RO         2598    i.xTaskCreate       tasks.o
    0x0800355c   0x00000020   Code   RO         2601    i.xTaskGetSchedulerState  tasks.o
    0x0800357c   0x0000011c   Code   RO         2604    i.xTaskIncrementTick  tasks.o
    0x08003698   0x00000080   Code   RO         2607    i.xTaskRemoveFromEventList  tasks.o
    0x08003718   0x000000e8   Code   RO         2609    i.xTaskResumeAll    tasks.o
    0x08003800   0x00000184   Code   RO         3005    x$fpl$fdiv          fz_ws.l(fdiv.o)
    0x08003984   0x00000036   Code   RO         3008    x$fpl$ffix          fz_ws.l(ffix.o)
    0x080039ba   0x00000002   PAD
    0x080039bc   0x00000030   Code   RO         3013    x$fpl$fflt          fz_ws.l(fflt_clz.o)
    0x080039ec   0x00000102   Code   RO         3018    x$fpl$fmul          fz_ws.l(fmul.o)
    0x08003aee   0x0000008c   Code   RO         3025    x$fpl$fnaninf       fz_ws.l(fnaninf.o)
    0x08003b7a   0x0000000a   Code   RO         3027    x$fpl$fretinf       fz_ws.l(fretinf.o)
    0x08003b84   0x00000000   Code   RO         3029    x$fpl$usenofp       fz_ws.l(usenofp.o)
    0x08003b84   0x0000001c   Data   RO            5    .constdata          main.o
    0x08003ba0   0x000007d0   Data   RO          301    .constdata          runparame.o
    0x08004370   0x00000028   Data   RO          316    .constdata          runpage.o
    0x08004398   0x00000020   Data   RO         3182    Region$$Table       anon$$obj.o


    Execution Region ER_RW (Base: 0x20000000, Size: 0x00000194, Max: 0xffffffff, ABSOLUTE, COMPRESSED[0x00000064])

    Base Addr    Size         Type   Attr      Idx    E Section Name        Object

    0x20000000   0x0000001c   Data   RW            6    .data               main.o
    0x2000001c   0x00000014   Data   RW          270    .data               system_stm32f10x.o
    0x20000030   0x00000024   Data   RW          317    .data               runpage.o
    0x20000054   0x0000005a   Data   RW          446    .data               tm1621.o
    0x200000ae   0x00000002   PAD
    0x200000b0   0x00000018   Data   RW          521    .data               cs1237.o
    0x200000c8   0x00000020   Data   RW          592    .data               key.o
    0x200000e8   0x00000038   Data   RW          625    .data               usart.o
    0x20000120   0x00000008   Data   RW          699    .data               delay.o
    0x20000128   0x00000014   Data   RW         1005    .data               stm32f10x_rcc.o
    0x2000013c   0x0000003c   Data   RW         2612    .data               tasks.o
    0x20000178   0x00000018   Data   RW         2870    .data               heap_4.o
    0x20000190   0x00000004   Data   RW         2920    .data               port.o


    Execution Region ER_ZI (Base: 0x20000194, Size: 0x00004bfc, Max: 0xffffffff, ABSOLUTE)

    Base Addr    Size         Type   Attr      Idx    E Section Name        Object

    0x20000194   0x00000190   Zero   RW          300    .bss                runparame.o
    0x20000324   0x00000032   Zero   RW          445    .bss                tm1621.o
    0x20000356   0x00000002   PAD
    0x20000358   0x000000f0   Zero   RW          520    .bss                cs1237.o
    0x20000448   0x000002e4   Zero   RW         2611    .bss                tasks.o
    0x2000072c   0x00004000   Zero   RW         2869    .bss                heap_4.o
    0x2000472c   0x00000060   Zero   RW         3056    .bss                c_w.l(libspace.o)
    0x2000478c   0x00000004   PAD
    0x20004790   0x00000200   Zero   RW          793    HEAP                startup_stm32f10x_hd.o
    0x20004990   0x00000400   Zero   RW          792    STACK               startup_stm32f10x_hd.o


==============================================================================

Image component sizes


      Code (inc. data)   RO Data    RW Data    ZI Data      Debug   Object Name

       430         78          0          0          0       2827   app.o
       410         20          0          0          0       3648   bsp_dma.o
       998         52          0         24        240       4688   cs1237.o
       346         32          0          8          0       3878   delay.o
         0          0          0          0          0       9272   event_groups.o
       508         62          0         24      16384       3679   heap_4.o
       414         22          0         32          0       3738   key.o
       148          0          0          0          0       3006   list.o
       444        148         28         28          0     264006   main.o
       132         22          0          0          0       1491   misc.o
       352          6          0          0          0       2629   mycomprocess.o
       412         50          0          4          0       8788   port.o
      1148         14          0          0          0       9066   queue.o
       864         48         40         36          0       3242   runpage.o
         0          0       2000          0        400       1218   runparame.o
       392         18          0          0          0       1819   rwflash.o
        64         26        304          0       1536        792   startup_stm32f10x_hd.o
        24         12          0          0          0        974   stm32f10x_bkp.o
       546         36          0          0          0       6649   stm32f10x_dma.o
       330         38          0          0          0       5272   stm32f10x_flash.o
       448          6          0          0          0       4422   stm32f10x_gpio.o
        20          0          0          0          0       2401   stm32f10x_it.o
        12          6          0          0          0        498   stm32f10x_pwr.o
       328         38          0         20          0       4881   stm32f10x_rcc.o
       416          6          0          0          0       4965   stm32f10x_usart.o
       124         22          0          0          0       1016   sys.o
       324         28          0         20          0       2017   system_stm32f10x.o
      2174        360          0         60        740      25076   tasks.o
      1230        100          0         90         50       6895   tm1621.o
       404         28          0         56          0       2718   usart.o

    ----------------------------------------------------------------------
     13452       1278       2404        404      19352     395571   Object Totals
         0          0         32          0          0          0   (incl. Generated)
        10          0          0          2          2          0   (incl. Padding)

    ----------------------------------------------------------------------

      Code (inc. data)   RO Data    RW Data    ZI Data      Debug   Library Member Name

        90          0          0          0          0          0   __dczerorl2.o
         8          0          0          0          0         68   __main.o
         0          0          0          0          0          0   __rtentry.o
        12          0          0          0          0          0   __rtentry2.o
         6          0          0          0          0          0   __rtentry4.o
        52          8          0          0          0          0   __scatter.o
        28          0          0          0          0          0   __scatter_zi.o
        18          0          0          0          0         80   exit.o
         6          0          0          0          0        152   heapauxi.o
         0          0          0          0          0          0   indicate_semi.o
         2          0          0          0          0          0   libinit.o
         2          0          0          0          0          0   libinit2.o
         2          0          0          0          0          0   libshutdown.o
         2          0          0          0          0          0   libshutdown2.o
         8          4          0          0         96         68   libspace.o
       138          0          0          0          0         68   rt_memcpy_v6.o
       100          0          0          0          0         80   rt_memcpy_w.o
         2          0          0          0          0          0   rtexit.o
        10          0          0          0          0          0   rtexit2.o
        12          4          0          0          0         68   sys_exit.o
        74          0          0          0          0         80   sys_stackheap_outer.o
         2          0          0          0          0         68   use_no_semi.o
       388         76          0          0          0         96   fdiv.o
        54          4          0          0          0         84   ffix.o
        48          0          0          0          0         68   fflt_clz.o
       258          4          0          0          0         84   fmul.o
       140          4          0          0          0         84   fnaninf.o
        10          0          0          0          0         68   fretinf.o
         0          0          0          0          0          0   usenofp.o

    ----------------------------------------------------------------------
      1480        104          0          0        100       1216   Library Totals
         8          0          0          0          4          0   (incl. Padding)

    ----------------------------------------------------------------------

      Code (inc. data)   RO Data    RW Data    ZI Data      Debug   Library Name

       574         16          0          0         96        732   c_w.l
       898         88          0          0          0        484   fz_ws.l

    ----------------------------------------------------------------------
      1480        104          0          0        100       1216   Library Totals

    ----------------------------------------------------------------------

==============================================================================


      Code (inc. data)   RO Data    RW Data    ZI Data      Debug   

     14932       1382       2404        404      19452     388983   Grand Totals
     14932       1382       2404        100      19452     388983   ELF Image Totals (compressed)
     14932       1382       2404        100          0          0   ROM Totals

==============================================================================

    Total RO  Size (Code + RO Data)                17336 (  16.93kB)
    Total RW  Size (RW Data + ZI Data)             19856 (  19.39kB)
    Total ROM Size (Code + RO Data + RW Data)      17436 (  17.03kB)

==============================================================================

