Component: ARM Compiler 5.06 update 6 (build 750) Tool: armlink [4d35ed]

==============================================================================

Section Cross References

    main.o(i.AppTaskCreate) refers to port.o(i.vPortEnterCritical) for vPortEnterCritical
    main.o(i.AppTaskCreate) refers to queue.o(i.xQueueGenericCreate) for xQueueGenericCreate
    main.o(i.AppTaskCreate) refers to tasks.o(i.xTaskCreate) for xTaskCreate
    main.o(i.AppTaskCreate) refers to tasks.o(i.vTaskDelete) for vTaskDelete
    main.o(i.AppTaskCreate) refers to port.o(i.vPortExitCritical) for vPortExitCritical
    main.o(i.AppTaskCreate) refers to main.o(.data) for ComNoticeBinarySem_Handle
    main.o(i.AppTaskCreate) refers to app.o(i.RunPage_Task) for RunPage_Task
    main.o(i.AppTaskCreate) refers to app.o(i.DealData_Task) for DealData_Task
    main.o(i.AppTaskCreate) refers to app.o(i.KeyDeal_Task) for KeyDeal_Task
    main.o(i.AppTaskCreate) refers to app.o(i.ComDeal_Task) for ComDeal_Task
    main.o(i.BSP_Init) refers to rt_memcpy_w.o(.text) for __aeabi_memcpy4
    main.o(i.BSP_Init) refers to delay.o(i.Stm32_Clock_Init) for Stm32_Clock_Init
    main.o(i.BSP_Init) refers to delay.o(i.delay_init) for delay_init
    main.o(i.BSP_Init) refers to cs1237.o(i.Ini_AD) for Ini_AD
    main.o(i.BSP_Init) refers to tm1621.o(i.TM1621_init) for TM1621_init
    main.o(i.BSP_Init) refers to tm1621.o(i.WriteAllData) for WriteAllData
    main.o(i.BSP_Init) refers to rwflash.o(i.readFromFlash) for readFromFlash
    main.o(i.BSP_Init) refers to misc.o(i.NVIC_PriorityGroupConfig) for NVIC_PriorityGroupConfig
    main.o(i.BSP_Init) refers to key.o(i.KeyInit) for KeyInit
    main.o(i.BSP_Init) refers to main.o(.constdata) for .constdata
    main.o(i.BSP_Init) refers to tm1621.o(.bss) for Tab0
    main.o(i.BSP_Init) refers to runparame.o(.bss) for UserData
    main.o(i.main) refers to main.o(i.BSP_Init) for BSP_Init
    main.o(i.main) refers to cs1237.o(i.Read_AD) for Read_AD
    main.o(i.main) refers to tasks.o(i.xTaskCreate) for xTaskCreate
    main.o(i.main) refers to tasks.o(i.vTaskStartScheduler) for vTaskStartScheduler
    main.o(i.main) refers to main.o(.data) for AppTaskCreate_Handle
    main.o(i.main) refers to main.o(i.AppTaskCreate) for AppTaskCreate
    system_stm32f10x.o(i.SetSysClock) refers to system_stm32f10x.o(i.SetSysClockTo36) for SetSysClockTo36
    system_stm32f10x.o(i.SystemCoreClockUpdate) refers to system_stm32f10x.o(.data) for SystemCoreClock
    system_stm32f10x.o(i.SystemInit) refers to system_stm32f10x.o(i.SetSysClock) for SetSysClock
    runpage.o(i.Num_Input) refers to delay.o(i.WT) for WT
    runpage.o(i.Num_Input) refers to tm1621.o(i.DisplayNum) for DisplayNum
    runpage.o(i.Num_Input) refers to fflt_clz.o(x$fpl$fflt) for __aeabi_i2f
    runpage.o(i.Num_Input) refers to fdiv.o(x$fpl$fdiv) for __aeabi_fdiv
    runpage.o(i.Num_Input) refers to fmul.o(x$fpl$fmul) for __aeabi_fmul
    runpage.o(i.Num_Input) refers to ffix.o(x$fpl$ffix) for __aeabi_f2iz
    runpage.o(i.Num_Input) refers to rwflash.o(i.writeToFlash) for writeToFlash
    runpage.o(i.Num_Input) refers to runparame.o(.bss) for RTData
    runpage.o(i.Num_Input) refers to delay.o(.data) for systemTime
    runpage.o(i.Num_Input) refers to runpage.o(.data) for Tms_glint
    runpage.o(i.Num_Input) refers to runpage.o(.constdata) for MAXNN
    runpage.o(i.Num_Input) refers to key.o(.data) for pKey2Information
    app.o(i.ComDeal_Task) refers to queue.o(i.xQueueGenericReceive) for xQueueGenericReceive
    app.o(i.ComDeal_Task) refers to mycomprocess.o(i.modbusDeal) for modbusDeal
    app.o(i.ComDeal_Task) refers to bsp_dma.o(i.DMA_TX_Enable) for DMA_TX_Enable
    app.o(i.ComDeal_Task) refers to tasks.o(i.vTaskDelay) for vTaskDelay
    app.o(i.ComDeal_Task) refers to main.o(.data) for ComNoticeBinarySem_Handle
    app.o(i.ComDeal_Task) refers to usart.o(.data) for pUsart1Inforemation
    app.o(i.DealData_Task) refers to cs1237.o(i.Read_AD) for Read_AD
    app.o(i.DealData_Task) refers to tasks.o(i.vTaskDelay) for vTaskDelay
    app.o(i.KeyDeal_Task) refers to key.o(i.keyStaticDetect) for keyStaticDetect
    app.o(i.KeyDeal_Task) refers to tasks.o(i.vTaskDelay) for vTaskDelay
    app.o(i.KeyDeal_Task) refers to key.o(.data) for pKey1Information
    app.o(i.KeyDeal_Task) refers to delay.o(.data) for systemTime
    app.o(i.RunPage_Task) refers to tm1621.o(i.DisplayNum) for DisplayNum
    app.o(i.RunPage_Task) refers to rwflash.o(i.writeToFlash) for writeToFlash
    app.o(i.RunPage_Task) refers to tm1621.o(i.Display1621) for Display1621
    app.o(i.RunPage_Task) refers to delay.o(i.WT) for WT
    app.o(i.RunPage_Task) refers to runpage.o(i.Num_Input) for Num_Input
    app.o(i.RunPage_Task) refers to tasks.o(i.vTaskDelay) for vTaskDelay
    app.o(i.RunPage_Task) refers to runparame.o(.bss) for RTData
    app.o(i.RunPage_Task) refers to key.o(.data) for pKey2Information
    app.o(i.RunPage_Task) refers to cs1237.o(.data) for FADNew
[...]
    ../clib/signal.c                         0x00000000   Number         0  defsig_rtred_inner.o ABSOLUTE
    ../clib/signal.c                         0x00000000   Number         0  defsig_rtmem_formal.o ABSOLUTE
    ../clib/signal.c                         0x00000000   Number         0  defsig_rtmem_outer.o ABSOLUTE
    ../clib/signal.c                         0x00000000   Number         0  defsig_segv_inner.o ABSOLUTE
    ../clib/signal.c                         0x00000000   Number         0  defsig_other.o ABSOLUTE
    ../clib/signal.c                         0x00000000   Number         0  defsig_cppl_inner.o ABSOLUTE
    ../clib/signal.c                         0x00000000   Number         0  defsig_pvfn_inner.o ABSOLUTE
    ../clib/signal.c                         0x00000000   Number         0  defsig_stak_inner.o ABSOLUTE
    ../clib/signal.c                         0x00000000   Number         0  defsig_fpe_inner.o ABSOLUTE
    ../clib/signal.c                         0x00000000   Number         0  defsig_abrt_inner.o ABSOLUTE
    ../clib/signal.c                         0x00000000   Number         0  defsig_general.o ABSOLUTE
    ../clib/signal.c                         0x00000000   Number         0  __raise.o ABSOLUTE
    ../clib/signal.c                         0x00000000   Number         0  defsig_rtmem_inner.o ABSOLUTE
    ../clib/signal.s                         0x00000000   Number         0  defsig.o ABSOLUTE
    ../clib/stdlib.c                         0x00000000   Number         0  exit.o ABSOLUTE
    ../fplib/fdiv.s                          0x00000000   Number         0  fdiv.o ABSOLUTE
    ../fplib/ffix.s                          0x00000000   Number         0  ffix.o ABSOLUTE
    ../fplib/fflt.s                          0x00000000   Number         0  fflt_clz.o ABSOLUTE
    ../fplib/fmul.s                          0x00000000   Number         0  fmul.o ABSOLUTE
    ../fplib/fnaninf.s                       0x00000000   Number         0  fnaninf.o ABSOLUTE
    ../fplib/fpinit.s                        0x00000000   Number         0  fpinit.o ABSOLUTE
    ../fplib/fretinf.s                       0x00000000   Number         0  fretinf.o ABSOLUTE
    ../fplib/usenofp.s                       0x00000000   Number         0  usenofp.o ABSOLUTE
    ..\CORE\core_cm3.c                       0x00000000   Number         0  core_cm3.o ABSOLUTE
    ..\CORE\startup_stm32f10x_hd.s           0x00000000   Number         0  startup_stm32f10x_hd.o ABSOLUTE
    ..\FreeRTOS\port\MemMang\heap_4.c        0x00000000   Number         0  heap_4.o ABSOLUTE
    ..\FreeRTOS\port\RVDS\ARM_CM3\port.c     0x00000000   Number         0  port.o ABSOLUTE
    ..\FreeRTOS\src\croutine.c               0x00000000   Number         0  croutine.o ABSOLUTE
    ..\FreeRTOS\src\event_groups.c           0x00000000   Number         0  event_groups.o ABSOLUTE
    ..\FreeRTOS\src\list.c                   0x00000000   Number         0  list.o ABSOLUTE
    ..\FreeRTOS\src\queue.c                  0x00000000   Number         0  queue.o ABSOLUTE
    ..\FreeRTOS\src\tasks.c                  0x00000000   Number         0  tasks.o ABSOLUTE
    ..\FreeRTOS\src\timers.c                 0x00000000   Number         0  timers.o ABSOLUTE
    ..\HARDWARE\CS1237\cs1237.c              0x00000000   Number         0  cs1237.o ABSOLUTE
    ..\HARDWARE\Dma\bsp_dma.c                0x00000000   Number         0  bsp_dma.o ABSOLUTE
    ..\HARDWARE\Flash\rwFlash.c              0x00000000   Number         0  rwflash.o ABSOLUTE
    ..\HARDWARE\Key\key.c                    0x00000000   Number         0  key.o ABSOLUTE
    ..\HARDWARE\TM1621\TM1621.c              0x00000000   Number         0  tm1621.o ABSOLUTE
    ..\HARDWARE\Usart\usart.c                0x00000000   Number         0  usart.o ABSOLUTE
    ..\STM32F10x_FWLib\src\misc.c            0x00000000   Number         0  misc.o ABSOLUTE
    ..\STM32F10x_FWLib\src\stm32f10x_bkp.c   0x00000000   Number         0  stm32f10x_bkp.o ABSOLUTE
    ..\STM32F10x_FWLib\src\stm32f10x_dbgmcu.c 0x00000000   Number         0  stm32f10x_dbgmcu.o ABSOLUTE
    ..\STM32F10x_FWLib\src\stm32f10x_dma.c   0x00000000   Number         0  stm32f10x_dma.o ABSOLUTE
    ..\STM32F10x_FWLib\src\stm32f10x_flash.c 0x00000000   Number         0  stm32f10x_flash.o ABSOLUTE
    ..\STM32F10x_FWLib\src\stm32f10x_gpio.c  0x00000000   Number         0  stm32f10x_gpio.o ABSOLUTE
    ..\STM32F10x_FWLib\src\stm32f10x_pwr.c   0x00000000   Number         0  stm32f10x_pwr.o ABSOLUTE
    ..\STM32F10x_FWLib\src\stm32f10x_rcc.c   0x00000000   Number         0  stm32f10x_rcc.o ABSOLUTE
    ..\STM32F10x_FWLib\src\stm32f10x_tim.c   0x00000000   Number         0  stm32f10x_tim.o ABSOLUTE
    ..\STM32F10x_FWLib\src\stm32f10x_usart.c 0x00000000   Number         0  stm32f10x_usart.o ABSOLUTE
    ..\SYSTEM\delay\delay.c                  0x00000000   Number         0  delay.o ABSOLUTE
    ..\SYSTEM\sys\sys.c                      0x00000000   Number         0  sys.o ABSOLUTE
    ..\\CORE\\core_cm3.c                     0x00000000   Number         0  core_cm3.o ABSOLUTE
    ..\\FreeRTOS\\port\\RVDS\\ARM_CM3\\port.c 0x00000000   Number         0  port.o ABSOLUTE
    ..\\SYSTEM\\sys\\sys.c                   0x00000000   Number         0  sys.o ABSOLUTE
    RunPage\runPage.c                        0x00000000   Number         0  runpage.o ABSOLUTE
    RunParame\runParame.c                    0x00000000   Number         0  runparame.o ABSOLUTE
    app\app.c                                0x00000000   Number         0  app.o ABSOLUTE
    dc.s                                     0x00000000   Number         0  dc.o ABSOLUTE
    main.c                                   0x00000000   Number         0  main.o ABSOLUTE
    myComProcess\myComProcess.c              0x00000000   Number         0  mycomprocess.o ABSOLUTE
    stm32f10x_it.c                           0x00000000   Number         0  stm32f10x_it.o ABSOLUTE
    system_stm32f10x.c                       0x00000000   Number         0  system_stm32f10x.o ABSOLUTE
    RESET                                    0x08000000   Section      304  startup_stm32f10x_hd.o(RESET)
    !!!main                                  0x08000130   Section        8  __main.o(!!!main)
    !!!scatter                               0x08000138   Section       52  __scatter.o(!!!scatter)
    !!dczerorl2                              0x0800016c   Section       90  __dczerorl2.o(!!dczerorl2)
    !!handler_zi                             0x080001c8   Section       28  __scatter_zi.o(!!handler_zi)
    .ARM.Collect$$libinit$$00000000          0x080001e4   Section        2  libinit.o(.ARM.Collect$$libinit$$00000000)
    .ARM.Collect$$libinit$$00000002          0x080001e6   Section        0  libinit2.o(.ARM.Collect$$libinit$$00000002)
    .ARM.Collect$$libinit$$00000004          0x080001e6   Section        0  libinit2.o(.ARM.Collect$$libinit$$00000004)
    .ARM.Collect$$libinit$$0000000A          0x080001e6   Section        0  libinit2.o(.ARM.Collect$$libinit$$0000000A)
    .ARM.Collect$$libinit$$0000000C          0x080001e6   Section        0  libinit2.o(.ARM.Collect$$libinit$$0000000C)
    .ARM.Collect$$libinit$$0000000E          0x080001e6   Section        0  libinit2.o(.ARM.Collect$$libinit$$0000000E)
    .ARM.Collect$$libinit$$00000011          0x080001e6   Section        0  libinit2.o(.ARM.Collect$$libinit$$00000011)
    .ARM.Collect$$libinit$$00000013          0x080001e6   Section        0  libinit2.o(.ARM.Collect$$libinit$$00000013)
    .ARM.Collect$$libinit$$00000015          0x080001e6   Section        0  libinit2.o(.ARM.Collect$$libinit$$00000015)
    .ARM.Collect$$libinit$$00000017          0x080001e6   Section        0  libinit2.o(.ARM.Collect$$libinit$$00000017)
    .ARM.Collect$$libinit$$00000019          0x080001e6   Section        0  libinit2.o(.ARM.Collect$$libinit$$00000019)
    .ARM.Collect$$libinit$$0000001B          0x080001e6   Section        0  libinit2.o(.ARM.Collect$$libinit$$0000001B)
    .ARM.Collect$$libinit$$0000001D          0x080001e6   Section        0  libinit2.o(.ARM.Collect$$libinit$$0000001D)
    .ARM.Collect$$libinit$$0000001F          0x080001e6   Section        0  libinit2.o(.ARM.Collect$$libinit$$0000001F)
    .ARM.Collect$$libinit$$00000021          0x080001e6   Section        0  libinit2.o(.ARM.Collect$$libinit$$00000021)
    .ARM.Collect$$libinit$$00000023          0x080001e6   Section        0  libinit2.o(.ARM.Collect$$libinit$$00000023)
    .ARM.Collect$$libinit$$00000025          0x080001e6   Section        0  libinit2.o(.ARM.Collect$$libinit$$00000025)
    .ARM.Collect$$libinit$$0000002C          0x080001e6   Section        0  libinit2.o(.ARM.Collect$$libinit$$0000002C)
    .ARM.Collect$$libinit$$0000002E          0x080001e6   Section        0  libinit2.o(.ARM.Collect$$libinit$$0000002E)
    .ARM.Collect$$libinit$$00000030          0x080001e6   Section        0  libinit2.o(.ARM.Collect$$libinit$$00000030)
    .ARM.Collect$$libinit$$00000032          0x080001e6   Section        0  libinit2.o(.ARM.Collect$$libinit$$00000032)
    .ARM.Collect$$libinit$$00000033          0x080001e6   Section        2  libinit2.o(.ARM.Collect$$libinit$$00000033)
    .ARM.Collect$$libshutdown$$00000000      0x080001e8   Section        2  libshutdown.o(.ARM.Collect$$libshutdown$$00000000)
    .ARM.Collect$$libshutdown$$00000002      0x080001ea   Section        0  libshutdown2.o(.ARM.Collect$$libshutdown$$00000002)
    .ARM.Collect$$libshutdown$$00000004      0x080001ea   Section        0  libshutdown2.o(.ARM.Collect$$libshutdown$$00000004)
    .ARM.Collect$$libshutdown$$00000007      0x080001ea   Section        0  libshutdown2.o(.ARM.Collect$$libshutdown$$00000007)
    .ARM.Collect$$libshutdown$$0000000A      0x080001ea   Section        0  libshutdown2.o(.ARM.Collect$$libshutdown$$0000000A)
    .ARM.Collect$$libshutdown$$0000000C      0x080001ea   Section        0  libshutdown2.o(.ARM.Collect$$libshutdown$$0000000C)
    .ARM.Collect$$libshutdown$$0000000F      0x080001ea   Section        0  libshutdown2.o(.ARM.Collect$$libshutdown$$0000000F)
    .ARM.Collect$$libshutdown$$00000010      0x080001ea   Section        2  libshutdown2.o(.ARM.Collect$$libshutdown$$00000010)
    .ARM.Collect$$rtentry$$00000000          0x080001ec   Section        0  __rtentry.o(.ARM.Collect$$rtentry$$00000000)
    .ARM.Collect$$rtentry$$00000002          0x080001ec   Section        0  __rtentry2.o(.ARM.Collect$$rtentry$$00000002)
    .ARM.Collect$$rtentry$$00000004          0x080001ec   Section        6  __rtentry4.o(.ARM.Collect$$rtentry$$00000004)
    .ARM.Collect$$rtentry$$00000009          0x080001f2   Section        0  __rtentry2.o(.ARM.Collect$$rtentry$$00000009)
    .ARM.Collect$$rtentry$$0000000A          0x080001f2   Section        4  __rtentry2.o(.ARM.Collect$$rtentry$$0000000A)
    .ARM.Collect$$rtentry$$0000000C          0x080001f6   Section        0  __rtentry2.o(.ARM.Collect$$rtentry$$0000000C)
    .ARM.Collect$$rtentry$$0000000D          0x080001f6   Section        8  __rtentry2.o(.ARM.Collect$$rtentry$$0000000D)
    .ARM.Collect$$rtexit$$00000000           0x080001fe   Section        2  rtexit.o(.ARM.Collect$$rtexit$$00000000)
    .ARM.Collect$$rtexit$$00000002           0x08000200   Section        0  rtexit2.o(.ARM.Collect$$rtexit$$00000002)
    .ARM.Collect$$rtexit$$00000003           0x08000200   Section        4  rtexit2.o(.ARM.Collect$$rtexit$$00000003)
    .ARM.Collect$$rtexit$$00000004           0x08000204   Section        6  rtexit2.o(.ARM.Collect$$rtexit$$00000004)
    .emb_text                                0x0800020c   Section      150  port.o(.emb_text)
    .text                                    0x080002a4   Section       64  startup_stm32f10x_hd.o(.text)
    .text                                    0x080002e4   Section      138  rt_memcpy_v6.o(.text)
    .text                                    0x0800036e   Section      100  rt_memcpy_w.o(.text)
    .text                                    0x080003d2   Section        0  heapauxi.o(.text)
    .text                                    0x080003d8   Section       74  sys_stackheap_outer.o(.text)
    .text                                    0x08000422   Section        0  exit.o(.text)
    .text                                    0x08000434   Section        8  libspace.o(.text)
    .text                                    0x0800043c   Section        0  sys_exit.o(.text)
    .text                                    0x08000448   Section        2  use_no_semi.o(.text)
    .text                                    0x0800044a   Section        0  indicate_semi.o(.text)
    i.AppTaskCreate                          0x0800044c   Section        0  main.o(i.AppTaskCreate)
    AppTaskCreate                            0x0800044d   Thumb Code   130  main.o(i.AppTaskCreate)
    i.BKP_ITConfig                           0x08000538   Section        0  stm32f10x_bkp.o(i.BKP_ITConfig)
    i.BKP_TamperPinCmd                       0x08000544   Section        0  stm32f10x_bkp.o(i.BKP_TamperPinCmd)
    i.BSP_Init                               0x08000550   Section        0  main.o(i.BSP_Init)
    i.BusFault_Handler                       0x080005b4   Section        0  stm32f10x_it.o(i.BusFault_Handler)
    i.CRC16_MODBUS                           0x080005b8   Section        0  mycomprocess.o(i.CRC16_MODBUS)
    i.ComDeal_Task                           0x08000634   Section        0  app.o(i.ComDeal_Task)
    i.DMA1_Channel4_IRQHandler               0x08000668   Section        0  bsp_dma.o(i.DMA1_Channel4_IRQHandler)
    i.DMA1_Channel5_IRQHandler               0x0800067e   Section        0  bsp_dma.o(i.DMA1_Channel5_IRQHandler)
    i.DMA_ClearFlag                          0x08000694   Section        0  stm32f10x_dma.o(i.DMA_ClearFlag)
    i.DMA_ClearITPendingBit                  0x080006b0   Section        0  stm32f10x_dma.o(i.DMA_ClearITPendingBit)
    i.DMA_Cmd                                0x080006cc   Section        0  stm32f10x_dma.o(i.DMA_Cmd)
    i.DMA_GetCurrDataCounter                 0x080006e4   Section        0  stm32f10x_dma.o(i.DMA_GetCurrDataCounter)
    i.DMA_GetITStatus                        0x080006ec   Section        0  stm32f10x_dma.o(i.DMA_GetITStatus)
    i.DMA_RX_Enable                          0x08000718   Section        0  bsp_dma.o(i.DMA_RX_Enable)
    i.DMA_SetCurrDataCounter                 0x08000738   Section        0  stm32f10x_dma.o(i.DMA_SetCurrDataCounter)
    i.DMA_TX_Enable                          0x0800073c   Section        0  bsp_dma.o(i.DMA_TX_Enable)
    i.DealData_Task                          0x08000756   Section        0  app.o(i.DealData_Task)
    i.DebugMon_Handler                       0x08000764   Section        0  stm32f10x_it.o(i.DebugMon_Handler)
    i.Delayus                                0x08000766   Section        0  cs1237.o(i.Delayus)
    i.Display1621                            0x08000784   Section        0  tm1621.o(i.Display1621)
    i.DisplayNum                             0x080008f0   Section        0  tm1621.o(i.DisplayNum)
    i.FLASH_ClearFlag                        0x080009e4   Section        0  stm32f10x_flash.o(i.FLASH_ClearFlag)
    i.FLASH_ErasePage                        0x080009f0   Section        0  stm32f10x_flash.o(i.FLASH_ErasePage)
    i.FLASH_GetBank1Status                   0x08000a3c   Section        0  stm32f10x_flash.o(i.FLASH_GetBank1Status)
    i.FLASH_Lock                             0x08000a70   Section        0  stm32f10x_flash.o(i.FLASH_Lock)
    i.FLASH_ProgramWord                      0x08000a84   Section        0  stm32f10x_flash.o(i.FLASH_ProgramWord)
    i.FLASH_Unlock                           0x08000af0   Section        0  stm32f10x_flash.o(i.FLASH_Unlock)
    i.FLASH_WaitForLastOperation             0x08000b08   Section        0  stm32f10x_flash.o(i.FLASH_WaitForLastOperation)
    i.GPIO_Init                              0x08000b2e   Section        0  stm32f10x_gpio.o(i.GPIO_Init)
    i.GPIO_PinRemapConfig                    0x08000c44   Section        0  stm32f10x_gpio.o(i.GPIO_PinRemapConfig)
    i.GPIO_ReadInputDataBit                  0x08000cd4   Section        0  stm32f10x_gpio.o(i.GPIO_ReadInputDataBit)
    i.GPIO_ResetBits                         0x08000ce6   Section        0  stm32f10x_gpio.o(i.GPIO_ResetBits)
    i.GPIO_SetBits                           0x08000cea   Section        0  stm32f10x_gpio.o(i.GPIO_SetBits)
    i.HardFault_Handler                      0x08000cee   Section        0  stm32f10x_it.o(i.HardFault_Handler)
    i.Ini_AD                                 0x08000cf4   Section        0  cs1237.o(i.Ini_AD)
    i.InvertUint16                           0x08000e88   Section        0  mycomprocess.o(i.InvertUint16)
    i.InvertUint8                            0x08000ec2   Section        0  mycomprocess.o(i.InvertUint8)
    i.KeyDeal_Task                           0x08000efc   Section        0  app.o(i.KeyDeal_Task)
    i.KeyInit                                0x08000f38   Section        0  key.o(i.KeyInit)
    i.MYRCC_DeInit                           0x08000f64   Section        0  sys.o(i.MYRCC_DeInit)
    i.MY_NVIC_SetVectorTable                 0x08000fcc   Section        0  sys.o(i.MY_NVIC_SetVectorTable)
    i.MemManage_Handler                      0x08000fe0   Section        0  stm32f10x_it.o(i.MemManage_Handler)
    i.NMI_Handler                            0x08000fe4   Section        0  stm32f10x_it.o(i.NMI_Handler)
    i.NVIC_PriorityGroupConfig               0x08000fe8   Section        0  misc.o(i.NVIC_PriorityGroupConfig)
    i.Num_Input                              0x08000ffc   Section        0  runpage.o(i.Num_Input)
    i.PWR_BackupAccessCmd                    0x0800132c   Section        0  stm32f10x_pwr.o(i.PWR_BackupAccessCmd)
    i.RCC_APB2PeriphClockCmd                 0x08001338   Section        0  stm32f10x_rcc.o(i.RCC_APB2PeriphClockCmd)
    i.RCC_LSEConfig                          0x08001358   Section        0  stm32f10x_rcc.o(i.RCC_LSEConfig)
    i.Read_AD                                0x0800138c   Section        0  cs1237.o(i.Read_AD)
    i.RunPage_Task                           0x08001528   Section        0  app.o(i.RunPage_Task)
    i.SetSysClock                            0x08001634   Section        0  system_stm32f10x.o(i.SetSysClock)
    SetSysClock                              0x08001635   Thumb Code     8  system_stm32f10x.o(i.SetSysClock)
    i.SetSysClockTo36                        0x0800163c   Section        0  system_stm32f10x.o(i.SetSysClockTo36)
    SetSysClockTo36                          0x0800163d   Thumb Code   210  system_stm32f10x.o(i.SetSysClockTo36)
    i.Stm32_Clock_Init                       0x08001718   Section        0  delay.o(i.Stm32_Clock_Init)
    i.SysTick_Handler                        0x0800179c   Section        0  delay.o(i.SysTick_Handler)
    i.SystemInit                             0x080017bc   Section        0  system_stm32f10x.o(i.SystemInit)
    i.TM1621_Gpio_Init                       0x0800181c   Section        0  tm1621.o(i.TM1621_Gpio_Init)
    i.TM1621_init                            0x080018bc   Section        0  tm1621.o(i.TM1621_init)
    i.USART1_IRQHandler                      0x0800190c   Section        0  usart.o(i.USART1_IRQHandler)
    i.USART_GetITStatus                      0x08001990   Section        0  stm32f10x_usart.o(i.USART_GetITStatus)
    i.UsageFault_Handler                     0x080019e4   Section        0  stm32f10x_it.o(i.UsageFault_Handler)
    i.WT                                     0x080019e8   Section        0  delay.o(i.WT)
    i.WriteAllData                           0x08001a10   Section        0  tm1621.o(i.WriteAllData)
    i.WriteCmd                               0x08001a54   Section        0  tm1621.o(i.WriteCmd)
    i.WriteOneData                           0x08001a84   Section        0  tm1621.o(i.WriteOneData)
    i.Write_Data_H                           0x08001ac0   Section        0  tm1621.o(i.Write_Data_H)
    i.Write_Data_L                           0x08001b10   Section        0  tm1621.o(i.Write_Data_L)
    i.adGPIOInit                             0x08001b5c   Section        0  cs1237.o(i.adGPIOInit)
    adGPIOInit                               0x08001b5d   Thumb Code    62  cs1237.o(i.adGPIOInit)
    i.adIn                                   0x08001ba0   Section        0  cs1237.o(i.adIn)
    adIn                                     0x08001ba1   Thumb Code    24  cs1237.o(i.adIn)
    i.adOut                                  0x08001bbc   Section        0  cs1237.o(i.adOut)
    adOut                                    0x08001bbd   Thumb Code    24  cs1237.o(i.adOut)
    i.delay_init                             0x08001bd8   Section        0  delay.o(i.delay_init)
    i.delay_ms                               0x08001c08   Section        0  delay.o(i.delay_ms)
    i.delay_nms                              0x08001c38   Section        0  tm1621.o(i.delay_nms)
    i.keyStaticDetect                        0x08001c54   Section        0  key.o(i.keyStaticDetect)
    i.main                                   0x08001cf4   Section        0  main.o(i.main)
    i.modbusDeal                             0x08001d44   Section        0  mycomprocess.o(i.modbusDeal)
    i.prvAddCurrentTaskToDelayedList         0x08001db4   Section        0  tasks.o(i.prvAddCurrentTaskToDelayedList)
    prvAddCurrentTaskToDelayedList           0x08001db5   Thumb Code   124  tasks.o(i.prvAddCurrentTaskToDelayedList)
    i.prvAddNewTaskToReadyList               0x08001e4c   Section        0  tasks.o(i.prvAddNewTaskToReadyList)
    prvAddNewTaskToReadyList                 0x08001e4d   Thumb Code   150  tasks.o(i.prvAddNewTaskToReadyList)
    i.prvCheckTasksWaitingTermination        0x08001f00   Section        0  tasks.o(i.prvCheckTasksWaitingTermination)
    prvCheckTasksWaitingTermination          0x08001f01   Thumb Code    86  tasks.o(i.prvCheckTasksWaitingTermination)
    i.prvCopyDataFromQueue                   0x08001f64   Section        0  queue.o(i.prvCopyDataFromQueue)
    prvCopyDataFromQueue                     0x08001f65   Thumb Code    42  queue.o(i.prvCopyDataFromQueue)
    i.prvCopyDataToQueue                     0x08001f8e   Section        0  queue.o(i.prvCopyDataToQueue)
    prvCopyDataToQueue                       0x08001f8f   Thumb Code   106  queue.o(i.prvCopyDataToQueue)
    i.prvDeleteTCB                           0x08001ff8   Section        0  tasks.o(i.prvDeleteTCB)
    prvDeleteTCB                             0x08001ff9   Thumb Code    18  tasks.o(i.prvDeleteTCB)
    i.prvHeapInit                            0x0800200c   Section        0  heap_4.o(i.prvHeapInit)
    prvHeapInit                              0x0800200d   Thumb Code    98  heap_4.o(i.prvHeapInit)
    i.prvIdleTask                            0x08002088   Section        0  tasks.o(i.prvIdleTask)
    prvIdleTask                              0x08002089   Thumb Code    32  tasks.o(i.prvIdleTask)
    i.prvInitialiseNewQueue                  0x080020b0   Section        0  queue.o(i.prvInitialiseNewQueue)
    prvInitialiseNewQueue                    0x080020b1   Thumb Code    38  queue.o(i.prvInitialiseNewQueue)
    i.prvInitialiseNewTask                   0x080020d6   Section        0  tasks.o(i.prvInitialiseNewTask)
    prvInitialiseNewTask                     0x080020d7   Thumb Code   128  tasks.o(i.prvInitialiseNewTask)
    i.prvInitialiseTaskLists                 0x08002158   Section        0  tasks.o(i.prvInitialiseTaskLists)
    prvInitialiseTaskLists                   0x08002159   Thumb Code    70  tasks.o(i.prvInitialiseTaskLists)
    i.prvInsertBlockIntoFreeList             0x080021c0   Section        0  heap_4.o(i.prvInsertBlockIntoFreeList)
    prvInsertBlockIntoFreeList               0x080021c1   Thumb Code    96  heap_4.o(i.prvInsertBlockIntoFreeList)
    i.prvIsQueueEmpty                        0x08002228   Section        0  queue.o(i.prvIsQueueEmpty)
    prvIsQueueEmpty                          0x08002229   Thumb Code    26  queue.o(i.prvIsQueueEmpty)
    i.prvIsQueueFull                         0x08002242   Section        0  queue.o(i.prvIsQueueFull)
    prvIsQueueFull                           0x08002243   Thumb Code    30  queue.o(i.prvIsQueueFull)
    i.prvResetNextTaskUnblockTime            0x08002260   Section        0  tasks.o(i.prvResetNextTaskUnblockTime)
    prvResetNextTaskUnblockTime              0x08002261   Thumb Code    42  tasks.o(i.prvResetNextTaskUnblockTime)
    i.prvTaskExitError                       0x08002294   Section        0  port.o(i.prvTaskExitError)
    prvTaskExitError                         0x08002295   Thumb Code    22  port.o(i.prvTaskExitError)
    i.prvUnlockQueue                         0x080022aa   Section        0  queue.o(i.prvUnlockQueue)
    prvUnlockQueue                           0x080022ab   Thumb Code   126  queue.o(i.prvUnlockQueue)
    i.pvPortMalloc                           0x08002328   Section        0  heap_4.o(i.pvPortMalloc)
    i.pxPortInitialiseStack                  0x080023f8   Section        0  port.o(i.pxPortInitialiseStack)
    i.readFromFlash                          0x0800241c   Section        0  rwflash.o(i.readFromFlash)
    i.uxListRemove                           0x080024ec   Section        0  list.o(i.uxListRemove)
    i.vListInitialise                        0x08002514   Section        0  list.o(i.vListInitialise)
    i.vListInitialiseItem                    0x0800252e   Section        0  list.o(i.vListInitialiseItem)
    i.vListInsert                            0x08002534   Section        0  list.o(i.vListInsert)
    i.vListInsertEnd                         0x08002568   Section        0  list.o(i.vListInsertEnd)
    i.vPortEnterCritical                     0x08002580   Section        0  port.o(i.vPortEnterCritical)
    i.vPortExitCritical                      0x080025a4   Section        0  port.o(i.vPortExitCritical)
    i.vPortFree                              0x080025c4   Section        0  heap_4.o(i.vPortFree)
    i.vPortSetupTimerInterrupt               0x0800260c   Section        0  port.o(i.vPortSetupTimerInterrupt)
    i.vTaskDelay                             0x0800262c   Section        0  tasks.o(i.vTaskDelay)
    i.vTaskDelete                            0x08002660   Section        0  tasks.o(i.vTaskDelete)
    i.vTaskMissedYield                       0x0800272c   Section        0  tasks.o(i.vTaskMissedYield)
    i.vTaskPlaceOnEventList                  0x08002738   Section        0  tasks.o(i.vTaskPlaceOnEventList)
    i.vTaskSetTimeOutState                   0x08002758   Section        0  tasks.o(i.vTaskSetTimeOutState)
    i.vTaskStartScheduler                    0x08002770   Section        0  tasks.o(i.vTaskStartScheduler)
    i.vTaskSuspendAll                        0x080027d4   Section        0  tasks.o(i.vTaskSuspendAll)
    i.vTaskSwitchContext                     0x080027e4   Section        0  tasks.o(i.vTaskSwitchContext)
    i.whichKeyInput                          0x08002844   Section        0  key.o(i.whichKeyInput)
    whichKeyInput                            0x08002845   Thumb Code    38  key.o(i.whichKeyInput)
    i.writeToFlash                           0x08002870   Section        0  rwflash.o(i.writeToFlash)
    i.xPortStartScheduler                    0x08002928   Section        0  port.o(i.xPortStartScheduler)
    i.xPortSysTickHandler                    0x0800295c   Section        0  port.o(i.xPortSysTickHandler)
    i.xQueueGenericCreate                    0x08002990   Section        0  queue.o(i.xQueueGenericCreate)
    i.xQueueGenericReceive                   0x080029c8   Section        0  queue.o(i.xQueueGenericReceive)
    i.xQueueGenericReset                     0x08002b04   Section        0  queue.o(i.xQueueGenericReset)
    i.xQueueGenericSend                      0x08002b84   Section        0  queue.o(i.xQueueGenericSend)
    i.xTaskCheckForTimeOut                   0x08002c9c   Section        0  tasks.o(i.xTaskCheckForTimeOut)
    i.xTaskCreate                            0x08002cf8   Section        0  tasks.o(i.xTaskCreate)
    i.xTaskGetSchedulerState                 0x08002d58   Section        0  tasks.o(i.xTaskGetSchedulerState)
    i.xTaskIncrementTick                     0x08002d78   Section        0  tasks.o(i.xTaskIncrementTick)
    i.xTaskRemoveFromEventList               0x08002e94   Section        0  tasks.o(i.xTaskRemoveFromEventList)
    i.xTaskResumeAll                         0x08002f14   Section        0  tasks.o(i.xTaskResumeAll)
    x$fpl$fdiv                               0x08002ffc   Section      388  fdiv.o(x$fpl$fdiv)
    _fdiv1                                   0x08002ffd   Thumb Code     0  fdiv.o(x$fpl$fdiv)
    x$fpl$ffix                               0x08003180   Section       54  ffix.o(x$fpl$ffix)
    x$fpl$fflt                               0x080031b8   Section       48  fflt_clz.o(x$fpl$fflt)
    x$fpl$fmul                               0x080031e8   Section      258  fmul.o(x$fpl$fmul)
    x$fpl$fnaninf                            0x080032ea   Section      140  fnaninf.o(x$fpl$fnaninf)
    x$fpl$fretinf                            0x08003376   Section       10  fretinf.o(x$fpl$fretinf)
    .constdata                               0x08003380   Section       38  main.o(.constdata)
    x$fpl$usenofp                            0x08003380   Section        0  usenofp.o(x$fpl$usenofp)
    .constdata                               0x080033a8   Section     2000  runparame.o(.constdata)
    .constdata                               0x08003b78   Section       40  runpage.o(.constdata)
    .data                                    0x20000000   Section       28  main.o(.data)
    AppTaskCreate_Handle                     0x20000000   Data           4  main.o(.data)
    RunPage_Task_Handle                      0x20000004   Data           4  main.o(.data)
    DealData_Task_Handle                     0x20000008   Data           4  main.o(.data)
    KeyDeal_Task_Handle                      0x2000000c   Data           4  main.o(.data)
    ComDeal_Task_Handle                      0x20000010   Data           4  main.o(.data)
    .data                                    0x2000001c   Section       20  system_stm32f10x.o(.data)
    .data                                    0x20000030   Section       28  runpage.o(.data)
    Tms_glint                                0x2000003c   Data           4  runpage.o(.data)
    Tms_Num                                  0x20000040   Data           4  runpage.o(.data)
    OldData                                  0x20000044   Data           4  runpage.o(.data)
    YesDot                                   0x20000048   Data           4  runpage.o(.data)
    .data                                    0x2000004c   Section       90  tm1621.o(.data)
    .data                                    0x200000a8   Section        8  cs1237.o(.data)
    .data                                    0x200000b0   Section       20  key.o(.data)
    .data                                    0x200000c4   Section       56  usart.o(.data)
    .data                                    0x200000fc   Section        8  delay.o(.data)
    .data                                    0x20000104   Section       60  tasks.o(.data)
    pxDelayedTaskList                        0x20000108   Data           4  tasks.o(.data)
    pxOverflowDelayedTaskList                0x2000010c   Data           4  tasks.o(.data)
    uxDeletedTasksWaitingCleanUp             0x20000110   Data           4  tasks.o(.data)
    uxCurrentNumberOfTasks                   0x20000114   Data           4  tasks.o(.data)
    xTickCount                               0x20000118   Data           4  tasks.o(.data)
    uxTopReadyPriority                       0x2000011c   Data           4  tasks.o(.data)
    xSchedulerRunning                        0x20000120   Data           4  tasks.o(.data)
    uxPendedTicks                            0x20000124   Data           4  tasks.o(.data)
    xYieldPending                            0x20000128   Data           4  tasks.o(.data)
    xNumOfOverflows                          0x2000012c   Data           4  tasks.o(.data)
    uxTaskNumber                             0x20000130   Data           4  tasks.o(.data)
    xNextTaskUnblockTime                     0x20000134   Data           4  tasks.o(.data)
    xIdleTaskHandle                          0x20000138   Data           4  tasks.o(.data)
    uxSchedulerSuspended                     0x2000013c   Data           4  tasks.o(.data)
    .data                                    0x20000140   Section       24  heap_4.o(.data)
    xStart                                   0x20000140   Data           8  heap_4.o(.data)
    pxEnd                                    0x20000148   Data           4  heap_4.o(.data)
    xFreeBytesRemaining                      0x2000014c   Data           4  heap_4.o(.data)
    xMinimumEverFreeBytesRemaining           0x20000150   Data           4  heap_4.o(.data)
    xBlockAllocatedBit                       0x20000154   Data           4  heap_4.o(.data)
    .data                                    0x20000158   Section        4  port.o(.data)
    uxCriticalNesting                        0x20000158   Data           4  port.o(.data)
    .bss                                     0x2000015c   Section      400  runparame.o(.bss)
    .bss                                     0x200002ec   Section       30  tm1621.o(.bss)
    .bss                                     0x2000030c   Section       80  cs1237.o(.bss)
    .bss                                     0x2000035c   Section      740  tasks.o(.bss)
    pxReadyTasksLists                        0x2000035c   Data         640  tasks.o(.bss)
    xDelayedTaskList1                        0x200005dc   Data          20  tasks.o(.bss)
    xDelayedTaskList2                        0x200005f0   Data          20  tasks.o(.bss)
    xPendingReadyList                        0x20000604   Data          20  tasks.o(.bss)
    xTasksWaitingTermination                 0x20000618   Data          20  tasks.o(.bss)
    xSuspendedTaskList                       0x2000062c   Data          20  tasks.o(.bss)
    .bss                                     0x20000640   Section    16384  heap_4.o(.bss)
    ucHeap                                   0x20000640   Data       16384  heap_4.o(.bss)
    .bss                                     0x20004640   Section       96  libspace.o(.bss)
    HEAP                                     0x200046a0   Section      512  startup_stm32f10x_hd.o(HEAP)
    Heap_Mem                                 0x200046a0   Data         512  startup_stm32f10x_hd.o(HEAP)
    STACK                                    0x200048a0   Section     1024  startup_stm32f10x_hd.o(STACK)
    Stack_Mem                                0x200048a0   Data        1024  startup_stm32f10x_hd.o(STACK)
    __initial_sp                             0x20004ca0   Data           0  startup_stm32f10x_hd.o(STACK)

    Global Symbols

    Symbol Name                              Value     Ov Type        Size  Object(Section)

    BuildAttributes$$THM_ISAv4$P$D$K$B$S$PE$A:L22UL41UL21$X:L11$S22US41US21$IEEE1$IW$USESV6$~STKCKD$USESV7$~SHL$OSPACE$ROPI$EBA8$UX$STANDARDLIB$REQ8$PRES8$EABIv2 0x00000000   Number         0  anon$$obj.o ABSOLUTE
    __ARM_use_no_argv                        0x00000000   Number         0  main.o ABSOLUTE
    __ARM_exceptions_init                     - Undefined Weak Reference
    __alloca_initialize                       - Undefined Weak Reference
    __arm_preinit_                            - Undefined Weak Reference
    __cpp_initialize__aeabi_                  - Undefined Weak Reference
    __cxa_finalize                            - Undefined Weak Reference
    __rt_locale                               - Undefined Weak Reference
    __sigvec_lookup                           - Undefined Weak Reference
    _atexit_init                              - Undefined Weak Reference
    _call_atexit_fns                          - Undefined Weak Reference
    _clock_init                               - Undefined Weak Reference
    _fp_trap_init                             - Undefined Weak Reference
    _fp_trap_shutdown                         - Undefined Weak Reference
    _get_lc_collate                           - Undefined Weak Reference
    _get_lc_ctype                             - Undefined Weak Reference
    _get_lc_monetary                          - Undefined Weak Reference
    _get_lc_numeric                           - Undefined Weak Reference
    _get_lc_time                              - Undefined Weak Reference
    _getenv_init                              - Undefined Weak Reference
    _handle_redirection                       - Undefined Weak Reference
    _init_alloc                               - Undefined Weak Reference
    _init_user_alloc                          - Undefined Weak Reference
    _initio                                   - Undefined Weak Reference
    _rand_init                                - Undefined Weak Reference
    _signal_finish                            - Undefined Weak Reference
    _signal_init                              - Undefined Weak Reference
    _terminate_alloc                          - Undefined Weak Reference
    _terminate_user_alloc                     - Undefined Weak Reference
    _terminateio                              - Undefined Weak Reference
    __Vectors_Size                           0x00000130   Number         0  startup_stm32f10x_hd.o ABSOLUTE
    __Vectors                                0x08000000   Data           4  startup_stm32f10x_hd.o(RESET)
    __Vectors_End                            0x08000130   Data           0  startup_stm32f10x_hd.o(RESET)
    __main                                   0x08000131   Thumb Code     8  __main.o(!!!main)
    __scatterload                            0x08000139   Thumb Code     0  __scatter.o(!!!scatter)
    __scatterload_rt2                        0x08000139   Thumb Code    44  __scatter.o(!!!scatter)
    __scatterload_rt2_thumb_only             0x08000139   Thumb Code     0  __scatter.o(!!!scatter)
    __scatterload_null                       0x08000147   Thumb Code     0  __scatter.o(!!!scatter)
    __decompress                             0x0800016d   Thumb Code    90  __dczerorl2.o(!!dczerorl2)
    __decompress1                            0x0800016d   Thumb Code     0  __dczerorl2.o(!!dczerorl2)
    __scatterload_zeroinit                   0x080001c9   Thumb Code    28  __scatter_zi.o(!!handler_zi)
    __rt_lib_init                            0x080001e5   Thumb Code     0  libinit.o(.ARM.Collect$$libinit$$00000000)
    __rt_lib_init_alloca_1                   0x080001e7   Thumb Code     0  libinit2.o(.ARM.Collect$$libinit$$0000002E)
    __rt_lib_init_argv_1                     0x080001e7   Thumb Code     0  libinit2.o(.ARM.Collect$$libinit$$0000002C)
    __rt_lib_init_atexit_1                   0x080001e7   Thumb Code     0  libinit2.o(.ARM.Collect$$libinit$$0000001B)
    __rt_lib_init_clock_1                    0x080001e7   Thumb Code     0  libinit2.o(.ARM.Collect$$libinit$$00000021)
    __rt_lib_init_cpp_1                      0x080001e7   Thumb Code     0  libinit2.o(.ARM.Collect$$libinit$$00000032)
    __rt_lib_init_exceptions_1               0x080001e7   Thumb Code     0  libinit2.o(.ARM.Collect$$libinit$$00000030)
    __rt_lib_init_fp_1                       0x080001e7   Thumb Code     0  libinit2.o(.ARM.Collect$$libinit$$00000002)
    __rt_lib_init_fp_trap_1                  0x080001e7   Thumb Code     0  libinit2.o(.ARM.Collect$$libinit$$0000001F)
    __rt_lib_init_getenv_1                   0x080001e7   Thumb Code     0  libinit2.o(.ARM.Collect$$libinit$$00000023)
    __rt_lib_init_heap_1                     0x080001e7   Thumb Code     0  libinit2.o(.ARM.Collect$$libinit$$0000000A)
    __rt_lib_init_lc_collate_1               0x080001e7   Thumb Code     0  libinit2.o(.ARM.Collect$$libinit$$00000011)
    __rt_lib_init_lc_ctype_1                 0x080001e7   Thumb Code     0  libinit2.o(.ARM.Collect$$libinit$$00000013)
    __rt_lib_init_lc_monetary_1              0x080001e7   Thumb Code     0  libinit2.o(.ARM.Collect$$libinit$$00000015)
    __rt_lib_init_lc_numeric_1               0x080001e7   Thumb Code     0  libinit2.o(.ARM.Collect$$libinit$$00000017)
    __rt_lib_init_lc_time_1                  0x080001e7   Thumb Code     0  libinit2.o(.ARM.Collect$$libinit$$00000019)
    __rt_lib_init_preinit_1                  0x080001e7   Thumb Code     0  libinit2.o(.ARM.Collect$$libinit$$00000004)
    __rt_lib_init_rand_1                     0x080001e7   Thumb Code     0  libinit2.o(.ARM.Collect$$libinit$$0000000E)
    __rt_lib_init_return                     0x080001e7   Thumb Code     0  libinit2.o(.ARM.Collect$$libinit$$00000033)
    __rt_lib_init_signal_1                   0x080001e7   Thumb Code     0  libinit2.o(.ARM.Collect$$libinit$$0000001D)
    __rt_lib_init_stdio_1                    0x080001e7   Thumb Code     0  libinit2.o(.ARM.Collect$$libinit$$00000025)
    __rt_lib_init_user_alloc_1               0x080001e7   Thumb Code     0  libinit2.o(.ARM.Collect$$libinit$$0000000C)
    __rt_lib_shutdown                        0x080001e9   Thumb Code     0  libshutdown.o(.ARM.Collect$$libshutdown$$00000000)
    __rt_lib_shutdown_cpp_1                  0x080001eb   Thumb Code     0  libshutdown2.o(.ARM.Collect$$libshutdown$$00000002)
    __rt_lib_shutdown_fp_trap_1              0x080001eb   Thumb Code     0  libshutdown2.o(.ARM.Collect$$libshutdown$$00000007)
    __rt_lib_shutdown_heap_1                 0x080001eb   Thumb Code     0  libshutdown2.o(.ARM.Collect$$libshutdown$$0000000F)
    __rt_lib_shutdown_return                 0x080001eb   Thumb Code     0  libshutdown2.o(.ARM.Collect$$libshutdown$$00000010)
    __rt_lib_shutdown_signal_1               0x080001eb   Thumb Code     0  libshutdown2.o(.ARM.Collect$$libshutdown$$0000000A)
    __rt_lib_shutdown_stdio_1                0x080001eb   Thumb Code     0  libshutdown2.o(.ARM.Collect$$libshutdown$$00000004)
    __rt_lib_shutdown_user_alloc_1           0x080001eb   Thumb Code     0  libshutdown2.o(.ARM.Collect$$libshutdown$$0000000C)
    __rt_entry                               0x080001ed   Thumb Code     0  __rtentry.o(.ARM.Collect$$rtentry$$00000000)
    __rt_entry_presh_1                       0x080001ed   Thumb Code     0  __rtentry2.o(.ARM.Collect$$rtentry$$00000002)
    __rt_entry_sh                            0x080001ed   Thumb Code     0  __rtentry4.o(.ARM.Collect$$rtentry$$00000004)
    __rt_entry_li                            0x080001f3   Thumb Code     0  __rtentry2.o(.ARM.Collect$$rtentry$$0000000A)
    __rt_entry_postsh_1                      0x080001f3   Thumb Code     0  __rtentry2.o(.ARM.Collect$$rtentry$$00000009)
    __rt_entry_main                          0x080001f7   Thumb Code     0  __rtentry2.o(.ARM.Collect$$rtentry$$0000000D)
    __rt_entry_postli_1                      0x080001f7   Thumb Code     0  __rtentry2.o(.ARM.Collect$$rtentry$$0000000C)
    __rt_exit                                0x080001ff   Thumb Code     0  rtexit.o(.ARM.Collect$$rtexit$$00000000)
    __rt_exit_ls                             0x08000201   Thumb Code     0  rtexit2.o(.ARM.Collect$$rtexit$$00000003)
    __rt_exit_prels_1                        0x08000201   Thumb Code     0  rtexit2.o(.ARM.Collect$$rtexit$$00000002)
    __rt_exit_exit                           0x08000205   Thumb Code     0  rtexit2.o(.ARM.Collect$$rtexit$$00000004)
    SVC_Handler                              0x0800020d   Thumb Code    32  port.o(.emb_text)
    __asm___6_port_c_39a90d8d__prvStartFirstTask 0x08000231   Thumb Code    28  port.o(.emb_text)
    PendSV_Handler                           0x08000251   Thumb Code    72  port.o(.emb_text)
    vPortGetIPSR                             0x0800029d   Thumb Code     6  port.o(.emb_text)
    Reset_Handler                            0x080002a5   Thumb Code     8  startup_stm32f10x_hd.o(.text)
    ADC1_2_IRQHandler                        0x080002bf   Thumb Code     0  startup_stm32f10x_hd.o(.text)
    ADC3_IRQHandler                          0x080002bf   Thumb Code     0  startup_stm32f10x_hd.o(.text)
    CAN1_RX1_IRQHandler                      0x080002bf   Thumb Code     0  startup_stm32f10x_hd.o(.text)
    CAN1_SCE_IRQHandler                      0x080002bf   Thumb Code     0  startup_stm32f10x_hd.o(.text)
    DMA1_Channel1_IRQHandler                 0x080002bf   Thumb Code     0  startup_stm32f10x_hd.o(.text)
    DMA1_Channel2_IRQHandler                 0x080002bf   Thumb Code     0  startup_stm32f10x_hd.o(.text)
    DMA1_Channel3_IRQHandler                 0x080002bf   Thumb Code     0  startup_stm32f10x_hd.o(.text)
    DMA1_Channel6_IRQHandler                 0x080002bf   Thumb Code     0  startup_stm32f10x_hd.o(.text)
    DMA1_Channel7_IRQHandler                 0x080002bf   Thumb Code     0  startup_stm32f10x_hd.o(.text)
    DMA2_Channel1_IRQHandler                 0x080002bf   Thumb Code     0  startup_stm32f10x_hd.o(.text)
    DMA2_Channel2_IRQHandler                 0x080002bf   Thumb Code     0  startup_stm32f10x_hd.o(.text)
    DMA2_Channel3_IRQHandler                 0x080002bf   Thumb Code     0  startup_stm32f10x_hd.o(.text)
    DMA2_Channel4_5_IRQHandler               0x080002bf   Thumb Code     0  startup_stm32f10x_hd.o(.text)
    EXTI0_IRQHandler                         0x080002bf   Thumb Code     0  startup_stm32f10x_hd.o(.text)
    EXTI15_10_IRQHandler                     0x080002bf   Thumb Code     0  startup_stm32f10x_hd.o(.text)
    EXTI1_IRQHandler                         0x080002bf   Thumb Code     0  startup_stm32f10x_hd.o(.text)
    EXTI2_IRQHandler                         0x080002bf   Thumb Code     0  startup_stm32f10x_hd.o(.text)
    EXTI3_IRQHandler                         0x080002bf   Thumb Code     0  startup_stm32f10x_hd.o(.text)
    EXTI4_IRQHandler                         0x080002bf   Thumb Code     0  startup_stm32f10x_hd.o(.text)
    EXTI9_5_IRQHandler                       0x080002bf   Thumb Code     0  startup_stm32f10x_hd.o(.text)
    FLASH_IRQHandler                         0x080002bf   Thumb Code     0  startup_stm32f10x_hd.o(.text)
    FSMC_IRQHandler                          0x080002bf   Thumb Code     0  startup_stm32f10x_hd.o(.text)
    I2C1_ER_IRQHandler                       0x080002bf   Thumb Code     0  startup_stm32f10x_hd.o(.text)
    I2C1_EV_IRQHandler                       0x080002bf   Thumb Code     0  startup_stm32f10x_hd.o(.text)
    I2C2_ER_IRQHandler                       0x080002bf   Thumb Code     0  startup_stm32f10x_hd.o(.text)
    I2C2_EV_IRQHandler                       0x080002bf   Thumb Code     0  startup_stm32f10x_hd.o(.text)
    PVD_IRQHandler                           0x080002bf   Thumb Code     0  startup_stm32f10x_hd.o(.text)
    RCC_IRQHandler                           0x080002bf   Thumb Code     0  startup_stm32f10x_hd.o(.text)
    RTCAlarm_IRQHandler                      0x080002bf   Thumb Code     0  startup_stm32f10x_hd.o(.text)
    RTC_IRQHandler                           0x080002bf   Thumb Code     0  startup_stm32f10x_hd.o(.text)
    SDIO_IRQHandler                          0x080002bf   Thumb Code     0  startup_stm32f10x_hd.o(.text)
    SPI1_IRQHandler                          0x080002bf   Thumb Code     0  startup_stm32f10x_hd.o(.text)
    SPI2_IRQHandler                          0x080002bf   Thumb Code     0  startup_stm32f10x_hd.o(.text)
    SPI3_IRQHandler                          0x080002bf   Thumb Code     0  startup_stm32f10x_hd.o(.text)
    TAMPER_IRQHandler                        0x080002bf   Thumb Code     0  startup_stm32f10x_hd.o(.text)
    TIM1_BRK_IRQHandler                      0x080002bf   Thumb Code     0  startup_stm32f10x_hd.o(.text)
    TIM1_CC_IRQHandler                       0x080002bf   Thumb Code     0  startup_stm32f10x_hd.o(.text)
    TIM1_TRG_COM_IRQHandler                  0x080002bf   Thumb Code     0  startup_stm32f10x_hd.o(.text)
    TIM1_UP_IRQHandler                       0x080002bf   Thumb Code     0  startup_stm32f10x_hd.o(.text)
    TIM2_IRQHandler                          0x080002bf   Thumb Code     0  startup_stm32f10x_hd.o(.text)
    TIM3_IRQHandler                          0x080002bf   Thumb Code     0  startup_stm32f10x_hd.o(.text)
    TIM4_IRQHandler                          0x080002bf   Thumb Code     0  startup_stm32f10x_hd.o(.text)
    TIM5_IRQHandler                          0x080002bf   Thumb Code     0  startup_stm32f10x_hd.o(.text)
    TIM6_IRQHandler                          0x080002bf   Thumb Code     0  startup_stm32f10x_hd.o(.text)
    TIM7_IRQHandler                          0x080002bf   Thumb Code     0  startup_stm32f10x_hd.o(.text)
    TIM8_BRK_IRQHandler                      0x080002bf   Thumb Code     0  startup_stm32f10x_hd.o(.text)
    TIM8_CC_IRQHandler                       0x080002bf   Thumb Code     0  startup_stm32f10x_hd.o(.text)
    TIM8_TRG_COM_IRQHandler                  0x080002bf   Thumb Code     0  startup_stm32f10x_hd.o(.text)
    TIM8_UP_IRQHandler                       0x080002bf   Thumb Code     0  startup_stm32f10x_hd.o(.text)
    UART4_IRQHandler                         0x080002bf   Thumb Code     0  startup_stm32f10x_hd.o(.text)
    UART5_IRQHandler                         0x080002bf   Thumb Code     0  startup_stm32f10x_hd.o(.text)
    USART2_IRQHandler                        0x080002bf   Thumb Code     0  startup_stm32f10x_hd.o(.text)
    USART3_IRQHandler                        0x080002bf   Thumb Code     0  startup_stm32f10x_hd.o(.text)
    USBWakeUp_IRQHandler                     0x080002bf   Thumb Code     0  startup_stm32f10x_hd.o(.text)
    USB_HP_CAN1_TX_IRQHandler                0x080002bf   Thumb Code     0  startup_stm32f10x_hd.o(.text)
    USB_LP_CAN1_RX0_IRQHandler               0x080002bf   Thumb Code     0  startup_stm32f10x_hd.o(.text)
    WWDG_IRQHandler                          0x080002bf   Thumb Code     0  startup_stm32f10x_hd.o(.text)
    __user_initial_stackheap                 0x080002c1   Thumb Code     0  startup_stm32f10x_hd.o(.text)
    __aeabi_memcpy                           0x080002e5   Thumb Code     0  rt_memcpy_v6.o(.text)
    __rt_memcpy                              0x080002e5   Thumb Code   138  rt_memcpy_v6.o(.text)
    _memcpy_lastbytes                        0x0800034b   Thumb Code     0  rt_memcpy_v6.o(.text)
    __aeabi_memcpy4                          0x0800036f   Thumb Code     0  rt_memcpy_w.o(.text)
    __aeabi_memcpy8                          0x0800036f   Thumb Code     0  rt_memcpy_w.o(.text)
    __rt_memcpy_w                            0x0800036f   Thumb Code   100  rt_memcpy_w.o(.text)
    _memcpy_lastbytes_aligned                0x080003b7   Thumb Code     0  rt_memcpy_w.o(.text)
    __use_two_region_memory                  0x080003d3   Thumb Code     2  heapauxi.o(.text)
    __rt_heap_escrow$2region                 0x080003d5   Thumb Code     2  heapauxi.o(.text)
    __rt_heap_expand$2region                 0x080003d7   Thumb Code     2  heapauxi.o(.text)
    __user_setup_stackheap                   0x080003d9   Thumb Code    74  sys_stackheap_outer.o(.text)
    exit                                     0x08000423   Thumb Code    18  exit.o(.text)
    __user_libspace                          0x08000435   Thumb Code     8  libspace.o(.text)
    __user_perproc_libspace                  0x08000435   Thumb Code     0  libspace.o(.text)
    __user_perthread_libspace                0x08000435   Thumb Code     0  libspace.o(.text)
    _sys_exit                                0x0800043d   Thumb Code     8  sys_exit.o(.text)
    __I$use$semihosting                      0x08000449   Thumb Code     0  use_no_semi.o(.text)
    __use_no_semihosting_swi                 0x08000449   Thumb Code     2  use_no_semi.o(.text)
    __semihosting_library_function           0x0800044b   Thumb Code     0  indicate_semi.o(.text)
    BKP_ITConfig                             0x08000539   Thumb Code     6  stm32f10x_bkp.o(i.BKP_ITConfig)
    BKP_TamperPinCmd                         0x08000545   Thumb Code     6  stm32f10x_bkp.o(i.BKP_TamperPinCmd)
    BSP_Init                                 0x08000551   Thumb Code    88  main.o(i.BSP_Init)
    BusFault_Handler                         0x080005b5   Thumb Code     4  stm32f10x_it.o(i.BusFault_Handler)
    CRC16_MODBUS                             0x080005b9   Thumb Code   124  mycomprocess.o(i.CRC16_MODBUS)
    ComDeal_Task                             0x08000635   Thumb Code    40  app.o(i.ComDeal_Task)
    DMA1_Channel4_IRQHandler                 0x08000669   Thumb Code    22  bsp_dma.o(i.DMA1_Channel4_IRQHandler)
    DMA1_Channel5_IRQHandler                 0x0800067f   Thumb Code    22  bsp_dma.o(i.DMA1_Channel5_IRQHandler)
    DMA_ClearFlag                            0x08000695   Thumb Code    18  stm32f10x_dma.o(i.DMA_ClearFlag)
    DMA_ClearITPendingBit                    0x080006b1   Thumb Code    18  stm32f10x_dma.o(i.DMA_ClearITPendingBit)
    DMA_Cmd                                  0x080006cd   Thumb Code    24  stm32f10x_dma.o(i.DMA_Cmd)
    DMA_GetCurrDataCounter                   0x080006e5   Thumb Code     8  stm32f10x_dma.o(i.DMA_GetCurrDataCounter)
    DMA_GetITStatus                          0x080006ed   Thumb Code    36  stm32f10x_dma.o(i.DMA_GetITStatus)
    DMA_RX_Enable                            0x08000719   Thumb Code    32  bsp_dma.o(i.DMA_RX_Enable)
    DMA_SetCurrDataCounter                   0x08000739   Thumb Code     4  stm32f10x_dma.o(i.DMA_SetCurrDataCounter)
    DMA_TX_Enable                            0x0800073d   Thumb Code    26  bsp_dma.o(i.DMA_TX_Enable)
    DealData_Task                            0x08000757   Thumb Code    14  app.o(i.DealData_Task)
    DebugMon_Handler                         0x08000765   Thumb Code     2  stm32f10x_it.o(i.DebugMon_Handler)
    Delayus                                  0x08000767   Thumb Code    30  cs1237.o(i.Delayus)
    Display1621                              0x08000785   Thumb Code   352  tm1621.o(i.Display1621)
    DisplayNum                               0x080008f1   Thumb Code   234  tm1621.o(i.DisplayNum)
    FLASH_ClearFlag                          0x080009e5   Thumb Code     6  stm32f10x_flash.o(i.FLASH_ClearFlag)
    FLASH_ErasePage                          0x080009f1   Thumb Code    72  stm32f10x_flash.o(i.FLASH_ErasePage)
    FLASH_GetBank1Status                     0x08000a3d   Thumb Code    48  stm32f10x_flash.o(i.FLASH_GetBank1Status)
    FLASH_Lock                               0x08000a71   Thumb Code    14  stm32f10x_flash.o(i.FLASH_Lock)
    FLASH_ProgramWord                        0x08000a85   Thumb Code   102  stm32f10x_flash.o(i.FLASH_ProgramWord)
    FLASH_Unlock                             0x08000af1   Thumb Code    12  stm32f10x_flash.o(i.FLASH_Unlock)
    FLASH_WaitForLastOperation               0x08000b09   Thumb Code    38  stm32f10x_flash.o(i.FLASH_WaitForLastOperation)
    GPIO_Init                                0x08000b2f   Thumb Code   278  stm32f10x_gpio.o(i.GPIO_Init)
    GPIO_PinRemapConfig                      0x08000c45   Thumb Code   138  stm32f10x_gpio.o(i.GPIO_PinRemapConfig)
    GPIO_ReadInputDataBit                    0x08000cd5   Thumb Code    18  stm32f10x_gpio.o(i.GPIO_ReadInputDataBit)
    GPIO_ResetBits                           0x08000ce7   Thumb Code     4  stm32f10x_gpio.o(i.GPIO_ResetBits)
    GPIO_SetBits                             0x08000ceb   Thumb Code     4  stm32f10x_gpio.o(i.GPIO_SetBits)
    HardFault_Handler                        0x08000cef   Thumb Code     4  stm32f10x_it.o(i.HardFault_Handler)
    Ini_AD                                   0x08000cf5   Thumb Code   398  cs1237.o(i.Ini_AD)
    InvertUint16                             0x08000e89   Thumb Code    58  mycomprocess.o(i.InvertUint16)
    InvertUint8                              0x08000ec3   Thumb Code    58  mycomprocess.o(i.InvertUint8)
    KeyDeal_Task                             0x08000efd   Thumb Code    42  app.o(i.KeyDeal_Task)
    KeyInit                                  0x08000f39   Thumb Code    40  key.o(i.KeyInit)
    MYRCC_DeInit                             0x08000f65   Thumb Code    90  sys.o(i.MYRCC_DeInit)
    MY_NVIC_SetVectorTable                   0x08000fcd   Thumb Code    12  sys.o(i.MY_NVIC_SetVectorTable)
    MemManage_Handler                        0x08000fe1   Thumb Code     4  stm32f10x_it.o(i.MemManage_Handler)
    NMI_Handler                              0x08000fe5   Thumb Code     2  stm32f10x_it.o(i.NMI_Handler)
    NVIC_PriorityGroupConfig                 0x08000fe9   Thumb Code    10  misc.o(i.NVIC_PriorityGroupConfig)
    Num_Input                                0x08000ffd   Thumb Code   758  runpage.o(i.Num_Input)
    PWR_BackupAccessCmd                      0x0800132d   Thumb Code     6  stm32f10x_pwr.o(i.PWR_BackupAccessCmd)
    RCC_APB2PeriphClockCmd                   0x08001339   Thumb Code    26  stm32f10x_rcc.o(i.RCC_APB2PeriphClockCmd)
    RCC_LSEConfig                            0x08001359   Thumb Code    46  stm32f10x_rcc.o(i.RCC_LSEConfig)
    Read_AD                                  0x0800138d   Thumb Code   384  cs1237.o(i.Read_AD)
    RunPage_Task                             0x08001529   Thumb Code   226  app.o(i.RunPage_Task)
    Stm32_Clock_Init                         0x08001719   Thumb Code   122  delay.o(i.Stm32_Clock_Init)
    SysTick_Handler                          0x0800179d   Thumb Code    26  delay.o(i.SysTick_Handler)
    SystemInit                               0x080017bd   Thumb Code    78  system_stm32f10x.o(i.SystemInit)
    TM1621_Gpio_Init                         0x0800181d   Thumb Code   142  tm1621.o(i.TM1621_Gpio_Init)
    TM1621_init                              0x080018bd   Thumb Code    68  tm1621.o(i.TM1621_init)
    USART1_IRQHandler                        0x0800190d   Thumb Code   116  usart.o(i.USART1_IRQHandler)
    USART_GetITStatus                        0x08001991   Thumb Code    84  stm32f10x_usart.o(i.USART_GetITStatus)
    UsageFault_Handler                       0x080019e5   Thumb Code     4  stm32f10x_it.o(i.UsageFault_Handler)
    WT                                       0x080019e9   Thumb Code    34  delay.o(i.WT)
    WriteAllData                             0x08001a11   Thumb Code    64  tm1621.o(i.WriteAllData)
    WriteCmd                                 0x08001a55   Thumb Code    40  tm1621.o(i.WriteCmd)
    WriteOneData                             0x08001a85   Thumb Code    50  tm1621.o(i.WriteOneData)
    Write_Data_H                             0x08001ac1   Thumb Code    70  tm1621.o(i.Write_Data_H)
    Write_Data_L                             0x08001b11   Thumb Code    68  tm1621.o(i.Write_Data_L)
    delay_init                               0x08001bd9   Thumb Code    48  delay.o(i.delay_init)
    delay_ms                                 0x08001c09   Thumb Code    38  delay.o(i.delay_ms)
    delay_nms                                0x08001c39   Thumb Code    26  tm1621.o(i.delay_nms)
    keyStaticDetect                          0x08001c55   Thumb Code   154  key.o(i.keyStaticDetect)
    main                                     0x08001cf5   Thumb Code    54  main.o(i.main)
    modbusDeal                               0x08001d45   Thumb Code   106  mycomprocess.o(i.modbusDeal)
    pvPortMalloc                             0x08002329   Thumb Code   188  heap_4.o(i.pvPortMalloc)
    pxPortInitialiseStack                    0x080023f9   Thumb Code    30  port.o(i.pxPortInitialiseStack)
    readFromFlash                            0x0800241d   Thumb Code   198  rwflash.o(i.readFromFlash)
    uxListRemove                             0x080024ed   Thumb Code    40  list.o(i.uxListRemove)
    vListInitialise                          0x08002515   Thumb Code    26  list.o(i.vListInitialise)
    vListInitialiseItem                      0x0800252f   Thumb Code     6  list.o(i.vListInitialiseItem)
    vListInsert                              0x08002535   Thumb Code    52  list.o(i.vListInsert)
    vListInsertEnd                           0x08002569   Thumb Code    24  list.o(i.vListInsertEnd)
    vPortEnterCritical                       0x08002581   Thumb Code    30  port.o(i.vPortEnterCritical)
    vPortExitCritical                        0x080025a5   Thumb Code    28  port.o(i.vPortExitCritical)
    vPortFree                                0x080025c5   Thumb Code    64  heap_4.o(i.vPortFree)
    vPortSetupTimerInterrupt                 0x0800260d   Thumb Code    26  port.o(i.vPortSetupTimerInterrupt)
    vTaskDelay                               0x0800262d   Thumb Code    46  tasks.o(i.vTaskDelay)
    vTaskDelete                              0x08002661   Thumb Code   166  tasks.o(i.vTaskDelete)
    vTaskMissedYield                         0x0800272d   Thumb Code     8  tasks.o(i.vTaskMissedYield)
    vTaskPlaceOnEventList                    0x08002739   Thumb Code    28  tasks.o(i.vTaskPlaceOnEventList)
    vTaskSetTimeOutState                     0x08002759   Thumb Code    14  tasks.o(i.vTaskSetTimeOutState)
    vTaskStartScheduler                      0x08002771   Thumb Code    72  tasks.o(i.vTaskStartScheduler)
    vTaskSuspendAll                          0x080027d5   Thumb Code    12  tasks.o(i.vTaskSuspendAll)
    vTaskSwitchContext                       0x080027e5   Thumb Code    76  tasks.o(i.vTaskSwitchContext)
    writeToFlash                             0x08002871   Thumb Code   176  rwflash.o(i.writeToFlash)
    xPortStartScheduler                      0x08002929   Thumb Code    42  port.o(i.xPortStartScheduler)
    xPortSysTickHandler                      0x0800295d   Thumb Code    46  port.o(i.xPortSysTickHandler)
    xQueueGenericCreate                      0x08002991   Thumb Code    56  queue.o(i.xQueueGenericCreate)
    xQueueGenericReceive                     0x080029c9   Thumb Code   312  queue.o(i.xQueueGenericReceive)
    xQueueGenericReset                       0x08002b05   Thumb Code   122  queue.o(i.xQueueGenericReset)
    xQueueGenericSend                        0x08002b85   Thumb Code   276  queue.o(i.xQueueGenericSend)
    xTaskCheckForTimeOut                     0x08002c9d   Thumb Code    84  tasks.o(i.xTaskCheckForTimeOut)
    xTaskCreate                              0x08002cf9   Thumb Code    96  tasks.o(i.xTaskCreate)
    xTaskGetSchedulerState                   0x08002d59   Thumb Code    24  tasks.o(i.xTaskGetSchedulerState)
    xTaskIncrementTick                       0x08002d79   Thumb Code   238  tasks.o(i.xTaskIncrementTick)
    xTaskRemoveFromEventList                 0x08002e95   Thumb Code   104  tasks.o(i.xTaskRemoveFromEventList)
    xTaskResumeAll                           0x08002f15   Thumb Code   196  tasks.o(i.xTaskResumeAll)
    __aeabi_fdiv                             0x08002ffd   Thumb Code     0  fdiv.o(x$fpl$fdiv)
    _fdiv                                    0x08002ffd   Thumb Code   384  fdiv.o(x$fpl$fdiv)
    __aeabi_f2iz                             0x08003181   Thumb Code     0  ffix.o(x$fpl$ffix)
    _ffix                                    0x08003181   Thumb Code    54  ffix.o(x$fpl$ffix)
    __aeabi_i2f                              0x080031b9   Thumb Code     0  fflt_clz.o(x$fpl$fflt)
    _fflt                                    0x080031b9   Thumb Code    48  fflt_clz.o(x$fpl$fflt)
    __aeabi_fmul                             0x080031e9   Thumb Code     0  fmul.o(x$fpl$fmul)
    _fmul                                    0x080031e9   Thumb Code   258  fmul.o(x$fpl$fmul)
    __fpl_fnaninf                            0x080032eb   Thumb Code   140  fnaninf.o(x$fpl$fnaninf)
    __fpl_fretinf                            0x08003377   Thumb Code    10  fretinf.o(x$fpl$fretinf)
    __I$use$fp                               0x08003380   Number         0  usenofp.o(x$fpl$usenofp)
    UserDataDescrip                          0x080033a8   Data        2000  runparame.o(.constdata)
    MAXNN                                    0x08003b78   Data          40  runpage.o(.constdata)
    Region$$Table$$Base                      0x08003ba0   Number         0  anon$$obj.o(Region$$Table)
    Region$$Table$$Limit                     0x08003bc0   Number         0  anon$$obj.o(Region$$Table)
    ComNoticeBinarySem_Handle                0x20000014   Data           4  main.o(.data)
    KeyNoticeBinarySem_Handle                0x20000018   Data           4  main.o(.data)
    SystemCoreClock                          0x2000001c   Data           4  system_stm32f10x.o(.data)
    AHBPrescTable                            0x20000020   Data          16  system_stm32f10x.o(.data)
    This_Dn                                  0x20000030   Data           4  runpage.o(.data)
    Len_Data                                 0x20000034   Data           1  runpage.o(.data)
    This_Dnn                                 0x20000035   Data           1  runpage.o(.data)
    This_Dnx                                 0x20000038   Data           4  runpage.o(.data)
    Smg0                                     0x2000004c   Data          30  tm1621.o(.data)
    Smg1                                     0x2000006a   Data          30  tm1621.o(.data)
    Smg2                                     0x20000088   Data          30  tm1621.o(.data)
    P_ADn                                    0x200000a8   Data           4  cs1237.o(.data)
    FADNew                                   0x200000ac   Data           4  cs1237.o(.data)
    Key1Information                          0x200000b0   Data           6  key.o(.data)
    Key2Information                          0x200000b6   Data           6  key.o(.data)
    pKey1Information                         0x200000bc   Data           4  key.o(.data)
    pKey2Information                         0x200000c0   Data           4  key.o(.data)
    Usart1Descrip                            0x200000c4   Data          52  usart.o(.data)
    pUsart1Inforemation                      0x200000f8   Data           4  usart.o(.data)
    systemTime                               0x200000fc   Data           8  delay.o(.data)
    pxCurrentTCB                             0x20000104   Data           4  tasks.o(.data)
    UserData                                 0x2000015c   Data         200  runparame.o(.bss)
    RTData                                   0x20000224   Data         200  runparame.o(.bss)
    Tab0                                     0x200002ec   Data          30  tm1621.o(.bss)
    ADn                                      0x2000030c   Data          80  cs1237.o(.bss)
    __libspace_start                         0x20004640   Data          96  libspace.o(.bss)
    __temporary_stack_top$libspace           0x200046a0   Data           0  libspace.o(.bss)



==============================================================================

Memory Map of the image

  Image Entry point : 0x080002a5

  Load Region LR_1 (Base: 0x08000000, Size: 0x00003d1c, Max: 0xffffffff, ABSOLUTE, COMPRESSED[0x00003c18])

    Execution Region ER_RO (Base: 0x08000000, Size: 0x00003bc0, Max: 0xffffffff, ABSOLUTE)

    Base Addr    Size         Type   Attr      Idx    E Section Name        Object

    0x08000000   0x00000130   Data   RO          771    RESET               startup_stm32f10x_hd.o
    0x08000130   0x00000008   Code   RO         2967  * !!!main             c_w.l(__main.o)
    0x08000138   0x00000034   Code   RO         3147    !!!scatter          c_w.l(__scatter.o)
    0x0800016c   0x0000005a   Code   RO         3145    !!dczerorl2         c_w.l(__dczerorl2.o)
    0x080001c6   0x00000002   PAD
    0x080001c8   0x0000001c   Code   RO         3149    !!handler_zi        c_w.l(__scatter_zi.o)
    0x080001e4   0x00000002   Code   RO         3015    .ARM.Collect$$libinit$$00000000  c_w.l(libinit.o)
    0x080001e6   0x00000000   Code   RO         3022    .ARM.Collect$$libinit$$00000002  c_w.l(libinit2.o)
    0x080001e6   0x00000000   Code   RO         3024    .ARM.Collect$$libinit$$00000004  c_w.l(libinit2.o)
    0x080001e6   0x00000000   Code   RO         3027    .ARM.Collect$$libinit$$0000000A  c_w.l(libinit2.o)
    0x080001e6   0x00000000   Code   RO         3029    .ARM.Collect$$libinit$$0000000C  c_w.l(libinit2.o)
    0x080001e6   0x00000000   Code   RO         3031    .ARM.Collect$$libinit$$0000000E  c_w.l(libinit2.o)
    0x080001e6   0x00000000   Code   RO         3034    .ARM.Collect$$libinit$$00000011  c_w.l(libinit2.o)
    0x080001e6   0x00000000   Code   RO         3036    .ARM.Collect$$libinit$$00000013  c_w.l(libinit2.o)
    0x080001e6   0x00000000   Code   RO         3038    .ARM.Collect$$libinit$$00000015  c_w.l(libinit2.o)
    0x080001e6   0x00000000   Code   RO         3040    .ARM.Collect$$libinit$$00000017  c_w.l(libinit2.o)
    0x080001e6   0x00000000   Code   RO         3042    .ARM.Collect$$libinit$$00000019  c_w.l(libinit2.o)
    0x080001e6   0x00000000   Code   RO         3044    .ARM.Collect$$libinit$$0000001B  c_w.l(libinit2.o)
    0x080001e6   0x00000000   Code   RO         3046    .ARM.Collect$$libinit$$0000001D  c_w.l(libinit2.o)
    0x080001e6   0x00000000   Code   RO         3048    .ARM.Collect$$libinit$$0000001F  c_w.l(libinit2.o)
    0x080001e6   0x00000000   Code   RO         3050    .ARM.Collect$$libinit$$00000021  c_w.l(libinit2.o)
    0x080001e6   0x00000000   Code   RO         3052    .ARM.Collect$$libinit$$00000023  c_w.l(libinit2.o)
    0x080001e6   0x00000000   Code   RO         3054    .ARM.Collect$$libinit$$00000025  c_w.l(libinit2.o)
    0x080001e6   0x00000000   Code   RO         3058    .ARM.Collect$$libinit$$0000002C  c_w.l(libinit2.o)
    0x080001e6   0x00000000   Code   RO         3060    .ARM.Collect$$libinit$$0000002E  c_w.l(libinit2.o)
    0x080001e6   0x00000000   Code   RO         3062    .ARM.Collect$$libinit$$00000030  c_w.l(libinit2.o)
    0x080001e6   0x00000000   Code   RO         3064    .ARM.Collect$$libinit$$00000032  c_w.l(libinit2.o)
    0x080001e6   0x00000002   Code   RO         3065    .ARM.Collect$$libinit$$00000033  c_w.l(libinit2.o)
    0x080001e8   0x00000002   Code   RO         3085    .ARM.Collect$$libshutdown$$00000000  c_w.l(libshutdown.o)
    0x080001ea   0x00000000   Code   RO         3098    .ARM.Collect$$libshutdown$$00000002  c_w.l(libshutdown2.o)
    0x080001ea   0x00000000   Code   RO         3100    .ARM.Collect$$libshutdown$$00000004  c_w.l(libshutdown2.o)
    0x080001ea   0x00000000   Code   RO         3103    .ARM.Collect$$libshutdown$$00000007  c_w.l(libshutdown2.o)
    0x080001ea   0x00000000   Code   RO         3106    .ARM.Collect$$libshutdown$$0000000A  c_w.l(libshutdown2.o)
    0x080001ea   0x00000000   Code   RO         3108    .ARM.Collect$$libshutdown$$0000000C  c_w.l(libshutdown2.o)
    0x080001ea   0x00000000   Code   RO         3111    .ARM.Collect$$libshutdown$$0000000F  c_w.l(libshutdown2.o)
    0x080001ea   0x00000002   Code   RO         3112    .ARM.Collect$$libshutdown$$00000010  c_w.l(libshutdown2.o)
    0x080001ec   0x00000000   Code   RO         2985    .ARM.Collect$$rtentry$$00000000  c_w.l(__rtentry.o)
    0x080001ec   0x00000000   Code   RO         2992    .ARM.Collect$$rtentry$$00000002  c_w.l(__rtentry2.o)
    0x080001ec   0x00000006   Code   RO         3004    .ARM.Collect$$rtentry$$00000004  c_w.l(__rtentry4.o)
    0x080001f2   0x00000000   Code   RO         2994    .ARM.Collect$$rtentry$$00000009  c_w.l(__rtentry2.o)
    0x080001f2   0x00000004   Code   RO         2995    .ARM.Collect$$rtentry$$0000000A  c_w.l(__rtentry2.o)
    0x080001f6   0x00000000   Code   RO         2997    .ARM.Collect$$rtentry$$0000000C  c_w.l(__rtentry2.o)
    0x080001f6   0x00000008   Code   RO         2998    .ARM.Collect$$rtentry$$0000000D  c_w.l(__rtentry2.o)
    0x080001fe   0x00000002   Code   RO         3019    .ARM.Collect$$rtexit$$00000000  c_w.l(rtexit.o)
    0x08000200   0x00000000   Code   RO         3067    .ARM.Collect$$rtexit$$00000002  c_w.l(rtexit2.o)
    0x08000200   0x00000004   Code   RO         3068    .ARM.Collect$$rtexit$$00000003  c_w.l(rtexit2.o)
    0x08000204   0x00000006   Code   RO         3069    .ARM.Collect$$rtexit$$00000004  c_w.l(rtexit2.o)
    0x0800020a   0x00000002   PAD
    0x0800020c   0x00000096   Code   RO         2888    .emb_text           port.o
    0x080002a2   0x00000002   PAD
    0x080002a4   0x00000040   Code   RO          772  * .text               startup_stm32f10x_hd.o
    0x080002e4   0x0000008a   Code   RO         2961    .text               c_w.l(rt_memcpy_v6.o)
    0x0800036e   0x00000064   Code   RO         2963    .text               c_w.l(rt_memcpy_w.o)
    0x080003d2   0x00000006   Code   RO         2965    .text               c_w.l(heapauxi.o)
    0x080003d8   0x0000004a   Code   RO         3006    .text               c_w.l(sys_stackheap_outer.o)
    0x08000422   0x00000012   Code   RO         3008    .text               c_w.l(exit.o)
    0x08000434   0x00000008   Code   RO         3016    .text               c_w.l(libspace.o)
    0x0800043c   0x0000000c   Code   RO         3077    .text               c_w.l(sys_exit.o)
    0x08000448   0x00000002   Code   RO         3088    .text               c_w.l(use_no_semi.o)
    0x0800044a   0x00000000   Code   RO         3090    .text               c_w.l(indicate_semi.o)
    0x0800044a   0x00000002   PAD
    0x0800044c   0x000000ec   Code   RO            1    i.AppTaskCreate     main.o
    0x08000538   0x0000000c   Code   RO         1335    i.BKP_ITConfig      stm32f10x_bkp.o
    0x08000544   0x0000000c   Code   RO         1339    i.BKP_TamperPinCmd  stm32f10x_bkp.o
    0x08000550   0x00000064   Code   RO            2    i.BSP_Init          main.o
    0x080005b4   0x00000004   Code   RO          195    i.BusFault_Handler  stm32f10x_it.o
    0x080005b8   0x0000007c   Code   RO          387    i.CRC16_MODBUS      mycomprocess.o
    0x08000634   0x00000034   Code   RO          346    i.ComDeal_Task      app.o
    0x08000668   0x00000016   Code   RO          625    i.DMA1_Channel4_IRQHandler  bsp_dma.o
    0x0800067e   0x00000016   Code   RO          626    i.DMA1_Channel5_IRQHandler  bsp_dma.o
    0x08000694   0x0000001c   Code   RO         1642    i.DMA_ClearFlag     stm32f10x_dma.o
    0x080006b0   0x0000001c   Code   RO         1643    i.DMA_ClearITPendingBit  stm32f10x_dma.o
    0x080006cc   0x00000018   Code   RO         1644    i.DMA_Cmd           stm32f10x_dma.o
    0x080006e4   0x00000008   Code   RO         1646    i.DMA_GetCurrDataCounter  stm32f10x_dma.o
    0x080006ec   0x0000002c   Code   RO         1648    i.DMA_GetITStatus   stm32f10x_dma.o
    0x08000718   0x00000020   Code   RO          627    i.DMA_RX_Enable     bsp_dma.o
    0x08000738   0x00000004   Code   RO         1651    i.DMA_SetCurrDataCounter  stm32f10x_dma.o
    0x0800073c   0x0000001a   Code   RO          628    i.DMA_TX_Enable     bsp_dma.o
    0x08000756   0x0000000e   Code   RO          347    i.DealData_Task     app.o
    0x08000764   0x00000002   Code   RO          196    i.DebugMon_Handler  stm32f10x_it.o
    0x08000766   0x0000001e   Code   RO          501    i.Delayus           cs1237.o
    0x08000784   0x0000016c   Code   RO          428    i.Display1621       tm1621.o
    0x080008f0   0x000000f4   Code   RO          429    i.DisplayNum        tm1621.o
    0x080009e4   0x0000000c   Code   RO         1468    i.FLASH_ClearFlag   stm32f10x_flash.o
    0x080009f0   0x0000004c   Code   RO         1473    i.FLASH_ErasePage   stm32f10x_flash.o
    0x08000a3c   0x00000034   Code   RO         1474    i.FLASH_GetBank1Status  stm32f10x_flash.o
    0x08000a70   0x00000014   Code   RO         1483    i.FLASH_Lock        stm32f10x_flash.o
    0x08000a84   0x0000006c   Code   RO         1488    i.FLASH_ProgramWord  stm32f10x_flash.o
    0x08000af0   0x00000018   Code   RO         1491    i.FLASH_Unlock      stm32f10x_flash.o
    0x08000b08   0x00000026   Code   RO         1495    i.FLASH_WaitForLastOperation  stm32f10x_flash.o
    0x08000b2e   0x00000116   Code   RO          818    i.GPIO_Init         stm32f10x_gpio.o
    0x08000c44   0x00000090   Code   RO          820    i.GPIO_PinRemapConfig  stm32f10x_gpio.o
    0x08000cd4   0x00000012   Code   RO          822    i.GPIO_ReadInputDataBit  stm32f10x_gpio.o
    0x08000ce6   0x00000004   Code   RO          825    i.GPIO_ResetBits    stm32f10x_gpio.o
    0x08000cea   0x00000004   Code   RO          826    i.GPIO_SetBits      stm32f10x_gpio.o
    0x08000cee   0x00000004   Code   RO          197    i.HardFault_Handler  stm32f10x_it.o
    0x08000cf2   0x00000002   PAD
    0x08000cf4   0x00000194   Code   RO          502    i.Ini_AD            cs1237.o
    0x08000e88   0x0000003a   Code   RO          388    i.InvertUint16      mycomprocess.o
    0x08000ec2   0x0000003a   Code   RO          389    i.InvertUint8       mycomprocess.o
    0x08000efc   0x0000003c   Code   RO          348    i.KeyDeal_Task      app.o
    0x08000f38   0x0000002c   Code   RO          571    i.KeyInit           key.o
    0x08000f64   0x00000068   Code   RO          721    i.MYRCC_DeInit      sys.o
    0x08000fcc   0x00000014   Code   RO          722    i.MY_NVIC_SetVectorTable  sys.o
    0x08000fe0   0x00000004   Code   RO          198    i.MemManage_Handler  stm32f10x_it.o
    0x08000fe4   0x00000002   Code   RO          199    i.NMI_Handler       stm32f10x_it.o
    0x08000fe6   0x00000002   PAD
    0x08000fe8   0x00000014   Code   RO          777    i.NVIC_PriorityGroupConfig  misc.o
    0x08000ffc   0x00000330   Code   RO          313    i.Num_Input         runpage.o
    0x0800132c   0x0000000c   Code   RO         1408    i.PWR_BackupAccessCmd  stm32f10x_pwr.o
    0x08001338   0x00000020   Code   RO          954    i.RCC_APB2PeriphClockCmd  stm32f10x_rcc.o
    0x08001358   0x00000034   Code   RO          970    i.RCC_LSEConfig     stm32f10x_rcc.o
    0x0800138c   0x0000019c   Code   RO          503    i.Read_AD           cs1237.o
    0x08001528   0x0000010c   Code   RO          349    i.RunPage_Task      app.o
    0x08001634   0x00000008   Code   RO          266    i.SetSysClock       system_stm32f10x.o
    0x0800163c   0x000000dc   Code   RO          267    i.SetSysClockTo36   system_stm32f10x.o
    0x08001718   0x00000084   Code   RO          670    i.Stm32_Clock_Init  delay.o
    0x0800179c   0x00000020   Code   RO          671    i.SysTick_Handler   delay.o
    0x080017bc   0x00000060   Code   RO          269    i.SystemInit        system_stm32f10x.o
    0x0800181c   0x000000a0   Code   RO          430    i.TM1621_Gpio_Init  tm1621.o
    0x080018bc   0x00000050   Code   RO          431    i.TM1621_init       tm1621.o
    0x0800190c   0x00000084   Code   RO          600    i.USART1_IRQHandler  usart.o
    0x08001990   0x00000054   Code   RO         1158    i.USART_GetITStatus  stm32f10x_usart.o
    0x080019e4   0x00000004   Code   RO          200    i.UsageFault_Handler  stm32f10x_it.o
    0x080019e8   0x00000028   Code   RO          672    i.WT                delay.o
    0x08001a10   0x00000044   Code   RO          432    i.WriteAllData      tm1621.o
    0x08001a54   0x00000030   Code   RO          433    i.WriteCmd          tm1621.o
    0x08001a84   0x0000003c   Code   RO          434    i.WriteOneData      tm1621.o
    0x08001ac0   0x00000050   Code   RO          435    i.Write_Data_H      tm1621.o
    0x08001b10   0x0000004c   Code   RO          436    i.Write_Data_L      tm1621.o
    0x08001b5c   0x00000044   Code   RO          504    i.adGPIOInit        cs1237.o
    0x08001ba0   0x0000001c   Code   RO          505    i.adIn              cs1237.o
    0x08001bbc   0x0000001c   Code   RO          506    i.adOut             cs1237.o
    0x08001bd8   0x00000030   Code   RO          673    i.delay_init        delay.o
    0x08001c08   0x00000030   Code   RO          674    i.delay_ms          delay.o
    0x08001c38   0x0000001a   Code   RO          437    i.delay_nms         tm1621.o
    0x08001c52   0x00000002   PAD
    0x08001c54   0x000000a0   Code   RO          572    i.keyStaticDetect   key.o
    0x08001cf4   0x00000050   Code   RO            3    i.main              main.o
    0x08001d44   0x00000070   Code   RO          391    i.modbusDeal        mycomprocess.o
    0x08001db4   0x00000098   Code   RO         2545    i.prvAddCurrentTaskToDelayedList  tasks.o
    0x08001e4c   0x000000b4   Code   RO         2546    i.prvAddNewTaskToReadyList  tasks.o
    0x08001f00   0x00000064   Code   RO         2547    i.prvCheckTasksWaitingTermination  tasks.o
    0x08001f64   0x0000002a   Code   RO         2400    i.prvCopyDataFromQueue  queue.o
    0x08001f8e   0x0000006a   Code   RO         2401    i.prvCopyDataToQueue  queue.o
    0x08001ff8   0x00000012   Code   RO         2548    i.prvDeleteTCB      tasks.o
    0x0800200a   0x00000002   PAD
    0x0800200c   0x0000007c   Code   RO         2839    i.prvHeapInit       heap_4.o
    0x08002088   0x00000028   Code   RO         2549    i.prvIdleTask       tasks.o
    0x080020b0   0x00000026   Code   RO         2402    i.prvInitialiseNewQueue  queue.o
    0x080020d6   0x00000080   Code   RO         2550    i.prvInitialiseNewTask  tasks.o
    0x08002156   0x00000002   PAD
    0x08002158   0x00000068   Code   RO         2551    i.prvInitialiseTaskLists  tasks.o
    0x080021c0   0x00000068   Code   RO         2840    i.prvInsertBlockIntoFreeList  heap_4.o
    0x08002228   0x0000001a   Code   RO         2403    i.prvIsQueueEmpty   queue.o
    0x08002242   0x0000001e   Code   RO         2404    i.prvIsQueueFull    queue.o
    0x08002260   0x00000034   Code   RO         2552    i.prvResetNextTaskUnblockTime  tasks.o
    0x08002294   0x00000016   Code   RO         2889    i.prvTaskExitError  port.o
    0x080022aa   0x0000007e   Code   RO         2405    i.prvUnlockQueue    queue.o
    0x08002328   0x000000d0   Code   RO         2841    i.pvPortMalloc      heap_4.o
    0x080023f8   0x00000024   Code   RO         2890    i.pxPortInitialiseStack  port.o
    0x0800241c   0x000000d0   Code   RO          548    i.readFromFlash     rwflash.o
    0x080024ec   0x00000028   Code   RO         2363    i.uxListRemove      list.o
    0x08002514   0x0000001a   Code   RO         2364    i.vListInitialise   list.o
    0x0800252e   0x00000006   Code   RO         2365    i.vListInitialiseItem  list.o
    0x08002534   0x00000034   Code   RO         2366    i.vListInsert       list.o
    0x08002568   0x00000018   Code   RO         2367    i.vListInsertEnd    list.o
    0x08002580   0x00000024   Code   RO         2892    i.vPortEnterCritical  port.o
    0x080025a4   0x00000020   Code   RO         2893    i.vPortExitCritical  port.o
    0x080025c4   0x00000048   Code   RO         2842    i.vPortFree         heap_4.o
    0x0800260c   0x00000020   Code   RO         2894    i.vPortSetupTimerInterrupt  port.o
    0x0800262c   0x00000034   Code   RO         2559    i.vTaskDelay        tasks.o
    0x08002660   0x000000cc   Code   RO         2561    i.vTaskDelete       tasks.o
    0x0800272c   0x0000000c   Code   RO         2563    i.vTaskMissedYield  tasks.o
    0x08002738   0x00000020   Code   RO         2565    i.vTaskPlaceOnEventList  tasks.o
    0x08002758   0x00000018   Code   RO         2569    i.vTaskSetTimeOutState  tasks.o
    0x08002770   0x00000064   Code   RO         2570    i.vTaskStartScheduler  tasks.o
    0x080027d4   0x00000010   Code   RO         2572    i.vTaskSuspendAll   tasks.o
    0x080027e4   0x00000060   Code   RO         2573    i.vTaskSwitchContext  tasks.o
    0x08002844   0x0000002c   Code   RO          573    i.whichKeyInput     key.o
    0x08002870   0x000000b8   Code   RO          549    i.writeToFlash      rwflash.o
    0x08002928   0x00000034   Code   RO         2895    i.xPortStartScheduler  port.o
    0x0800295c   0x00000034   Code   RO         2896    i.xPortSysTickHandler  port.o
    0x08002990   0x00000038   Code   RO         2412    i.xQueueGenericCreate  queue.o
    0x080029c8   0x0000013c   Code   RO         2413    i.xQueueGenericReceive  queue.o
    0x08002b04   0x00000080   Code   RO         2414    i.xQueueGenericReset  queue.o
    0x08002b84   0x00000118   Code   RO         2415    i.xQueueGenericSend  queue.o
    0x08002c9c   0x0000005c   Code   RO         2574    i.xTaskCheckForTimeOut  tasks.o
    0x08002cf8   0x00000060   Code   RO         2575    i.xTaskCreate       tasks.o
    0x08002d58   0x00000020   Code   RO         2578    i.xTaskGetSchedulerState  tasks.o
    0x08002d78   0x0000011c   Code   RO         2581    i.xTaskIncrementTick  tasks.o
    0x08002e94   0x00000080   Code   RO         2584    i.xTaskRemoveFromEventList  tasks.o
    0x08002f14   0x000000e8   Code   RO         2586    i.xTaskResumeAll    tasks.o
    0x08002ffc   0x00000184   Code   RO         2970    x$fpl$fdiv          fz_ws.l(fdiv.o)
    0x08003180   0x00000036   Code   RO         2973    x$fpl$ffix          fz_ws.l(ffix.o)
    0x080031b6   0x00000002   PAD
    0x080031b8   0x00000030   Code   RO         2978    x$fpl$fflt          fz_ws.l(fflt_clz.o)
    0x080031e8   0x00000102   Code   RO         2983    x$fpl$fmul          fz_ws.l(fmul.o)
    0x080032ea   0x0000008c   Code   RO         2986    x$fpl$fnaninf       fz_ws.l(fnaninf.o)
    0x08003376   0x0000000a   Code   RO         2988    x$fpl$fretinf       fz_ws.l(fretinf.o)
    0x08003380   0x00000000   Code   RO         2990    x$fpl$usenofp       fz_ws.l(usenofp.o)
    0x08003380   0x00000026   Data   RO            5    .constdata          main.o
    0x080033a6   0x00000002   PAD
    0x080033a8   0x000007d0   Data   RO          301    .constdata          runparame.o
    0x08003b78   0x00000028   Data   RO          315    .constdata          runpage.o
    0x08003ba0   0x00000020   Data   RO         3143    Region$$Table       anon$$obj.o


    Execution Region ER_RW (Base: 0x20000000, Size: 0x0000015c, Max: 0xffffffff, ABSOLUTE, COMPRESSED[0x00000058])

    Base Addr    Size         Type   Attr      Idx    E Section Name        Object

    0x20000000   0x0000001c   Data   RW            6    .data               main.o
    0x2000001c   0x00000014   Data   RW          270    .data               system_stm32f10x.o
    0x20000030   0x0000001c   Data   RW          316    .data               runpage.o
    0x2000004c   0x0000005a   Data   RW          439    .data               tm1621.o
    0x200000a6   0x00000002   PAD
    0x200000a8   0x00000008   Data   RW          508    .data               cs1237.o
    0x200000b0   0x00000014   Data   RW          574    .data               key.o
    0x200000c4   0x00000038   Data   RW          602    .data               usart.o
    0x200000fc   0x00000008   Data   RW          676    .data               delay.o
    0x20000104   0x0000003c   Data   RW         2589    .data               tasks.o
    0x20000140   0x00000018   Data   RW         2847    .data               heap_4.o
    0x20000158   0x00000004   Data   RW         2897    .data               port.o


    Execution Region ER_ZI (Base: 0x2000015c, Size: 0x00004b44, Max: 0xffffffff, ABSOLUTE)

    Base Addr    Size         Type   Attr      Idx    E Section Name        Object

    0x2000015c   0x00000190   Zero   RW          300    .bss                runparame.o
    0x200002ec   0x0000001e   Zero   RW          438    .bss                tm1621.o
    0x2000030a   0x00000002   PAD
    0x2000030c   0x00000050   Zero   RW          507    .bss                cs1237.o
    0x2000035c   0x000002e4   Zero   RW         2588    .bss                tasks.o
    0x20000640   0x00004000   Zero   RW         2846    .bss                heap_4.o
    0x20004640   0x00000060   Zero   RW         3017    .bss                c_w.l(libspace.o)
    0x200046a0   0x00000200   Zero   RW          770    HEAP                startup_stm32f10x_hd.o
    0x200048a0   0x00000400   Zero   RW          769    STACK               startup_stm32f10x_hd.o


==============================================================================

Image component sizes


      Code (inc. data)   RO Data    RW Data    ZI Data      Debug   Object Name

       394         72          0          0          0       2759   app.o
       102          0          0          0          0       2290   bsp_dma.o
       970         48          0          8         80       3840   cs1237.o
       300         32          0          8          0       3271   delay.o
         0          0          0          0          0       9236   event_groups.o
       508         62          0         24      16384       3607   heap_4.o
       248         22          0         20          0       2792   key.o
       148          0          0          0          0       2934   list.o
       416        144         38         28          0     262142   main.o
        20         10          0          0          0        487   misc.o
       352          6          0          0          0       2581   mycomprocess.o
       412         50          0          4          0       8656   port.o
      1148         14          0          0          0       8934   queue.o
       816         58         40         28          0       2255   runpage.o
         0          0       2000          0        400       1182   runparame.o
       392         18          0          0          0       1795   rwflash.o
        64         26        304          0       1536        780   startup_stm32f10x_hd.o
        24         12          0          0          0        950   stm32f10x_bkp.o
       136         28          0          0          0       4762   stm32f10x_dma.o
       330         38          0          0          0       5176   stm32f10x_flash.o
       448          6          0          0          0       4350   stm32f10x_gpio.o
        20          0          0          0          0       2329   stm32f10x_it.o
        12          6          0          0          0        486   stm32f10x_pwr.o
        84         12          0          0          0       1045   stm32f10x_rcc.o
        84          0          0          0          0       2136   stm32f10x_usart.o
       124         22          0          0          0        992   sys.o
       324         28          0         20          0       1957   system_stm32f10x.o
      2174        360          0         60        740      24752   tasks.o
      1206         98          0         90         30       6649   tm1621.o
       132         16          0         56          0       1748   usart.o

    ----------------------------------------------------------------------
     11400       1188       2416        348      19172     376873   Object Totals
         0          0         32          0          0          0   (incl. Generated)
        12          0          2          2          2          0   (incl. Padding)

    ----------------------------------------------------------------------

      Code (inc. data)   RO Data    RW Data    ZI Data      Debug   Library Member Name

        90          0          0          0          0          0   __dczerorl2.o
         8          0          0          0          0         68   __main.o
         0          0          0          0          0          0   __rtentry.o
        12          0          0          0          0          0   __rtentry2.o
         6          0          0          0          0          0   __rtentry4.o
        52          8          0          0          0          0   __scatter.o
        28          0          0          0          0          0   __scatter_zi.o
        18          0          0          0          0         80   exit.o
         6          0          0          0          0        152   heapauxi.o
         0          0          0          0          0          0   indicate_semi.o
         2          0          0          0          0          0   libinit.o
         2          0          0          0          0          0   libinit2.o
         2          0          0          0          0          0   libshutdown.o
         2          0          0          0          0          0   libshutdown2.o
         8          4          0          0         96         68   libspace.o
       138          0          0          0          0         68   rt_memcpy_v6.o
       100          0          0          0          0         80   rt_memcpy_w.o
         2          0          0          0          0          0   rtexit.o
        10          0          0          0          0          0   rtexit2.o
        12          4          0          0          0         68   sys_exit.o
        74          0          0          0          0         80   sys_stackheap_outer.o
         2          0          0          0          0         68   use_no_semi.o
       388         76          0          0          0         96   fdiv.o
        54          4          0          0          0         84   ffix.o
        48          0          0          0          0         68   fflt_clz.o
       258          4          0          0          0         84   fmul.o
       140          4          0          0          0         84   fnaninf.o
        10          0          0          0          0         68   fretinf.o
         0          0          0          0          0          0   usenofp.o

    ----------------------------------------------------------------------
      1480        104          0          0         96       1216   Library Totals
         8          0          0          0          0          0   (incl. Padding)

    ----------------------------------------------------------------------

      Code (inc. data)   RO Data    RW Data    ZI Data      Debug   Library Name

       574         16          0          0         96        732   c_w.l
       898         88          0          0          0        484   fz_ws.l

    ----------------------------------------------------------------------
      1480        104          0          0         96       1216   Library Totals

    ----------------------------------------------------------------------

==============================================================================


      Code (inc. data)   RO Data    RW Data    ZI Data      Debug   

     12880       1292       2416        348      19268     371065   Grand Totals
     12880       1292       2416         88      19268     371065   ELF Image Totals (compressed)
     12880       1292       2416         88          0          0   ROM Totals

==============================================================================

    Total RO  Size (Code + RO Data)                15296 (  14.94kB)
    Total RW  Size (RW Data + ZI Data)             19616 (  19.16kB)
    Total ROM Size (Code + RO Data + RW Data)      15384 (  15.02kB)

==============================================================================

